Copyright 1986-2022 Xilinx, Inc. All Rights Reserved.
------------------------------------------------------------------------------------
| Tool Version : Vivado v.2022.1 (win64) Build 3526262 Mon Apr 18 15:48:16 MDT 2022
| Date         : Fri Jul 21 22:55:22 2023
| Host         : DESKTOP-U9NB2CD running 64-bit major release  (build 9200)
| Command      : report_control_sets -verbose -file top_control_sets_placed.rpt
| Design       : top
| Device       : xc7a35t
------------------------------------------------------------------------------------

Control Set Information

Table of Contents
-----------------
1. Summary
2. Histogram
3. Flip-Flop Distribution
4. Detailed Control Set Information

1. Summary
----------

+----------------------------------------------------------+-------+
|                          Status                          | Count |
+----------------------------------------------------------+-------+
| Total control sets                                       |   183 |
|    Minimum number of control sets                        |   183 |
|    Addition due to synthesis replication                 |     0 |
|    Addition due to physical synthesis replication        |     0 |
| Unused register locations in slices containing registers |   389 |
+----------------------------------------------------------+-------+
* Control sets can be merged at opt_design using control_set_merge or merge_equivalent_drivers
** Run report_qor_suggestions for automated merging and remapping suggestions


2. Histogram
------------

+--------------------+-------+
|       Fanout       | Count |
+--------------------+-------+
| Total control sets |   183 |
| >= 0 to < 4        |    22 |
| >= 4 to < 6        |    17 |
| >= 6 to < 8        |     7 |
| >= 8 to < 10       |    21 |
| >= 10 to < 12      |     9 |
| >= 12 to < 14      |     3 |
| >= 14 to < 16      |     3 |
| >= 16              |   101 |
+--------------------+-------+
* Control sets can be remapped at either synth_design or opt_design


3. Flip-Flop Distribution
-------------------------

+--------------+-----------------------+------------------------+-----------------+--------------+
| Clock Enable | Synchronous Set/Reset | Asynchronous Set/Reset | Total Registers | Total Slices |
+--------------+-----------------------+------------------------+-----------------+--------------+
| No           | No                    | No                     |             987 |          342 |
| No           | No                    | Yes                    |              37 |           19 |
| No           | Yes                   | No                     |            7868 |         1936 |
| Yes          | No                    | No                     |             161 |           54 |
| Yes          | No                    | Yes                    |               0 |            0 |
| Yes          | Yes                   | No                     |            1694 |          582 |
+--------------+-----------------------+------------------------+-----------------+--------------+


4. Detailed Control Set Information
-----------------------------------

+------------------------------------------------------------------------------------------------------------------+---------------------------------------------------------------------------------------------------------------------------------------------+--------------------------------------------------------------------------------------------------------------------------------------------+------------------+----------------+--------------+
|                                                   Clock Signal                                                   |                                                                Enable Signal                                                                |                                                              Set/Reset Signal                                                              | Slice Load Count | Bel Load Count | Bels / Slice |
+------------------------------------------------------------------------------------------------------------------+---------------------------------------------------------------------------------------------------------------------------------------------+--------------------------------------------------------------------------------------------------------------------------------------------+------------------+----------------+--------------+
|  image_processor/DMUX_Inst/pixel_pulse_reg[7]_i_2_n_0                                                            |                                                                                                                                             |                                                                                                                                            |                1 |              1 |         1.00 |
|  image_processor/DMUX_Inst/pixel_pulse_reg[14]_i_2_n_0                                                           |                                                                                                                                             |                                                                                                                                            |                1 |              1 |         1.00 |
|  image_processor/DMUX_Inst/pixel_pulse_reg[13]_i_2_n_0                                                           |                                                                                                                                             |                                                                                                                                            |                1 |              1 |         1.00 |
|  image_processor/DMUX_Inst/pixel_pulse_reg[4]_i_2_n_0                                                            |                                                                                                                                             |                                                                                                                                            |                1 |              1 |         1.00 |
|  image_processor/DMUX_Inst/pixel_pulse_reg[5]_i_2_n_0                                                            |                                                                                                                                             |                                                                                                                                            |                1 |              1 |         1.00 |
|  image_processor/DMUX_Inst/pixel_pulse_reg[6]_i_2_n_0                                                            |                                                                                                                                             |                                                                                                                                            |                1 |              1 |         1.00 |
|  image_processor/DMUX_Inst/pixel_pulse_reg[12]_i_2_n_0                                                           |                                                                                                                                             |                                                                                                                                            |                1 |              1 |         1.00 |
|  image_processor/DMUX_Inst/pixel_pulse_reg[9]_i_2_n_0                                                            |                                                                                                                                             |                                                                                                                                            |                1 |              1 |         1.00 |
|  image_processor/DMUX_Inst/pixel_pulse_reg[1]_i_2_n_0                                                            |                                                                                                                                             |                                                                                                                                            |                1 |              1 |         1.00 |
|  image_processor/DMUX_Inst/pixel_pulse_reg[10]_i_2_n_0                                                           |                                                                                                                                             |                                                                                                                                            |                1 |              1 |         1.00 |
|  image_processor/DMUX_Inst/pixel_pulse_reg[2]_i_2_n_0                                                            |                                                                                                                                             |                                                                                                                                            |                1 |              1 |         1.00 |
|  image_processor/DMUX_Inst/pixel_pulse_reg[0]_i_2_n_0                                                            |                                                                                                                                             |                                                                                                                                            |                1 |              1 |         1.00 |
|  image_processor/DMUX_Inst/pixel_pulse_reg[3]_i_2_n_0                                                            |                                                                                                                                             |                                                                                                                                            |                1 |              1 |         1.00 |
|  image_processor/DMUX_Inst/pixel_pulse_reg[8]_i_2_n_0                                                            |                                                                                                                                             |                                                                                                                                            |                1 |              1 |         1.00 |
|  image_processor/DMUX_Inst/pixel_pulse_reg[11]_i_2_n_0                                                           |                                                                                                                                             |                                                                                                                                            |                1 |              1 |         1.00 |
|  clk_refm0/inst/clk_out1                                                                                         |                                                                                                                                             | dvi2rgb_m0/TMDS_ClockingX/RdyLostReset/SyncAsyncx/oSyncStages[1]                                                                           |                1 |              1 |         1.00 |
|  pixel_sync_inst/counter_CE__0                                                                                   |                                                                                                                                             | image_processor/ISPCore_inst[13].u_ISPCore/RGB2HSV_Core_Inst/calculate_h_inst/SR[0]                                                        |                1 |              2 |         2.00 |
|  clk_refm0/inst/clk_out1                                                                                         |                                                                                                                                             | dvi2rgb_m0/TMDS_ClockingX/LockLostReset/SyncAsyncx/oSyncStages[1]                                                                          |                1 |              2 |         2.00 |
|  clk_refm0/inst/clk_out1                                                                                         |                                                                                                                                             | dvi2rgb_m0/TMDS_ClockingX/RdyLostReset/aRst_int                                                                                            |                1 |              2 |         2.00 |
|  pixel_sync_inst/CLK                                                                                             |                                                                                                                                             | rgb2dvi_m0/ClockGenInternal.ClockGenX/in0                                                                                                  |                1 |              2 |         2.00 |
|  dvi2rgb_m0/TMDS_ClockingX/PixelClk_int                                                                          |                                                                                                                                             | dvi2rgb_m0/TMDS_ClockingX/in0                                                                                                              |                1 |              2 |         2.00 |
|  clk_refm0/inst/clk_out1                                                                                         |                                                                                                                                             | image_processor/ISPCore_inst[13].u_ISPCore/RGB2HSV_Core_Inst/calculate_h_inst/SR[0]                                                        |                2 |              3 |         1.50 |
|  image_processor/ISPCore_inst[2].u_ISPCore/RGB2HSV_Core_Inst/pixel_flow_controller_inst/pixel_ready_hsv_reg_0[0] |                                                                                                                                             |                                                                                                                                            |                1 |              4 |         4.00 |
|  clk_refm0/inst/clk_out1                                                                                         | dvi2rgb_m0/GenerateDDC.DDC_EEPROM/I2C_SlaveController/GlitchF_SCL/Filter.cntPeriods[3]_i_2__0_n_0                                           | dvi2rgb_m0/GenerateDDC.DDC_EEPROM/I2C_SlaveController/SyncSCL/SS[0]                                                                        |                2 |              4 |         2.00 |
|  clk_refm0/inst/clk_out1                                                                                         | dvi2rgb_m0/GenerateDDC.DDC_EEPROM/I2C_SlaveController/GlitchF_SDA/Filter.cntPeriods[3]_i_2_n_0                                              | dvi2rgb_m0/GenerateDDC.DDC_EEPROM/I2C_SlaveController/SyncSDA/SS[0]                                                                        |                1 |              4 |         4.00 |
|  clk_refm0/inst/clk_out1                                                                                         | dvi2rgb_m0/GenerateDDC.DDC_EEPROM/I2C_SlaveController/END_O_reg_0                                                                           |                                                                                                                                            |                2 |              4 |         2.00 |
|  pixel_sync_inst/CLK                                                                                             |                                                                                                                                             | rgb2dvi_m0/ClockGenInternal.ClockGenX/LockLostReset/SyncAsyncx/oSyncStages[1]                                                              |                1 |              4 |         4.00 |
|  dvi2rgb_m0/GenerateBUFG.ResyncToBUFG_X/PixelClkOut                                                              |                                                                                                                                             | image_processor/rgb_input_fifo/U0/inst_fifo_gen/gconvfifo.rf/grf.rf/rstblk/SR[0]                                                           |                2 |              4 |         2.00 |
|  DMUX_Inst/green_light                                                                                           |                                                                                                                                             | image_processor/ISPCore_inst[13].u_ISPCore/RGB2HSV_Core_Inst/calculate_h_inst/SR[0]                                                        |                1 |              4 |         4.00 |
|  dvi2rgb_m0/GenerateBUFG.ResyncToBUFG_X/PixelClkOut                                                              |                                                                                                                                             | image_processor/rgb_output_fifo/U0/inst_fifo_gen/gconvfifo.rf/grf.rf/rstblk/SR[0]                                                          |                2 |              4 |         2.00 |
|  pixel_sync_inst/CE__0                                                                                           |                                                                                                                                             |                                                                                                                                            |                2 |              4 |         2.00 |
|  dvi2rgb_m0/TMDS_ClockingX/PixelClk_int                                                                          | dvi2rgb_m0/DataDecoders[1].DecoderX/PhaseAlignX/pCenterTap[5]_i_1_n_0                                                                       |                                                                                                                                            |                2 |              5 |         2.50 |
|  dvi2rgb_m0/TMDS_ClockingX/PixelClk_int                                                                          | dvi2rgb_m0/DataDecoders[2].DecoderX/PhaseAlignX/pEyeOpenEn                                                                                  | dvi2rgb_m0/DataDecoders[2].DecoderX/PhaseAlignX/pEyeOpenRst                                                                                |                3 |              5 |         1.67 |
|  pixel_sync_inst/CLK                                                                                             |                                                                                                                                             | rgb2dvi_m0/DataEncoders[0].DataEncoder/cnt_t_3[4]_i_1_n_0                                                                                  |                4 |              5 |         1.25 |
|  dvi2rgb_m0/TMDS_ClockingX/PixelClk_int                                                                          | dvi2rgb_m0/DataDecoders[2].DecoderX/PhaseAlignX/pCenterTap[5]_i_1_n_0                                                                       |                                                                                                                                            |                2 |              5 |         2.50 |
|  dvi2rgb_m0/TMDS_ClockingX/PixelClk_int                                                                          | dvi2rgb_m0/DataDecoders[1].DecoderX/PhaseAlignX/pEyeOpenEn                                                                                  | dvi2rgb_m0/DataDecoders[1].DecoderX/PhaseAlignX/pEyeOpenRst                                                                                |                2 |              5 |         2.50 |
|  clk_refm0/inst/clk_out1                                                                                         | dvi2rgb_m0/TMDS_ClockingX/rDlyRstCnt0_inferred__0/i__n_0                                                                                    | dvi2rgb_m0/TMDS_ClockingX/LockLostReset/SyncAsyncx/oSyncStages[1]                                                                          |                2 |              5 |         2.50 |
|  dvi2rgb_m0/TMDS_ClockingX/PixelClk_int                                                                          | dvi2rgb_m0/DataDecoders[0].DecoderX/PhaseAlignX/pCenterTap[5]_i_1_n_0                                                                       |                                                                                                                                            |                2 |              5 |         2.50 |
|  dvi2rgb_m0/TMDS_ClockingX/PixelClk_int                                                                          | dvi2rgb_m0/DataDecoders[0].DecoderX/PhaseAlignX/pEyeOpenEn                                                                                  | dvi2rgb_m0/DataDecoders[0].DecoderX/PhaseAlignX/pEyeOpenRst                                                                                |                2 |              5 |         2.50 |
|  dvi2rgb_m0/GenerateBUFG.ResyncToBUFG_X/PixelClkOut                                                              | pixel_sync_inst/counter_CE                                                                                                                  | pixel_sync_inst/lost_pixel_counter/U0/i_synth/i_baseblox.i_baseblox_counter/clear_count                                                    |                2 |              6 |         3.00 |
|  dvi2rgb_m0/TMDS_ClockingX/PixelClk_int                                                                          |                                                                                                                                             | dvi2rgb_m0/DataDecoders[1].DecoderX/ChannelBondX/pMeRdy_int_i_1_n_0                                                                        |                3 |              7 |         2.33 |
|  dvi2rgb_m0/TMDS_ClockingX/PixelClk_int                                                                          |                                                                                                                                             | dvi2rgb_m0/DataDecoders[1].DecoderX/PhaseAlignX/pCtlTknCnt[6]_i_1_n_0                                                                      |                3 |              7 |         2.33 |
|  dvi2rgb_m0/TMDS_ClockingX/PixelClk_int                                                                          |                                                                                                                                             | dvi2rgb_m0/DataDecoders[2].DecoderX/PhaseAlignX/pCtlTknCnt[6]_i_1_n_0                                                                      |                3 |              7 |         2.33 |
|  dvi2rgb_m0/TMDS_ClockingX/PixelClk_int                                                                          |                                                                                                                                             | dvi2rgb_m0/DataDecoders[0].DecoderX/ChannelBondX/pMeRdy_int_i_1_n_0                                                                        |                3 |              7 |         2.33 |
|  dvi2rgb_m0/TMDS_ClockingX/PixelClk_int                                                                          |                                                                                                                                             | dvi2rgb_m0/DataDecoders[0].DecoderX/PhaseAlignX/pCtlTknCnt[6]_i_1_n_0                                                                      |                2 |              7 |         3.50 |
|  dvi2rgb_m0/TMDS_ClockingX/PixelClk_int                                                                          |                                                                                                                                             | dvi2rgb_m0/DataDecoders[2].DecoderX/ChannelBondX/pMeRdy_int_i_1_n_0                                                                        |                3 |              7 |         2.33 |
|  dvi2rgb_m0/GenerateBUFG.ResyncToBUFG_X/PixelClkOut                                                              | image_processor/ISPCore_inst[7].u_ISPCore/RGB2HSV_Core_Inst/calculate_min_max_inst/diff[7]_i_1__6_n_0                                       |                                                                                                                                            |                3 |              8 |         2.67 |
|  dvi2rgb_m0/GenerateBUFG.ResyncToBUFG_X/PixelClkOut                                                              | image_processor/ISPCore_inst[3].u_ISPCore/RGB2HSV_Core_Inst/calculate_min_max_inst/diff[7]_i_1__2_n_0                                       |                                                                                                                                            |                3 |              8 |         2.67 |
|  dvi2rgb_m0/GenerateBUFG.ResyncToBUFG_X/PixelClkOut                                                              | image_processor/rgb_input_fifo/U0/inst_fifo_gen/gconvfifo.rf/grf.rf/gntv_or_sync_fifo.gl0.rd/gr1.gr1_int.rfwft/E[0]                         | image_processor/rgb_input_fifo/U0/inst_fifo_gen/gconvfifo.rf/grf.rf/rstblk/SR[0]                                                           |                2 |              8 |         4.00 |
|  clk_refm0/inst/clk_out1                                                                                         | dvi2rgb_m0/GenerateDDC.DDC_EEPROM/I2C_SlaveController/dataByte[7]_i_1_n_0                                                                   |                                                                                                                                            |                2 |              8 |         4.00 |
|  dvi2rgb_m0/GenerateBUFG.ResyncToBUFG_X/PixelClkOut                                                              | image_processor/ISPCore_inst[8].u_ISPCore/RGB2HSV_Core_Inst/calculate_min_max_inst/diff[7]_i_1__7_n_0                                       |                                                                                                                                            |                3 |              8 |         2.67 |
|  dvi2rgb_m0/GenerateBUFG.ResyncToBUFG_X/PixelClkOut                                                              | image_processor/ISPCore_inst[11].u_ISPCore/RGB2HSV_Core_Inst/calculate_min_max_inst/diff[7]_i_1__10_n_0                                     |                                                                                                                                            |                3 |              8 |         2.67 |
|  dvi2rgb_m0/GenerateBUFG.ResyncToBUFG_X/PixelClkOut                                                              | image_processor/ISPCore_inst[5].u_ISPCore/RGB2HSV_Core_Inst/calculate_min_max_inst/diff[7]_i_1__4_n_0                                       |                                                                                                                                            |                2 |              8 |         4.00 |
|  dvi2rgb_m0/GenerateBUFG.ResyncToBUFG_X/PixelClkOut                                                              | image_processor/ISPCore_inst[4].u_ISPCore/RGB2HSV_Core_Inst/calculate_min_max_inst/diff[7]_i_1__3_n_0                                       |                                                                                                                                            |                3 |              8 |         2.67 |
|  dvi2rgb_m0/GenerateBUFG.ResyncToBUFG_X/PixelClkOut                                                              | image_processor/ISPCore_inst[6].u_ISPCore/RGB2HSV_Core_Inst/calculate_min_max_inst/diff[7]_i_1__5_n_0                                       |                                                                                                                                            |                2 |              8 |         4.00 |
|  dvi2rgb_m0/GenerateBUFG.ResyncToBUFG_X/PixelClkOut                                                              | image_processor/rgb_output_fifo/U0/inst_fifo_gen/gconvfifo.rf/grf.rf/gntv_or_sync_fifo.gl0.rd/gr1.gr1_int.rfwft/E[0]                        | image_processor/rgb_output_fifo/U0/inst_fifo_gen/gconvfifo.rf/grf.rf/rstblk/SR[0]                                                          |                2 |              8 |         4.00 |
|  dvi2rgb_m0/GenerateBUFG.ResyncToBUFG_X/PixelClkOut                                                              | image_processor/ISPCore_inst[10].u_ISPCore/RGB2HSV_Core_Inst/calculate_min_max_inst/diff[7]_i_1__9_n_0                                      |                                                                                                                                            |                2 |              8 |         4.00 |
|  dvi2rgb_m0/TMDS_ClockingX/PixelClk_int                                                                          |                                                                                                                                             | dvi2rgb_m0/DataDecoders[2].DecoderX//i__n_0                                                                                                |                3 |              8 |         2.67 |
|  dvi2rgb_m0/GenerateBUFG.ResyncToBUFG_X/PixelClkOut                                                              | image_processor/ISPCore_inst[12].u_ISPCore/RGB2HSV_Core_Inst/calculate_min_max_inst/diff[7]_i_1__11_n_0                                     |                                                                                                                                            |                3 |              8 |         2.67 |
|  dvi2rgb_m0/GenerateBUFG.ResyncToBUFG_X/PixelClkOut                                                              | image_processor/ISPCore_inst[13].u_ISPCore/RGB2HSV_Core_Inst/calculate_min_max_inst/diff[7]_i_1__12_n_0                                     |                                                                                                                                            |                3 |              8 |         2.67 |
|  dvi2rgb_m0/GenerateBUFG.ResyncToBUFG_X/PixelClkOut                                                              | image_processor/ISPCore_inst[2].u_ISPCore/RGB2HSV_Core_Inst/calculate_min_max_inst/diff[7]_i_1__1_n_0                                       |                                                                                                                                            |                3 |              8 |         2.67 |
|  dvi2rgb_m0/GenerateBUFG.ResyncToBUFG_X/PixelClkOut                                                              | image_processor/ISPCore_inst[14].u_ISPCore/RGB2HSV_Core_Inst/calculate_min_max_inst/diff[7]_i_1__13_n_0                                     |                                                                                                                                            |                2 |              8 |         4.00 |
|  dvi2rgb_m0/GenerateBUFG.ResyncToBUFG_X/PixelClkOut                                                              | image_processor/ISPCore_inst[9].u_ISPCore/RGB2HSV_Core_Inst/calculate_min_max_inst/diff[7]_i_1__8_n_0                                       |                                                                                                                                            |                2 |              8 |         4.00 |
|  dvi2rgb_m0/GenerateBUFG.ResyncToBUFG_X/PixelClkOut                                                              | image_processor/ISPCore_inst[1].u_ISPCore/RGB2HSV_Core_Inst/calculate_min_max_inst/diff[7]_i_1__0_n_0                                       |                                                                                                                                            |                2 |              8 |         4.00 |
|  dvi2rgb_m0/GenerateBUFG.ResyncToBUFG_X/PixelClkOut                                                              | image_processor/ISPCore_inst[0].u_ISPCore/RGB2HSV_Core_Inst/calculate_min_max_inst/diff[7]_i_1_n_0                                          |                                                                                                                                            |                5 |              8 |         1.60 |
|  clk_refm0/inst/clk_out1                                                                                         |                                                                                                                                             | dvi2rgb_m0/LockLostReset/SyncAsyncx/oSyncStages[1]                                                                                         |                5 |              9 |         1.80 |
|  dvi2rgb_m0/TMDS_ClockingX/PixelClk_int                                                                          |                                                                                                                                             | dvi2rgb_m0/DataDecoders[1].DecoderX//i__n_0                                                                                                |                3 |              9 |         3.00 |
|  dvi2rgb_m0/TMDS_ClockingX/PixelClk_int                                                                          | dvi2rgb_m0/DataDecoders[2].DecoderX/ChannelBondX/pRdEn                                                                                      | dvi2rgb_m0/DataDecoders[2].DecoderX/ChannelBondX/pMeRdy_int_i_1_n_0                                                                        |                3 |             10 |         3.33 |
|  image_processor/ISPCore_inst[1].u_ISPCore/RGB2HSV_Core_Inst/pixel_flow_controller_inst/n_core_busy_reg_1        |                                                                                                                                             |                                                                                                                                            |                4 |             10 |         2.50 |
|  pixel_sync_inst/CLK                                                                                             |                                                                                                                                             | rgb2dvi_m0/DataEncoders[0].DataEncoder/pDataOutRaw[9]_i_1__1_n_0                                                                           |                4 |             10 |         2.50 |
|  dvi2rgb_m0/TMDS_ClockingX/PixelClk_int                                                                          | dvi2rgb_m0/DataDecoders[0].DecoderX/ChannelBondX/pRdEn                                                                                      | dvi2rgb_m0/DataDecoders[0].DecoderX/ChannelBondX/pMeRdy_int_i_1_n_0                                                                        |                2 |             10 |         5.00 |
|  dvi2rgb_m0/TMDS_ClockingX/PixelClk_int                                                                          | dvi2rgb_m0/DataDecoders[1].DecoderX/ChannelBondX/pRdEn                                                                                      | dvi2rgb_m0/DataDecoders[1].DecoderX/ChannelBondX/pMeRdy_int_i_1_n_0                                                                        |                2 |             10 |         5.00 |
|  dvi2rgb_m0/TMDS_ClockingX/PixelClk_int                                                                          |                                                                                                                                             | dvi2rgb_m0/DataDecoders[0].DecoderX//i__n_0                                                                                                |                4 |             10 |         2.50 |
|  dvi2rgb_m0/TMDS_ClockingX/PixelClk_int                                                                          | dvi2rgb_m0/DataDecoders[1].DecoderX/PhaseAlignX/pState[10]_i_1_n_0                                                                          | dvi2rgb_m0/DataDecoders[1].DecoderX/pAlignRst_reg_n_0                                                                                      |                3 |             11 |         3.67 |
|  dvi2rgb_m0/TMDS_ClockingX/PixelClk_int                                                                          | dvi2rgb_m0/DataDecoders[0].DecoderX/PhaseAlignX/pState[10]_i_1_n_0                                                                          | dvi2rgb_m0/DataDecoders[0].DecoderX/pAlignRst_reg_n_0                                                                                      |                3 |             11 |         3.67 |
|  dvi2rgb_m0/TMDS_ClockingX/PixelClk_int                                                                          | dvi2rgb_m0/DataDecoders[2].DecoderX/PhaseAlignX/pState[10]_i_1_n_0                                                                          | dvi2rgb_m0/DataDecoders[2].DecoderX/pAlignRst_reg_n_0                                                                                      |                4 |             11 |         2.75 |
|  dvi2rgb_m0/TMDS_ClockingX/PixelClk_int                                                                          |                                                                                                                                             | dvi2rgb_m0/LockLostReset/SyncAsyncx/oSyncStages[1]                                                                                         |                6 |             12 |         2.00 |
|  dvi2rgb_m0/GenerateBUFG.ResyncToBUFG_X/PixelClkOut                                                              | image_processor/rgb_output_fifo/U0/inst_fifo_gen/gconvfifo.rf/grf.rf/gntv_or_sync_fifo.gl0.wr/gwas.wsts/E[0]                                | image_processor/rgb_output_fifo/U0/inst_fifo_gen/gconvfifo.rf/grf.rf/rstblk/ngwrdrst.grst.g7serrst.gsckt_wrst.gic_rst.sckt_wr_rst_ic_reg_0 |                3 |             12 |         4.00 |
|  dvi2rgb_m0/GenerateBUFG.ResyncToBUFG_X/PixelClkOut                                                              | image_processor/rgb_input_fifo/U0/inst_fifo_gen/gconvfifo.rf/grf.rf/gntv_or_sync_fifo.gl0.wr/gwas.wsts/E[0]                                 | image_processor/rgb_input_fifo/U0/inst_fifo_gen/gconvfifo.rf/grf.rf/rstblk/ngwrdrst.grst.g7serrst.gsckt_wrst.gic_rst.sckt_wr_rst_ic_reg_0  |                2 |             12 |         6.00 |
|  clk_refm0/inst/clk_out1                                                                                         | dvi2rgb_m0/GenerateDDC.DDC_EEPROM/I2C_SlaveController/E[0]                                                                                  |                                                                                                                                            |                3 |             14 |         4.67 |
|  pixel_sync_inst/CLK                                                                                             |                                                                                                                                             | rgb2dvi_m0/DataEncoders[1].DataEncoder/cnt_t_3[4]_i_1__0_n_0                                                                               |                9 |             15 |         1.67 |
|  pixel_sync_inst/CLK                                                                                             |                                                                                                                                             | rgb2dvi_m0/DataEncoders[2].DataEncoder/cnt_t_3[4]_i_1__1_n_0                                                                               |                8 |             15 |         1.88 |
|  dvi2rgb_m0/GenerateBUFG.ResyncToBUFG_X/PixelClkOut                                                              |                                                                                                                                             | image_processor/ISPCore_inst[11].u_ISPCore/RGB2HSV_Core_Inst/calculate_s_inst/s[15]_i_1__10_n_0                                            |                4 |             16 |         4.00 |
|  dvi2rgb_m0/TMDS_ClockingX/PixelClk_int                                                                          | dvi2rgb_m0/DataDecoders[2].DecoderX/ChannelBondX/pAllVld__0                                                                                 |                                                                                                                                            |                2 |             16 |         8.00 |
|  dvi2rgb_m0/GenerateBUFG.ResyncToBUFG_X/PixelClkOut                                                              |                                                                                                                                             | image_processor/ISPCore_inst[10].u_ISPCore/RGB2HSV_Core_Inst/calculate_s_inst/s[15]_i_1__9_n_0                                             |                3 |             16 |         5.33 |
|  dvi2rgb_m0/GenerateBUFG.ResyncToBUFG_X/PixelClkOut                                                              |                                                                                                                                             | image_processor/ISPCore_inst[10].u_ISPCore/HSV2RGB_Core_Inst/input_pixel_flow_controller_inst/SR[0]                                        |                3 |             16 |         5.33 |
|  dvi2rgb_m0/GenerateBUFG.ResyncToBUFG_X/PixelClkOut                                                              |                                                                                                                                             | image_processor/ISPCore_inst[0].u_ISPCore/HSV2RGB_Core_Inst/input_pixel_flow_controller_inst/SR[0]                                         |                2 |             16 |         8.00 |
|  dvi2rgb_m0/GenerateBUFG.ResyncToBUFG_X/PixelClkOut                                                              |                                                                                                                                             | image_processor/ISPCore_inst[12].u_ISPCore/RGB2HSV_Core_Inst/calculate_s_inst/s[15]_i_1__11_n_0                                            |                3 |             16 |         5.33 |
|  dvi2rgb_m0/GenerateBUFG.ResyncToBUFG_X/PixelClkOut                                                              |                                                                                                                                             | image_processor/ISPCore_inst[12].u_ISPCore/HSV2RGB_Core_Inst/input_pixel_flow_controller_inst/SR[0]                                        |                3 |             16 |         5.33 |
|  dvi2rgb_m0/GenerateBUFG.ResyncToBUFG_X/PixelClkOut                                                              |                                                                                                                                             | image_processor/ISPCore_inst[11].u_ISPCore/HSV2RGB_Core_Inst/input_pixel_flow_controller_inst/SR[0]                                        |                3 |             16 |         5.33 |
|  dvi2rgb_m0/GenerateBUFG.ResyncToBUFG_X/PixelClkOut                                                              |                                                                                                                                             | image_processor/ISPCore_inst[14].u_ISPCore/RGB2HSV_Core_Inst/calculate_s_inst/s[15]_i_1__13_n_0                                            |                5 |             16 |         3.20 |
|  dvi2rgb_m0/GenerateBUFG.ResyncToBUFG_X/PixelClkOut                                                              |                                                                                                                                             | image_processor/ISPCore_inst[14].u_ISPCore/HSV2RGB_Core_Inst/input_pixel_flow_controller_inst/SR[0]                                        |                2 |             16 |         8.00 |
|  dvi2rgb_m0/GenerateBUFG.ResyncToBUFG_X/PixelClkOut                                                              |                                                                                                                                             | image_processor/ISPCore_inst[9].u_ISPCore/RGB2HSV_Core_Inst/calculate_s_inst/s[15]_i_1__8_n_0                                              |                3 |             16 |         5.33 |
|  dvi2rgb_m0/GenerateBUFG.ResyncToBUFG_X/PixelClkOut                                                              |                                                                                                                                             | image_processor/ISPCore_inst[9].u_ISPCore/HSV2RGB_Core_Inst/input_pixel_flow_controller_inst/SR[0]                                         |                2 |             16 |         8.00 |
|  dvi2rgb_m0/GenerateBUFG.ResyncToBUFG_X/PixelClkOut                                                              |                                                                                                                                             | image_processor/ISPCore_inst[0].u_ISPCore/RGB2HSV_Core_Inst/calculate_s_inst/s[15]_i_1_n_0                                                 |                6 |             16 |         2.67 |
|  dvi2rgb_m0/GenerateBUFG.ResyncToBUFG_X/PixelClkOut                                                              |                                                                                                                                             | image_processor/ISPCore_inst[1].u_ISPCore/HSV2RGB_Core_Inst/input_pixel_flow_controller_inst/SR[0]                                         |                4 |             16 |         4.00 |
|  dvi2rgb_m0/GenerateBUFG.ResyncToBUFG_X/PixelClkOut                                                              |                                                                                                                                             | image_processor/ISPCore_inst[13].u_ISPCore/HSV2RGB_Core_Inst/input_pixel_flow_controller_inst/SR[0]                                        |                3 |             16 |         5.33 |
|  dvi2rgb_m0/GenerateBUFG.ResyncToBUFG_X/PixelClkOut                                                              |                                                                                                                                             | image_processor/ISPCore_inst[13].u_ISPCore/RGB2HSV_Core_Inst/calculate_s_inst/s[15]_i_1__12_n_0                                            |                4 |             16 |         4.00 |
|  dvi2rgb_m0/GenerateBUFG.ResyncToBUFG_X/PixelClkOut                                                              |                                                                                                                                             | image_processor/ISPCore_inst[5].u_ISPCore/HSV2RGB_Core_Inst/input_pixel_flow_controller_inst/SR[0]                                         |                2 |             16 |         8.00 |
|  dvi2rgb_m0/GenerateBUFG.ResyncToBUFG_X/PixelClkOut                                                              |                                                                                                                                             | image_processor/ISPCore_inst[1].u_ISPCore/RGB2HSV_Core_Inst/calculate_s_inst/s[15]_i_1__0_n_0                                              |                5 |             16 |         3.20 |
|  dvi2rgb_m0/GenerateBUFG.ResyncToBUFG_X/PixelClkOut                                                              |                                                                                                                                             | image_processor/ISPCore_inst[2].u_ISPCore/HSV2RGB_Core_Inst/input_pixel_flow_controller_inst/SR[0]                                         |                2 |             16 |         8.00 |
|  dvi2rgb_m0/GenerateBUFG.ResyncToBUFG_X/PixelClkOut                                                              |                                                                                                                                             | image_processor/ISPCore_inst[2].u_ISPCore/RGB2HSV_Core_Inst/calculate_s_inst/s[15]_i_1__1_n_0                                              |                5 |             16 |         3.20 |
|  dvi2rgb_m0/GenerateBUFG.ResyncToBUFG_X/PixelClkOut                                                              |                                                                                                                                             | image_processor/ISPCore_inst[3].u_ISPCore/HSV2RGB_Core_Inst/input_pixel_flow_controller_inst/SR[0]                                         |                2 |             16 |         8.00 |
|  dvi2rgb_m0/GenerateBUFG.ResyncToBUFG_X/PixelClkOut                                                              |                                                                                                                                             | image_processor/ISPCore_inst[3].u_ISPCore/RGB2HSV_Core_Inst/calculate_s_inst/s[15]_i_1__2_n_0                                              |                3 |             16 |         5.33 |
|  dvi2rgb_m0/GenerateBUFG.ResyncToBUFG_X/PixelClkOut                                                              |                                                                                                                                             | image_processor/ISPCore_inst[4].u_ISPCore/HSV2RGB_Core_Inst/input_pixel_flow_controller_inst/SR[0]                                         |                2 |             16 |         8.00 |
|  dvi2rgb_m0/GenerateBUFG.ResyncToBUFG_X/PixelClkOut                                                              |                                                                                                                                             | image_processor/ISPCore_inst[7].u_ISPCore/HSV2RGB_Core_Inst/input_pixel_flow_controller_inst/SR[0]                                         |                3 |             16 |         5.33 |
|  dvi2rgb_m0/GenerateBUFG.ResyncToBUFG_X/PixelClkOut                                                              |                                                                                                                                             | image_processor/ISPCore_inst[5].u_ISPCore/RGB2HSV_Core_Inst/calculate_s_inst/s[15]_i_1__4_n_0                                              |                4 |             16 |         4.00 |
|  dvi2rgb_m0/GenerateBUFG.ResyncToBUFG_X/PixelClkOut                                                              |                                                                                                                                             | image_processor/ISPCore_inst[6].u_ISPCore/RGB2HSV_Core_Inst/calculate_s_inst/s[15]_i_1__5_n_0                                              |                4 |             16 |         4.00 |
|  dvi2rgb_m0/GenerateBUFG.ResyncToBUFG_X/PixelClkOut                                                              |                                                                                                                                             | image_processor/ISPCore_inst[7].u_ISPCore/RGB2HSV_Core_Inst/calculate_s_inst/s[15]_i_1__6_n_0                                              |                4 |             16 |         4.00 |
|  dvi2rgb_m0/GenerateBUFG.ResyncToBUFG_X/PixelClkOut                                                              |                                                                                                                                             | image_processor/ISPCore_inst[8].u_ISPCore/HSV2RGB_Core_Inst/input_pixel_flow_controller_inst/SR[0]                                         |                2 |             16 |         8.00 |
|  dvi2rgb_m0/GenerateBUFG.ResyncToBUFG_X/PixelClkOut                                                              |                                                                                                                                             | image_processor/ISPCore_inst[8].u_ISPCore/RGB2HSV_Core_Inst/calculate_s_inst/s[15]_i_1__7_n_0                                              |                6 |             16 |         2.67 |
|  dvi2rgb_m0/GenerateBUFG.ResyncToBUFG_X/PixelClkOut                                                              |                                                                                                                                             | image_processor/ISPCore_inst[4].u_ISPCore/RGB2HSV_Core_Inst/calculate_s_inst/s[15]_i_1__3_n_0                                              |                3 |             16 |         5.33 |
|  dvi2rgb_m0/TMDS_ClockingX/PixelClk_int                                                                          | dvi2rgb_m0/DataDecoders[0].DecoderX/ChannelBondX/pAllVld__0                                                                                 |                                                                                                                                            |                2 |             16 |         8.00 |
|  dvi2rgb_m0/TMDS_ClockingX/PixelClk_int                                                                          | dvi2rgb_m0/DataDecoders[1].DecoderX/ChannelBondX/pAllVld__0                                                                                 |                                                                                                                                            |                2 |             16 |         8.00 |
|  dvi2rgb_m0/GenerateBUFG.ResyncToBUFG_X/PixelClkOut                                                              |                                                                                                                                             | image_processor/ISPCore_inst[6].u_ISPCore/HSV2RGB_Core_Inst/input_pixel_flow_controller_inst/SR[0]                                         |                2 |             16 |         8.00 |
|  clk_refm0/inst/clk_out1                                                                                         | dvi2rgb_m0/DataDecoders[0].DecoderX/rTimeoutCnt[23]_i_1__1_n_0                                                                              | dvi2rgb_m0/DataDecoders[0].DecoderX/SyncBaseRst/SyncAsyncx/oSyncStages[1]                                                                  |                7 |             24 |         3.43 |
|  dvi2rgb_m0/GenerateBUFG.ResyncToBUFG_X/PixelClkOut                                                              | image_processor/ISPCore_inst[7].u_ISPCore/HSV2RGB_Core_Inst/data_valid_delay_hsv2rgb/U0/i_synth/i_bb_inst/gen_output_regs.output_regs/q[0]  | image_processor/ISPCore_inst[13].u_ISPCore/RGB2HSV_Core_Inst/calculate_h_inst/SR[0]                                                        |               11 |             24 |         2.18 |
|  image_processor/PrioEnc_core_busy_Inst/rst_n_11[0]                                                              |                                                                                                                                             |                                                                                                                                            |               10 |             24 |         2.40 |
|  clk_refm0/inst/clk_out1                                                                                         | dvi2rgb_m0/DataDecoders[2].DecoderX/rTimeoutCnt[23]_i_1_n_0                                                                                 | dvi2rgb_m0/DataDecoders[2].DecoderX/SyncBaseRst/SyncAsyncx/oSyncStages[1]                                                                  |                7 |             24 |         3.43 |
|  clk_refm0/inst/clk_out1                                                                                         | dvi2rgb_m0/DataDecoders[1].DecoderX/rTimeoutCnt[23]_i_1__0_n_0                                                                              | dvi2rgb_m0/DataDecoders[1].DecoderX/SyncBaseRst/SyncAsyncx/oSyncStages[1]                                                                  |                7 |             24 |         3.43 |
|  image_processor/PrioEnc_core_busy_Inst/E[0]                                                                     |                                                                                                                                             |                                                                                                                                            |                8 |             24 |         3.00 |
|  image_processor/PrioEnc_core_busy_Inst/rst_n_4[0]                                                               |                                                                                                                                             |                                                                                                                                            |                8 |             24 |         3.00 |
|  image_processor/PrioEnc_core_busy_Inst/rst_n_3[0]                                                               |                                                                                                                                             |                                                                                                                                            |               12 |             24 |         2.00 |
|  dvi2rgb_m0/GenerateBUFG.ResyncToBUFG_X/PixelClkOut                                                              | image_processor/ISPCore_inst[4].u_ISPCore/HSV2RGB_Core_Inst/data_valid_delay_hsv2rgb/U0/i_synth/i_bb_inst/gen_output_regs.output_regs/q[0]  | image_processor/ISPCore_inst[13].u_ISPCore/RGB2HSV_Core_Inst/calculate_h_inst/SR[0]                                                        |                7 |             24 |         3.43 |
|  image_processor/PrioEnc_core_busy_Inst/rst_n_1[0]                                                               |                                                                                                                                             |                                                                                                                                            |                6 |             24 |         4.00 |
|  dvi2rgb_m0/GenerateBUFG.ResyncToBUFG_X/PixelClkOut                                                              | image_processor/ISPCore_inst[11].u_ISPCore/HSV2RGB_Core_Inst/data_valid_delay_hsv2rgb/U0/i_synth/i_bb_inst/gen_output_regs.output_regs/q[0] | image_processor/ISPCore_inst[13].u_ISPCore/RGB2HSV_Core_Inst/calculate_h_inst/SR[0]                                                        |                8 |             24 |         3.00 |
|  dvi2rgb_m0/GenerateBUFG.ResyncToBUFG_X/PixelClkOut                                                              | image_processor/ISPCore_inst[12].u_ISPCore/HSV2RGB_Core_Inst/data_valid_delay_hsv2rgb/U0/i_synth/i_bb_inst/gen_output_regs.output_regs/q[0] | image_processor/ISPCore_inst[13].u_ISPCore/RGB2HSV_Core_Inst/calculate_h_inst/SR[0]                                                        |                9 |             24 |         2.67 |
|  dvi2rgb_m0/GenerateBUFG.ResyncToBUFG_X/PixelClkOut                                                              | image_processor/ISPCore_inst[13].u_ISPCore/HSV2RGB_Core_Inst/data_valid_delay_hsv2rgb/U0/i_synth/i_bb_inst/gen_output_regs.output_regs/q[0] | image_processor/ISPCore_inst[13].u_ISPCore/RGB2HSV_Core_Inst/calculate_h_inst/SR[0]                                                        |                8 |             24 |         3.00 |
|  dvi2rgb_m0/GenerateBUFG.ResyncToBUFG_X/PixelClkOut                                                              | image_processor/ISPCore_inst[1].u_ISPCore/HSV2RGB_Core_Inst/data_valid_delay_hsv2rgb/U0/i_synth/i_bb_inst/gen_output_regs.output_regs/q[0]  | image_processor/ISPCore_inst[13].u_ISPCore/RGB2HSV_Core_Inst/calculate_h_inst/SR[0]                                                        |                8 |             24 |         3.00 |
|  image_processor/PrioEnc_core_busy_Inst/rst_n_6[0]                                                               |                                                                                                                                             |                                                                                                                                            |                7 |             24 |         3.43 |
|  dvi2rgb_m0/GenerateBUFG.ResyncToBUFG_X/PixelClkOut                                                              | image_processor/ISPCore_inst[3].u_ISPCore/HSV2RGB_Core_Inst/data_valid_delay_hsv2rgb/U0/i_synth/i_bb_inst/gen_output_regs.output_regs/q[0]  | image_processor/ISPCore_inst[13].u_ISPCore/RGB2HSV_Core_Inst/calculate_h_inst/SR[0]                                                        |                9 |             24 |         2.67 |
|  image_processor/PrioEnc_core_busy_Inst/rst_n_10[0]                                                              |                                                                                                                                             |                                                                                                                                            |                9 |             24 |         2.67 |
|  dvi2rgb_m0/GenerateBUFG.ResyncToBUFG_X/PixelClkOut                                                              | image_processor/ISPCore_inst[14].u_ISPCore/HSV2RGB_Core_Inst/data_valid_delay_hsv2rgb/U0/i_synth/i_bb_inst/gen_output_regs.output_regs/q[0] | image_processor/ISPCore_inst[13].u_ISPCore/RGB2HSV_Core_Inst/calculate_h_inst/SR[0]                                                        |                8 |             24 |         3.00 |
|  dvi2rgb_m0/GenerateBUFG.ResyncToBUFG_X/PixelClkOut                                                              | image_processor/ISPCore_inst[5].u_ISPCore/HSV2RGB_Core_Inst/data_valid_delay_hsv2rgb/U0/i_synth/i_bb_inst/gen_output_regs.output_regs/q[0]  | image_processor/ISPCore_inst[13].u_ISPCore/RGB2HSV_Core_Inst/calculate_h_inst/SR[0]                                                        |                7 |             24 |         3.43 |
|  dvi2rgb_m0/GenerateBUFG.ResyncToBUFG_X/PixelClkOut                                                              | image_processor/ISPCore_inst[0].u_ISPCore/HSV2RGB_Core_Inst/data_valid_delay_hsv2rgb/U0/i_synth/i_bb_inst/gen_output_regs.output_regs/q[0]  | image_processor/ISPCore_inst[13].u_ISPCore/RGB2HSV_Core_Inst/calculate_h_inst/SR[0]                                                        |               14 |             24 |         1.71 |
|  dvi2rgb_m0/GenerateBUFG.ResyncToBUFG_X/PixelClkOut                                                              | image_processor/ISPCore_inst[9].u_ISPCore/HSV2RGB_Core_Inst/data_valid_delay_hsv2rgb/U0/i_synth/i_bb_inst/gen_output_regs.output_regs/q[0]  | image_processor/ISPCore_inst[13].u_ISPCore/RGB2HSV_Core_Inst/calculate_h_inst/SR[0]                                                        |               11 |             24 |         2.18 |
|  dvi2rgb_m0/GenerateBUFG.ResyncToBUFG_X/PixelClkOut                                                              | image_processor/ISPCore_inst[10].u_ISPCore/HSV2RGB_Core_Inst/data_valid_delay_hsv2rgb/U0/i_synth/i_bb_inst/gen_output_regs.output_regs/q[0] | image_processor/ISPCore_inst[13].u_ISPCore/RGB2HSV_Core_Inst/calculate_h_inst/SR[0]                                                        |                8 |             24 |         3.00 |
|  dvi2rgb_m0/GenerateBUFG.ResyncToBUFG_X/PixelClkOut                                                              | image_processor/ISPCore_inst[6].u_ISPCore/HSV2RGB_Core_Inst/data_valid_delay_hsv2rgb/U0/i_synth/i_bb_inst/gen_output_regs.output_regs/q[0]  | image_processor/ISPCore_inst[13].u_ISPCore/RGB2HSV_Core_Inst/calculate_h_inst/SR[0]                                                        |                7 |             24 |         3.43 |
|  image_processor/PrioEnc_core_busy_Inst/rst_n[0]                                                                 |                                                                                                                                             |                                                                                                                                            |                9 |             24 |         2.67 |
|  dvi2rgb_m0/GenerateBUFG.ResyncToBUFG_X/PixelClkOut                                                              | image_processor/ISPCore_inst[8].u_ISPCore/HSV2RGB_Core_Inst/data_valid_delay_hsv2rgb/U0/i_synth/i_bb_inst/gen_output_regs.output_regs/q[0]  | image_processor/ISPCore_inst[13].u_ISPCore/RGB2HSV_Core_Inst/calculate_h_inst/SR[0]                                                        |                8 |             24 |         3.00 |
|  image_processor/PrioEnc_core_busy_Inst/rst_n_0[0]                                                               |                                                                                                                                             |                                                                                                                                            |                8 |             24 |         3.00 |
|  image_processor/PrioEnc_core_busy_Inst/rst_n_12[0]                                                              |                                                                                                                                             |                                                                                                                                            |               10 |             24 |         2.40 |
|  image_processor/PrioEnc_core_busy_Inst/rst_n_2[0]                                                               |                                                                                                                                             |                                                                                                                                            |               10 |             24 |         2.40 |
|  image_processor/PrioEnc_core_busy_Inst/rst_n_5[0]                                                               |                                                                                                                                             |                                                                                                                                            |                9 |             24 |         2.67 |
|  image_processor/PrioEnc_core_busy_Inst/rst_n_7[0]                                                               |                                                                                                                                             |                                                                                                                                            |                6 |             24 |         4.00 |
|  image_processor/PrioEnc_core_busy_Inst/rst_n_8[0]                                                               |                                                                                                                                             |                                                                                                                                            |                7 |             24 |         3.43 |
|  dvi2rgb_m0/GenerateBUFG.ResyncToBUFG_X/PixelClkOut                                                              | image_processor/ISPCore_inst[2].u_ISPCore/HSV2RGB_Core_Inst/data_valid_delay_hsv2rgb/U0/i_synth/i_bb_inst/gen_output_regs.output_regs/q[0]  | image_processor/ISPCore_inst[13].u_ISPCore/RGB2HSV_Core_Inst/calculate_h_inst/SR[0]                                                        |                7 |             24 |         3.43 |
|  image_processor/PrioEnc_core_busy_Inst/rst_n_9[0]                                                               |                                                                                                                                             |                                                                                                                                            |                6 |             24 |         4.00 |
|  dvi2rgb_m0/GenerateBUFG.ResyncToBUFG_X/PixelClkOut                                                              | image_processor/ISPCore_inst[4].u_ISPCore/RGB2HSV_Core_Inst/calculate_min_max_inst/max[7]_i_1__3_n_0                                        | image_processor/ISPCore_inst[13].u_ISPCore/RGB2HSV_Core_Inst/calculate_h_inst/SR[0]                                                        |                8 |             27 |         3.38 |
|  dvi2rgb_m0/GenerateBUFG.ResyncToBUFG_X/PixelClkOut                                                              | image_processor/ISPCore_inst[6].u_ISPCore/RGB2HSV_Core_Inst/calculate_min_max_inst/max[7]_i_1__5_n_0                                        | image_processor/ISPCore_inst[13].u_ISPCore/RGB2HSV_Core_Inst/calculate_h_inst/SR[0]                                                        |                9 |             27 |         3.00 |
|  dvi2rgb_m0/GenerateBUFG.ResyncToBUFG_X/PixelClkOut                                                              | image_processor/ISPCore_inst[14].u_ISPCore/RGB2HSV_Core_Inst/calculate_min_max_inst/max[7]_i_1__13_n_0                                      | image_processor/ISPCore_inst[13].u_ISPCore/RGB2HSV_Core_Inst/calculate_h_inst/SR[0]                                                        |               10 |             27 |         2.70 |
|  dvi2rgb_m0/GenerateBUFG.ResyncToBUFG_X/PixelClkOut                                                              | image_processor/ISPCore_inst[9].u_ISPCore/RGB2HSV_Core_Inst/calculate_min_max_inst/max[7]_i_1__8_n_0                                        | image_processor/ISPCore_inst[13].u_ISPCore/RGB2HSV_Core_Inst/calculate_h_inst/SR[0]                                                        |               12 |             27 |         2.25 |
|  dvi2rgb_m0/GenerateBUFG.ResyncToBUFG_X/PixelClkOut                                                              | image_processor/ISPCore_inst[11].u_ISPCore/RGB2HSV_Core_Inst/calculate_min_max_inst/max[7]_i_1__10_n_0                                      | image_processor/ISPCore_inst[13].u_ISPCore/RGB2HSV_Core_Inst/calculate_h_inst/SR[0]                                                        |                9 |             27 |         3.00 |
|  dvi2rgb_m0/GenerateBUFG.ResyncToBUFG_X/PixelClkOut                                                              | image_processor/ISPCore_inst[8].u_ISPCore/RGB2HSV_Core_Inst/calculate_min_max_inst/max[7]_i_1__7_n_0                                        | image_processor/ISPCore_inst[13].u_ISPCore/RGB2HSV_Core_Inst/calculate_h_inst/SR[0]                                                        |               10 |             27 |         2.70 |
|  dvi2rgb_m0/GenerateBUFG.ResyncToBUFG_X/PixelClkOut                                                              | image_processor/ISPCore_inst[10].u_ISPCore/RGB2HSV_Core_Inst/calculate_min_max_inst/max[7]_i_1__9_n_0                                       | image_processor/ISPCore_inst[13].u_ISPCore/RGB2HSV_Core_Inst/calculate_h_inst/SR[0]                                                        |               13 |             27 |         2.08 |
|  dvi2rgb_m0/GenerateBUFG.ResyncToBUFG_X/PixelClkOut                                                              | image_processor/ISPCore_inst[0].u_ISPCore/RGB2HSV_Core_Inst/calculate_min_max_inst/max[7]_i_1_n_0                                           | image_processor/ISPCore_inst[13].u_ISPCore/RGB2HSV_Core_Inst/calculate_h_inst/SR[0]                                                        |                8 |             27 |         3.38 |
|  dvi2rgb_m0/GenerateBUFG.ResyncToBUFG_X/PixelClkOut                                                              | image_processor/ISPCore_inst[5].u_ISPCore/RGB2HSV_Core_Inst/calculate_min_max_inst/max[7]_i_1__4_n_0                                        | image_processor/ISPCore_inst[13].u_ISPCore/RGB2HSV_Core_Inst/calculate_h_inst/SR[0]                                                        |               12 |             27 |         2.25 |
|  dvi2rgb_m0/GenerateBUFG.ResyncToBUFG_X/PixelClkOut                                                              | image_processor/ISPCore_inst[3].u_ISPCore/RGB2HSV_Core_Inst/calculate_min_max_inst/max[7]_i_1__2_n_0                                        | image_processor/ISPCore_inst[13].u_ISPCore/RGB2HSV_Core_Inst/calculate_h_inst/SR[0]                                                        |               12 |             27 |         2.25 |
|  dvi2rgb_m0/GenerateBUFG.ResyncToBUFG_X/PixelClkOut                                                              | image_processor/ISPCore_inst[2].u_ISPCore/RGB2HSV_Core_Inst/calculate_min_max_inst/max[7]_i_1__1_n_0                                        | image_processor/ISPCore_inst[13].u_ISPCore/RGB2HSV_Core_Inst/calculate_h_inst/SR[0]                                                        |                9 |             27 |         3.00 |
|  dvi2rgb_m0/GenerateBUFG.ResyncToBUFG_X/PixelClkOut                                                              | image_processor/ISPCore_inst[7].u_ISPCore/RGB2HSV_Core_Inst/calculate_min_max_inst/max[7]_i_1__6_n_0                                        | image_processor/ISPCore_inst[13].u_ISPCore/RGB2HSV_Core_Inst/calculate_h_inst/SR[0]                                                        |                8 |             27 |         3.38 |
|  dvi2rgb_m0/GenerateBUFG.ResyncToBUFG_X/PixelClkOut                                                              | image_processor/ISPCore_inst[12].u_ISPCore/RGB2HSV_Core_Inst/calculate_min_max_inst/max[7]_i_1__11_n_0                                      | image_processor/ISPCore_inst[13].u_ISPCore/RGB2HSV_Core_Inst/calculate_h_inst/SR[0]                                                        |               11 |             27 |         2.45 |
|  dvi2rgb_m0/GenerateBUFG.ResyncToBUFG_X/PixelClkOut                                                              | image_processor/ISPCore_inst[1].u_ISPCore/RGB2HSV_Core_Inst/calculate_min_max_inst/max[7]_i_1__0_n_0                                        | image_processor/ISPCore_inst[13].u_ISPCore/RGB2HSV_Core_Inst/calculate_h_inst/SR[0]                                                        |               13 |             27 |         2.08 |
|  dvi2rgb_m0/GenerateBUFG.ResyncToBUFG_X/PixelClkOut                                                              | image_processor/ISPCore_inst[13].u_ISPCore/RGB2HSV_Core_Inst/calculate_min_max_inst/max[7]_i_1__12_n_0                                      | image_processor/ISPCore_inst[13].u_ISPCore/RGB2HSV_Core_Inst/calculate_h_inst/SR[0]                                                        |               10 |             27 |         2.70 |
|  clk_refm0/inst/clk_out1                                                                                         |                                                                                                                                             |                                                                                                                                            |               15 |             36 |         2.40 |
|  dvi2rgb_m0/GenerateBUFG.ResyncToBUFG_X/PixelClkOut                                                              | image_processor/ISPCore_inst[6].u_ISPCore/RGB2HSV_Core_Inst/pixel_flow_controller_inst/data_out_ready_rgb2hsv[0]                            | image_processor/ISPCore_inst[13].u_ISPCore/RGB2HSV_Core_Inst/calculate_h_inst/SR[0]                                                        |               14 |             48 |         3.43 |
|  dvi2rgb_m0/GenerateBUFG.ResyncToBUFG_X/PixelClkOut                                                              | image_processor/ISPCore_inst[7].u_ISPCore/RGB2HSV_Core_Inst/pixel_flow_controller_inst/E[0]                                                 | image_processor/ISPCore_inst[13].u_ISPCore/RGB2HSV_Core_Inst/calculate_h_inst/SR[0]                                                        |               15 |             48 |         3.20 |
|  dvi2rgb_m0/GenerateBUFG.ResyncToBUFG_X/PixelClkOut                                                              | image_processor/ISPCore_inst[3].u_ISPCore/RGB2HSV_Core_Inst/pixel_flow_controller_inst/E[0]                                                 | image_processor/ISPCore_inst[13].u_ISPCore/RGB2HSV_Core_Inst/calculate_h_inst/SR[0]                                                        |               14 |             48 |         3.43 |
|  dvi2rgb_m0/GenerateBUFG.ResyncToBUFG_X/PixelClkOut                                                              | image_processor/ISPCore_inst[8].u_ISPCore/RGB2HSV_Core_Inst/pixel_flow_controller_inst/E[0]                                                 | image_processor/ISPCore_inst[13].u_ISPCore/RGB2HSV_Core_Inst/calculate_h_inst/SR[0]                                                        |               12 |             48 |         4.00 |
|  dvi2rgb_m0/GenerateBUFG.ResyncToBUFG_X/PixelClkOut                                                              | image_processor/ISPCore_inst[2].u_ISPCore/RGB2HSV_Core_Inst/pixel_flow_controller_inst/E[0]                                                 | image_processor/ISPCore_inst[13].u_ISPCore/RGB2HSV_Core_Inst/calculate_h_inst/SR[0]                                                        |               18 |             48 |         2.67 |
|  dvi2rgb_m0/GenerateBUFG.ResyncToBUFG_X/PixelClkOut                                                              | image_processor/ISPCore_inst[14].u_ISPCore/RGB2HSV_Core_Inst/pixel_flow_controller_inst/data_out_ready_rgb2hsv[0]                           | image_processor/ISPCore_inst[13].u_ISPCore/RGB2HSV_Core_Inst/calculate_h_inst/SR[0]                                                        |               17 |             48 |         2.82 |
|  dvi2rgb_m0/GenerateBUFG.ResyncToBUFG_X/PixelClkOut                                                              | image_processor/ISPCore_inst[13].u_ISPCore/RGB2HSV_Core_Inst/pixel_flow_controller_inst/pixel_ready_hsv_reg_0                               | image_processor/ISPCore_inst[13].u_ISPCore/RGB2HSV_Core_Inst/calculate_h_inst/SR[0]                                                        |               15 |             48 |         3.20 |
|  dvi2rgb_m0/GenerateBUFG.ResyncToBUFG_X/PixelClkOut                                                              | image_processor/ISPCore_inst[11].u_ISPCore/RGB2HSV_Core_Inst/pixel_flow_controller_inst/pixel_ready_hsv_reg_0                               | image_processor/ISPCore_inst[13].u_ISPCore/RGB2HSV_Core_Inst/calculate_h_inst/SR[0]                                                        |               18 |             48 |         2.67 |
|  dvi2rgb_m0/GenerateBUFG.ResyncToBUFG_X/PixelClkOut                                                              | image_processor/ISPCore_inst[1].u_ISPCore/RGB2HSV_Core_Inst/pixel_flow_controller_inst/data_out_ready_rgb2hsv[0]                            | image_processor/ISPCore_inst[13].u_ISPCore/RGB2HSV_Core_Inst/calculate_h_inst/SR[0]                                                        |               13 |             48 |         3.69 |
|  dvi2rgb_m0/GenerateBUFG.ResyncToBUFG_X/PixelClkOut                                                              | image_processor/ISPCore_inst[4].u_ISPCore/RGB2HSV_Core_Inst/pixel_flow_controller_inst/E[0]                                                 | image_processor/ISPCore_inst[13].u_ISPCore/RGB2HSV_Core_Inst/calculate_h_inst/SR[0]                                                        |               18 |             48 |         2.67 |
|  dvi2rgb_m0/GenerateBUFG.ResyncToBUFG_X/PixelClkOut                                                              | image_processor/ISPCore_inst[5].u_ISPCore/RGB2HSV_Core_Inst/pixel_flow_controller_inst/data_out_ready_rgb2hsv[0]                            | image_processor/ISPCore_inst[13].u_ISPCore/RGB2HSV_Core_Inst/calculate_h_inst/SR[0]                                                        |               12 |             48 |         4.00 |
|  dvi2rgb_m0/GenerateBUFG.ResyncToBUFG_X/PixelClkOut                                                              | image_processor/ISPCore_inst[12].u_ISPCore/RGB2HSV_Core_Inst/pixel_flow_controller_inst/E[0]                                                | image_processor/ISPCore_inst[13].u_ISPCore/RGB2HSV_Core_Inst/calculate_h_inst/SR[0]                                                        |               14 |             48 |         3.43 |
|  dvi2rgb_m0/GenerateBUFG.ResyncToBUFG_X/PixelClkOut                                                              | image_processor/ISPCore_inst[0].u_ISPCore/RGB2HSV_Core_Inst/pixel_flow_controller_inst/E[0]                                                 | image_processor/ISPCore_inst[13].u_ISPCore/RGB2HSV_Core_Inst/calculate_h_inst/SR[0]                                                        |               19 |             48 |         2.53 |
|  dvi2rgb_m0/GenerateBUFG.ResyncToBUFG_X/PixelClkOut                                                              | image_processor/ISPCore_inst[10].u_ISPCore/RGB2HSV_Core_Inst/pixel_flow_controller_inst/E[0]                                                | image_processor/ISPCore_inst[13].u_ISPCore/RGB2HSV_Core_Inst/calculate_h_inst/SR[0]                                                        |               23 |             48 |         2.09 |
|  dvi2rgb_m0/GenerateBUFG.ResyncToBUFG_X/PixelClkOut                                                              | image_processor/ISPCore_inst[9].u_ISPCore/RGB2HSV_Core_Inst/pixel_flow_controller_inst/data_out_ready_rgb2hsv[0]                            | image_processor/ISPCore_inst[13].u_ISPCore/RGB2HSV_Core_Inst/calculate_h_inst/SR[0]                                                        |               15 |             48 |         3.20 |
|  pixel_sync_inst/CLK                                                                                             |                                                                                                                                             |                                                                                                                                            |               34 |            101 |         2.97 |
|  dvi2rgb_m0/TMDS_ClockingX/PixelClk_int                                                                          |                                                                                                                                             |                                                                                                                                            |               42 |            150 |         3.57 |
|  dvi2rgb_m0/GenerateBUFG.ResyncToBUFG_X/PixelClkOut                                                              |                                                                                                                                             |                                                                                                                                            |              104 |            343 |         3.30 |
|  dvi2rgb_m0/GenerateBUFG.ResyncToBUFG_X/PixelClkOut                                                              |                                                                                                                                             | image_processor/ISPCore_inst[13].u_ISPCore/RGB2HSV_Core_Inst/calculate_h_inst/SR[0]                                                        |             1779 |           7260 |         4.08 |
+------------------------------------------------------------------------------------------------------------------+---------------------------------------------------------------------------------------------------------------------------------------------+--------------------------------------------------------------------------------------------------------------------------------------------+------------------+----------------+--------------+


