Archive member included to satisfy reference by file (symbol)

c:/progra~1/raspbe~1/picosd~1.1/gcc-ar~1/bin/../lib/gcc/arm-none-eabi/10.3.1/thumb/v6-m/nofp\libgcc.a(_dvmd_tls.o)
                              CMakeFiles/PixelController.dir/C_/Program_Files/Raspberry_Pi/Pico_SDK_v1.5.1/pico-sdk/src/rp2_common/pico_divider/divider.S.obj (__aeabi_idiv0)
c:/progra~1/raspbe~1/picosd~1.1/gcc-ar~1/bin/../lib/gcc/arm-none-eabi/10.3.1/../../../../arm-none-eabi/lib/thumb/v6-m/nofp\libg.a(lib_a-atoi.o)
                              CMakeFiles/PixelController.dir/main.c.obj (atoi)
c:/progra~1/raspbe~1/picosd~1.1/gcc-ar~1/bin/../lib/gcc/arm-none-eabi/10.3.1/../../../../arm-none-eabi/lib/thumb/v6-m/nofp\libg.a(lib_a-calloc.o)
                              CMakeFiles/PixelController.dir/C_/Program_Files/Raspberry_Pi/Pico_SDK_v1.5.1/pico-sdk/src/rp2_common/pico_malloc/pico_malloc.c.obj (calloc)
c:/progra~1/raspbe~1/picosd~1.1/gcc-ar~1/bin/../lib/gcc/arm-none-eabi/10.3.1/../../../../arm-none-eabi/lib/thumb/v6-m/nofp\libg.a(lib_a-callocr.o)
                              c:/progra~1/raspbe~1/picosd~1.1/gcc-ar~1/bin/../lib/gcc/arm-none-eabi/10.3.1/../../../../arm-none-eabi/lib/thumb/v6-m/nofp\libg.a(lib_a-calloc.o) (_calloc_r)
c:/progra~1/raspbe~1/picosd~1.1/gcc-ar~1/bin/../lib/gcc/arm-none-eabi/10.3.1/../../../../arm-none-eabi/lib/thumb/v6-m/nofp\libg.a(lib_a-ctype_.o)
                              CMakeFiles/PixelController.dir/main.c.obj (_ctype_)
c:/progra~1/raspbe~1/picosd~1.1/gcc-ar~1/bin/../lib/gcc/arm-none-eabi/10.3.1/../../../../arm-none-eabi/lib/thumb/v6-m/nofp\libg.a(lib_a-errno.o)
                              c:/progra~1/raspbe~1/picosd~1.1/gcc-ar~1/bin/../lib/gcc/arm-none-eabi/10.3.1/../../../../arm-none-eabi/lib/thumb/v6-m/nofp\libg.a(lib_a-callocr.o) (__errno)
c:/progra~1/raspbe~1/picosd~1.1/gcc-ar~1/bin/../lib/gcc/arm-none-eabi/10.3.1/../../../../arm-none-eabi/lib/thumb/v6-m/nofp\libg.a(lib_a-fflush.o)
                              CMakeFiles/PixelController.dir/main.c.obj (fflush)
c:/progra~1/raspbe~1/picosd~1.1/gcc-ar~1/bin/../lib/gcc/arm-none-eabi/10.3.1/../../../../arm-none-eabi/lib/thumb/v6-m/nofp\libg.a(lib_a-findfp.o)
                              c:/progra~1/raspbe~1/picosd~1.1/gcc-ar~1/bin/../lib/gcc/arm-none-eabi/10.3.1/../../../../arm-none-eabi/lib/thumb/v6-m/nofp\libg.a(lib_a-fflush.o) (__sinit)
c:/progra~1/raspbe~1/picosd~1.1/gcc-ar~1/bin/../lib/gcc/arm-none-eabi/10.3.1/../../../../arm-none-eabi/lib/thumb/v6-m/nofp\libg.a(lib_a-freer.o)
                              c:/progra~1/raspbe~1/picosd~1.1/gcc-ar~1/bin/../lib/gcc/arm-none-eabi/10.3.1/../../../../arm-none-eabi/lib/thumb/v6-m/nofp\libg.a(lib_a-fflush.o) (_free_r)
c:/progra~1/raspbe~1/picosd~1.1/gcc-ar~1/bin/../lib/gcc/arm-none-eabi/10.3.1/../../../../arm-none-eabi/lib/thumb/v6-m/nofp\libg.a(lib_a-fwalk.o)
                              c:/progra~1/raspbe~1/picosd~1.1/gcc-ar~1/bin/../lib/gcc/arm-none-eabi/10.3.1/../../../../arm-none-eabi/lib/thumb/v6-m/nofp\libg.a(lib_a-findfp.o) (_fwalk)
c:/progra~1/raspbe~1/picosd~1.1/gcc-ar~1/bin/../lib/gcc/arm-none-eabi/10.3.1/../../../../arm-none-eabi/lib/thumb/v6-m/nofp\libg.a(lib_a-impure.o)
                              c:/progra~1/raspbe~1/picosd~1.1/gcc-ar~1/bin/../lib/gcc/arm-none-eabi/10.3.1/../../../../arm-none-eabi/lib/thumb/v6-m/nofp\libg.a(lib_a-fflush.o) (_global_impure_ptr)
c:/progra~1/raspbe~1/picosd~1.1/gcc-ar~1/bin/../lib/gcc/arm-none-eabi/10.3.1/../../../../arm-none-eabi/lib/thumb/v6-m/nofp\libg.a(lib_a-init.o)
                              c:/progra~1/raspbe~1/picosd~1.1/gcc-ar~1/bin/../lib/gcc/arm-none-eabi/10.3.1/../../../../arm-none-eabi/lib/thumb/v6-m/nofp/crt0.o (__libc_init_array)
c:/progra~1/raspbe~1/picosd~1.1/gcc-ar~1/bin/../lib/gcc/arm-none-eabi/10.3.1/../../../../arm-none-eabi/lib/thumb/v6-m/nofp\libg.a(lib_a-lock.o)
                              c:/progra~1/raspbe~1/picosd~1.1/gcc-ar~1/bin/../lib/gcc/arm-none-eabi/10.3.1/../../../../arm-none-eabi/lib/thumb/v6-m/nofp\libg.a(lib_a-findfp.o) (__retarget_lock_init_recursive)
c:/progra~1/raspbe~1/picosd~1.1/gcc-ar~1/bin/../lib/gcc/arm-none-eabi/10.3.1/../../../../arm-none-eabi/lib/thumb/v6-m/nofp\libg.a(lib_a-malloc.o)
                              CMakeFiles/PixelController.dir/C_/Program_Files/Raspberry_Pi/Pico_SDK_v1.5.1/pico-sdk/src/rp2_common/pico_malloc/pico_malloc.c.obj (malloc)
c:/progra~1/raspbe~1/picosd~1.1/gcc-ar~1/bin/../lib/gcc/arm-none-eabi/10.3.1/../../../../arm-none-eabi/lib/thumb/v6-m/nofp\libg.a(lib_a-mallocr.o)
                              c:/progra~1/raspbe~1/picosd~1.1/gcc-ar~1/bin/../lib/gcc/arm-none-eabi/10.3.1/../../../../arm-none-eabi/lib/thumb/v6-m/nofp\libg.a(lib_a-callocr.o) (_malloc_r)
c:/progra~1/raspbe~1/picosd~1.1/gcc-ar~1/bin/../lib/gcc/arm-none-eabi/10.3.1/../../../../arm-none-eabi/lib/thumb/v6-m/nofp\libg.a(lib_a-mlock.o)
[...]
Memory Configuration

Name             Origin             Length             Attributes
FLASH            0x10000000         0x00200000         xr
RAM              0x20000000         0x00040000         xrw
SCRATCH_X        0x20040000         0x00001000         xrw
SCRATCH_Y        0x20041000         0x00001000         xrw
*default*        0x00000000         0xffffffff

Linker script and memory map

LOAD c:/progra~1/raspbe~1/picosd~1.1/gcc-ar~1/bin/../lib/gcc/arm-none-eabi/10.3.1/thumb/v6-m/nofp/crti.o
LOAD c:/progra~1/raspbe~1/picosd~1.1/gcc-ar~1/bin/../lib/gcc/arm-none-eabi/10.3.1/thumb/v6-m/nofp/crtbegin.o
LOAD c:/progra~1/raspbe~1/picosd~1.1/gcc-ar~1/bin/../lib/gcc/arm-none-eabi/10.3.1/../../../../arm-none-eabi/lib/thumb/v6-m/nofp/crt0.o

.flash_begin    0x10000000        0x0
                0x10000000                __flash_binary_start = .

.boot2          0x10000000      0x100
                0x10000000                __boot2_start__ = .
 *(.boot2)
 .boot2         0x10000000      0x100 C:\Users\johnh\AppData\Local\Temp\ccCfwq2a.o
                0x10000100                __boot2_end__ = .
                0x00000001                ASSERT (((__boot2_end__ - __boot2_start__) == 0x100), ERROR: Pico second stage bootloader must be 256 bytes in size)

.text           0x10000100     0x7e68
                0x10000100                __logical_binary_start = .
 *(.vectors)
 .vectors       0x10000100       0xd4 CMakeFiles/PixelController.dir/C_/Program_Files/Raspberry_Pi/Pico_SDK_v1.5.1/pico-sdk/src/rp2_common/pico_standard_link/crt0.S.obj
                0x10000100                __VECTOR_TABLE
                0x10000100                __vectors
                0x100001c0                isr_invalid
                0x100001c0                __default_isrs_start
                0x100001c2                isr_nmi
                0x100001c4                isr_hardfault
                0x100001c6                isr_svcall
                0x100001c8                isr_pendsv
                0x100001ca                isr_systick
                0x100001cc                isr_irq23
                0x100001cc                isr_irq18
                0x100001cc                isr_irq11
                0x100001cc                isr_irq28
                0x100001cc                isr_irq19
                0x100001cc                isr_irq0
                0x100001cc                isr_irq6
                0x100001cc                isr_irq5
                0x100001cc                isr_irq12
                0x100001cc                isr_irq22
                0x100001cc                isr_irq31
                0x100001cc                isr_irq17
                0x100001cc                isr_irq27
                0x100001cc                isr_irq30
                0x100001cc                isr_irq2
                0x100001cc                isr_irq10
                0x100001cc                isr_irq8
                0x100001cc                isr_irq24
                0x100001cc                isr_irq1
                0x100001cc                isr_irq7
                0x100001cc                isr_irq21
                0x100001cc                isr_irq20
                0x100001cc                isr_irq15
                0x100001cc                isr_irq25
                0x100001cc                isr_irq13
                0x100001cc                __unhandled_user_irq
                0x100001cc                isr_irq4
                0x100001cc                isr_irq16
                0x100001cc                isr_irq29
                0x100001cc                isr_irq26
                0x100001cc                __default_isrs_end
                0x100001cc                isr_irq3
                0x100001cc                isr_irq14
                0x100001cc                isr_irq9
                0x100001d2                unhandled_user_irq_num_in_r0
 *(.binary_info_header)
 .binary_info_header
                0x100001d4       0x14 CMakeFiles/PixelController.dir/C_/Program_Files/Raspberry_Pi/Pico_SDK_v1.5.1/pico-sdk/src/rp2_common/pico_standard_link/crt0.S.obj
                0x100001e8                __binary_info_header_end = .
 *(.reset)
 .reset         0x100001e8       0xa0 CMakeFiles/PixelController.dir/C_/Program_Files/Raspberry_Pi/Pico_SDK_v1.5.1/pico-sdk/src/rp2_common/pico_standard_link/crt0.S.obj
                0x100001e8                _entry_point
 .reset         0x10000288       0x30 CMakeFiles/PixelController.dir/C_/Program_Files/Raspberry_Pi/Pico_SDK_v1.5.1/pico-sdk/src/rp2_common/pico_standard_link/binary_info.c.obj
 *(.init)
 .init          0x100002b8        0x4 c:/progra~1/raspbe~1/picosd~1.1/gcc-ar~1/bin/../lib/gcc/arm-none-eabi/10.3.1/thumb/v6-m/nofp/crti.o
                0x100002b8                _init
 *(EXCLUDE_FILE(*libm.a: *libc.a:*lib_a-mem*.o *libgcc.a:) .text*)
 .text          0x100002bc       0x48 c:/progra~1/raspbe~1/picosd~1.1/gcc-ar~1/bin/../lib/gcc/arm-none-eabi/10.3.1/thumb/v6-m/nofp/crtbegin.o
 .text.readInput
                0x10000304       0x3c CMakeFiles/PixelController.dir/main.c.obj
                0x10000304                readInput
 .text.bus_sender
                0x10000340      0x140 CMakeFiles/PixelController.dir/main.c.obj
                0x10000340                bus_sender
 .text.main     0x10000480      0x1e4 CMakeFiles/PixelController.dir/main.c.obj
                0x10000480                main
 .text.set_sys_clock_pll
                0x10000664       0x78 CMakeFiles/PixelController.dir/C_/Program_Files/Raspberry_Pi/Pico_SDK_v1.5.1/pico-sdk/src/rp2_common/pico_stdlib/stdlib.c.obj
                0x10000664                set_sys_clock_pll
 .text.check_sys_clock_khz
                0x100006dc       0xa4 CMakeFiles/PixelController.dir/C_/Program_Files/Raspberry_Pi/Pico_SDK_v1.5.1/pico-sdk/src/rp2_common/pico_stdlib/stdlib.c.obj
                0x100006dc                check_sys_clock_khz
 .text.gpio_set_function
                0x10000780       0x30 CMakeFiles/PixelController.dir/C_/Program_Files/Raspberry_Pi/Pico_SDK_v1.5.1/pico-sdk/src/rp2_common/hardware_gpio/gpio.c.obj
                0x10000780                gpio_set_function
 .text.gpio_init
                0x100007b0       0x16 CMakeFiles/PixelController.dir/C_/Program_Files/Raspberry_Pi/Pico_SDK_v1.5.1/pico-sdk/src/rp2_common/hardware_gpio/gpio.c.obj
                0x100007b0                gpio_init
 *fill*         0x100007c6        0x2 
 .text.running_on_fpga
                0x100007c8       0x14 CMakeFiles/PixelController.dir/C_/Program_Files/Raspberry_Pi/Pico_SDK_v1.5.1/pico-sdk/src/rp2_common/pico_platform/platform.c.obj
                0x100007c8                running_on_fpga
 .text.hw_claim_lock
                0x100007dc       0x18 CMakeFiles/PixelController.dir/C_/Program_Files/Raspberry_Pi/Pico_SDK_v1.5.1/pico-sdk/src/rp2_common/hardware_claim/claim.c.obj
                0x100007dc                hw_claim_lock
 .text.hw_claim_unlock
                0x100007f4       0x14 CMakeFiles/PixelController.dir/C_/Program_Files/Raspberry_Pi/Pico_SDK_v1.5.1/pico-sdk/src/rp2_common/hardware_claim/claim.c.obj
                0x100007f4                hw_claim_unlock
 .text.hw_claim_or_assert
                0x10000808       0x32 CMakeFiles/PixelController.dir/C_/Program_Files/Raspberry_Pi/Pico_SDK_v1.5.1/pico-sdk/src/rp2_common/hardware_claim/claim.c.obj
                0x10000808                hw_claim_or_assert
 .text.hw_claim_unused_from_range
                0x1000083a       0x50 CMakeFiles/PixelController.dir/C_/Program_Files/Raspberry_Pi/Pico_SDK_v1.5.1/pico-sdk/src/rp2_common/hardware_claim/claim.c.obj
                0x1000083a                hw_claim_unused_from_range
 *fill*         0x1000088a        0x2 
 .text.spin_locks_reset
                0x1000088c       0x20 CMakeFiles/PixelController.dir/C_/Program_Files/Raspberry_Pi/Pico_SDK_v1.5.1/pico-sdk/src/rp2_common/hardware_sync/sync.c.obj
                0x1000088c                spin_locks_reset
 .text.next_striped_spin_lock_num
                0x100008ac       0x1c CMakeFiles/PixelController.dir/C_/Program_Files/Raspberry_Pi/Pico_SDK_v1.5.1/pico-sdk/src/rp2_common/hardware_sync/sync.c.obj
                0x100008ac                next_striped_spin_lock_num
 .text.spin_lock_claim_unused
                0x100008c8       0x20 CMakeFiles/PixelController.dir/C_/Program_Files/Raspberry_Pi/Pico_SDK_v1.5.1/pico-sdk/src/rp2_common/hardware_sync/sync.c.obj
                0x100008c8                spin_lock_claim_unused
 .text.set_raw_irq_handler_and_unlock
                0x100008e8       0x28 CMakeFiles/PixelController.dir/C_/Program_Files/Raspberry_Pi/Pico_SDK_v1.5.1/pico-sdk/src/rp2_common/hardware_irq/irq.c.obj
 .text.make_branch
                0x10000910       0x48 CMakeFiles/PixelController.dir/C_/Program_Files/Raspberry_Pi/Pico_SDK_v1.5.1/pico-sdk/src/rp2_common/hardware_irq/irq.c.obj
 .text.insert_branch_and_link
                0x10000958       0x40 CMakeFiles/PixelController.dir/C_/Program_Files/Raspberry_Pi/Pico_SDK_v1.5.1/pico-sdk/src/rp2_common/hardware_irq/irq.c.obj
 .text.irq_is_enabled
                0x10000998       0x18 CMakeFiles/PixelController.dir/C_/Program_Files/Raspberry_Pi/Pico_SDK_v1.5.1/pico-sdk/src/rp2_common/hardware_irq/irq.c.obj
                0x10000998                irq_is_enabled
 .text.irq_set_mask_enabled
                0x100009b0       0x20 CMakeFiles/PixelController.dir/C_/Program_Files/Raspberry_Pi/Pico_SDK_v1.5.1/pico-sdk/src/rp2_common/hardware_irq/irq.c.obj
                0x100009b0                irq_set_mask_enabled
 .text.irq_set_enabled
                0x100009d0        0xe CMakeFiles/PixelController.dir/C_/Program_Files/Raspberry_Pi/Pico_SDK_v1.5.1/pico-sdk/src/rp2_common/hardware_irq/irq.c.obj
                0x100009d0                irq_set_enabled
 *fill*         0x100009de        0x2 
 .text.irq_set_pending
                0x100009e0       0x10 CMakeFiles/PixelController.dir/C_/Program_Files/Raspberry_Pi/Pico_SDK_v1.5.1/pico-sdk/src/rp2_common/hardware_irq/irq.c.obj
                0x100009e0                irq_set_pending
 .text.irq_get_vtable_handler
                0x100009f0       0x10 CMakeFiles/PixelController.dir/C_/Program_Files/Raspberry_Pi/Pico_SDK_v1.5.1/pico-sdk/src/rp2_common/hardware_irq/irq.c.obj
                0x100009f0                irq_get_vtable_handler
 .text.irq_has_shared_handler
                0x10000a00       0x24 CMakeFiles/PixelController.dir/C_/Program_Files/Raspberry_Pi/Pico_SDK_v1.5.1/pico-sdk/src/rp2_common/hardware_irq/irq.c.obj
                0x10000a00                irq_has_shared_handler
 .text.irq_set_exclusive_handler
                0x10000a24       0x54 CMakeFiles/PixelController.dir/C_/Program_Files/Raspberry_Pi/Pico_SDK_v1.5.1/pico-sdk/src/rp2_common/hardware_irq/irq.c.obj
                0x10000a24                irq_set_exclusive_handler
 .text.irq_add_shared_handler
                0x10000a78      0x234 CMakeFiles/PixelController.dir/C_/Program_Files/Raspberry_Pi/Pico_SDK_v1.5.1/pico-sdk/src/rp2_common/hardware_irq/irq.c.obj
                0x10000a78                irq_add_shared_handler
 .text.irq_remove_handler
                0x10000cac      0x1ac CMakeFiles/PixelController.dir/C_/Program_Files/Raspberry_Pi/Pico_SDK_v1.5.1/pico-sdk/src/rp2_common/hardware_irq/irq.c.obj
                0x10000cac                irq_remove_handler
 .text.irq_add_tail_to_free_list
                0x10000e58       0xf0 CMakeFiles/PixelController.dir/C_/Program_Files/Raspberry_Pi/Pico_SDK_v1.5.1/pico-sdk/src/rp2_common/hardware_irq/irq.c.obj
                0x10000e58                irq_add_tail_to_free_list
 .text.irq_init_priorities
                0x10000f48       0x1c CMakeFiles/PixelController.dir/C_/Program_Files/Raspberry_Pi/Pico_SDK_v1.5.1/pico-sdk/src/rp2_common/hardware_irq/irq.c.obj
                0x10000f48                irq_init_priorities
 .text.user_irq_claim_unused
                0x10000f64       0x28 CMakeFiles/PixelController.dir/C_/Program_Files/Raspberry_Pi/Pico_SDK_v1.5.1/pico-sdk/src/rp2_common/hardware_irq/irq.c.obj
                0x10000f64                user_irq_claim_unused
 .text.lock_init
                0x10000f8c       0x10 CMakeFiles/PixelController.dir/C_/Program_Files/Raspberry_Pi/Pico_SDK_v1.5.1/pico-sdk/src/common/pico_sync/lock_core.c.obj
                0x10000f8c                lock_init
 .text.mutex_init
                0x10000f9c       0x1a CMakeFiles/PixelController.dir/C_/Program_Files/Raspberry_Pi/Pico_SDK_v1.5.1/pico-sdk/src/common/pico_sync/mutex.c.obj
                0x10000f9c                mutex_init
 .text.recursive_mutex_init
                0x10000fb6       0x1e CMakeFiles/PixelController.dir/C_/Program_Files/Raspberry_Pi/Pico_SDK_v1.5.1/pico-sdk/src/common/pico_sync/mutex.c.obj
                0x10000fb6                recursive_mutex_init
 .text.critical_section_init_with_lock_num
                0x10000fd4       0x14 CMakeFiles/PixelController.dir/C_/Program_Files/Raspberry_Pi/Pico_SDK_v1.5.1/pico-sdk/src/common/pico_sync/critical_section.c.obj
                0x10000fd4                critical_section_init_with_lock_num
 .text.critical_section_init
                0x10000fe8       0x14 CMakeFiles/PixelController.dir/C_/Program_Files/Raspberry_Pi/Pico_SDK_v1.5.1/pico-sdk/src/common/pico_sync/critical_section.c.obj
                0x10000fe8                critical_section_init
 .text.alarm_pool_post_alloc_init
                0x10000ffc       0x40 CMakeFiles/PixelController.dir/C_/Program_Files/Raspberry_Pi/Pico_SDK_v1.5.1/pico-sdk/src/common/pico_time/time.c.obj
 .text.sleep_until_callback
                0x1000103c       0x30 CMakeFiles/PixelController.dir/C_/Program_Files/Raspberry_Pi/Pico_SDK_v1.5.1/pico-sdk/src/common/pico_time/time.c.obj
 .text.timer_pool_entry_comparator
                0x1000106c       0x7c CMakeFiles/PixelController.dir/C_/Program_Files/Raspberry_Pi/Pico_SDK_v1.5.1/pico-sdk/src/common/pico_time/time.c.obj
                0x1000106c                timer_pool_entry_comparator
 .text.ph_add_child_node
                0x100010e8       0xa4 CMakeFiles/PixelController.dir/C_/Program_Files/Raspberry_Pi/Pico_SDK_v1.5.1/pico-sdk/src/common/pico_time/time.c.obj
 .text.ph_merge_nodes
                0x1000118c       0x3e CMakeFiles/PixelController.dir/C_/Program_Files/Raspberry_Pi/Pico_SDK_v1.5.1/pico-sdk/src/common/pico_time/time.c.obj
 *fill*         0x100011ca        0x2 
 .text.add_alarm_under_lock
                0x100011cc      0x174 CMakeFiles/PixelController.dir/C_/Program_Files/Raspberry_Pi/Pico_SDK_v1.5.1/pico-sdk/src/common/pico_time/time.c.obj
 .text.alarm_pool_alarm_callback
                0x10001340      0x33c CMakeFiles/PixelController.dir/C_/Program_Files/Raspberry_Pi/Pico_SDK_v1.5.1/pico-sdk/src/common/pico_time/time.c.obj
 .text.alarm_pool_init_default
                0x1000167c       0x40 CMakeFiles/PixelController.dir/C_/Program_Files/Raspberry_Pi/Pico_SDK_v1.5.1/pico-sdk/src/common/pico_time/time.c.obj
                0x1000167c                alarm_pool_init_default
 .text.alarm_pool_get_default
                0x100016bc       0x2c CMakeFiles/PixelController.dir/C_/Program_Files/Raspberry_Pi/Pico_SDK_v1.5.1/pico-sdk/src/common/pico_time/time.c.obj
                0x100016bc                alarm_pool_get_default
 .text.alarm_pool_add_alarm_at
                0x100016e8      0x168 CMakeFiles/PixelController.dir/C_/Program_Files/Raspberry_Pi/Pico_SDK_v1.5.1/pico-sdk/src/common/pico_time/time.c.obj
                0x100016e8                alarm_pool_add_alarm_at
 .text.alarm_pool_cancel_alarm
                0x10001850       0xf8 CMakeFiles/PixelController.dir/C_/Program_Files/Raspberry_Pi/Pico_SDK_v1.5.1/pico-sdk/src/common/pico_time/time.c.obj
                0x10001850                alarm_pool_cancel_alarm
 .text.alarm_pool_core_num
                0x10001948        0x4 CMakeFiles/PixelController.dir/C_/Program_Files/Raspberry_Pi/Pico_SDK_v1.5.1/pico-sdk/src/common/pico_time/time.c.obj
                0x10001948                alarm_pool_core_num
 .text.sleep_until
                0x1000194c       0xfc CMakeFiles/PixelController.dir/C_/Program_Files/Raspberry_Pi/Pico_SDK_v1.5.1/pico-sdk/src/common/pico_time/time.c.obj
                0x1000194c                sleep_until
 .text.sleep_us
                0x10001a48       0x58 CMakeFiles/PixelController.dir/C_/Program_Files/Raspberry_Pi/Pico_SDK_v1.5.1/pico-sdk/src/common/pico_time/time.c.obj
                0x10001a48                sleep_us
 .text.sleep_ms
                0x10001aa0       0x14 CMakeFiles/PixelController.dir/C_/Program_Files/Raspberry_Pi/Pico_SDK_v1.5.1/pico-sdk/src/common/pico_time/time.c.obj
                0x10001aa0                sleep_ms
 .text.best_effort_wfe_or_timeout
                0x10001ab4       0xac CMakeFiles/PixelController.dir/C_/Program_Files/Raspberry_Pi/Pico_SDK_v1.5.1/pico-sdk/src/common/pico_time/time.c.obj
                0x10001ab4                best_effort_wfe_or_timeout
 .text.hardware_alarm_irq_handler
                0x10001b60       0x90 CMakeFiles/PixelController.dir/C_/Program_Files/Raspberry_Pi/Pico_SDK_v1.5.1/pico-sdk/src/rp2_common/hardware_timer/timer.c.obj
 .text.hardware_alarm_claim
                0x10001bf0       0x18 CMakeFiles/PixelController.dir/C_/Program_Files/Raspberry_Pi/Pico_SDK_v1.5.1/pico-sdk/src/rp2_common/hardware_timer/timer.c.obj
                0x10001bf0                hardware_alarm_claim
 .text.time_us_64
                0x10001c08       0x18 CMakeFiles/PixelController.dir/C_/Program_Files/Raspberry_Pi/Pico_SDK_v1.5.1/pico-sdk/src/rp2_common/hardware_timer/timer.c.obj
                0x10001c08                time_us_64
 .text.busy_wait_until
                0x10001c20       0x28 CMakeFiles/PixelController.dir/C_/Program_Files/Raspberry_Pi/Pico_SDK_v1.5.1/pico-sdk/src/rp2_common/hardware_timer/timer.c.obj
                0x10001c20                busy_wait_until
 .text.busy_wait_us
                0x10001c48       0x48 CMakeFiles/PixelController.dir/C_/Program_Files/Raspberry_Pi/Pico_SDK_v1.5.1/pico-sdk/src/rp2_common/hardware_timer/timer.c.obj
                0x10001c48                busy_wait_us
 .text.hardware_alarm_set_callback
                0x10001c90       0x90 CMakeFiles/PixelController.dir/C_/Program_Files/Raspberry_Pi/Pico_SDK_v1.5.1/pico-sdk/src/rp2_common/hardware_timer/timer.c.obj
                0x10001c90                hardware_alarm_set_callback
 .text.hardware_alarm_set_target
                0x10001d20       0xe8 CMakeFiles/PixelController.dir/C_/Program_Files/Raspberry_Pi/Pico_SDK_v1.5.1/pico-sdk/src/rp2_common/hardware_timer/timer.c.obj
                0x10001d20                hardware_alarm_set_target
 .text.hardware_alarm_cancel
                0x10001e08       0x40 CMakeFiles/PixelController.dir/C_/Program_Files/Raspberry_Pi/Pico_SDK_v1.5.1/pico-sdk/src/rp2_common/hardware_timer/timer.c.obj
                0x10001e08                hardware_alarm_cancel
 .text.ph_add_child_node
                0x10001e48       0xa4 CMakeFiles/PixelController.dir/C_/Program_Files/Raspberry_Pi/Pico_SDK_v1.5.1/pico-sdk/src/common/pico_util/pheap.c.obj
 .text.ph_merge_nodes
                0x10001eec       0x3e CMakeFiles/PixelController.dir/C_/Program_Files/Raspberry_Pi/Pico_SDK_v1.5.1/pico-sdk/src/common/pico_util/pheap.c.obj
 *fill*         0x10001f2a        0x2 
 .text.ph_clear
                0x10001f2c       0x70 CMakeFiles/PixelController.dir/C_/Program_Files/Raspberry_Pi/Pico_SDK_v1.5.1/pico-sdk/src/common/pico_util/pheap.c.obj
                0x10001f2c                ph_clear
 .text.ph_post_alloc_init
                0x10001f9c        0xe CMakeFiles/PixelController.dir/C_/Program_Files/Raspberry_Pi/Pico_SDK_v1.5.1/pico-sdk/src/common/pico_util/pheap.c.obj
                0x10001f9c                ph_post_alloc_init
 *fill*         0x10001faa        0x2 
 .text.ph_merge_two_pass
                0x10001fac       0xa8 CMakeFiles/PixelController.dir/C_/Program_Files/Raspberry_Pi/Pico_SDK_v1.5.1/pico-sdk/src/common/pico_util/pheap.c.obj
                0x10001fac                ph_merge_two_pass
 .text.ph_remove_any_head
                0x10002054      0x128 CMakeFiles/PixelController.dir/C_/Program_Files/Raspberry_Pi/Pico_SDK_v1.5.1/pico-sdk/src/common/pico_util/pheap.c.obj
 .text.ph_remove_head
                0x1000217c       0x14 CMakeFiles/PixelController.dir/C_/Program_Files/Raspberry_Pi/Pico_SDK_v1.5.1/pico-sdk/src/common/pico_util/pheap.c.obj
                0x1000217c                ph_remove_head
 .text.ph_remove_and_free_node
                0x10002190       0xf8 CMakeFiles/PixelController.dir/C_/Program_Files/Raspberry_Pi/Pico_SDK_v1.5.1/pico-sdk/src/common/pico_util/pheap.c.obj
                0x10002190                ph_remove_and_free_node
 .text.clock_configure
                0x10002288      0x108 CMakeFiles/PixelController.dir/C_/Program_Files/Raspberry_Pi/Pico_SDK_v1.5.1/pico-sdk/src/rp2_common/hardware_clocks/clocks.c.obj
                0x10002288                clock_configure
 .text.clocks_init
                0x10002390      0x100 CMakeFiles/PixelController.dir/C_/Program_Files/Raspberry_Pi/Pico_SDK_v1.5.1/pico-sdk/src/rp2_common/hardware_clocks/clocks.c.obj
                0x10002390                clocks_init
 .text.pll_init
                0x10002490      0x120 CMakeFiles/PixelController.dir/C_/Program_Files/Raspberry_Pi/Pico_SDK_v1.5.1/pico-sdk/src/rp2_common/hardware_pll/pll.c.obj
                0x10002490                pll_init
 .text.watchdog_start_tick
                0x100025b0       0x10 CMakeFiles/PixelController.dir/C_/Program_Files/Raspberry_Pi/Pico_SDK_v1.5.1/pico-sdk/src/rp2_common/hardware_watchdog/watchdog.c.obj
                0x100025b0                watchdog_start_tick
 .text.watchdog_update
                0x100025c0       0x14 CMakeFiles/PixelController.dir/C_/Program_Files/Raspberry_Pi/Pico_SDK_v1.5.1/pico-sdk/src/rp2_common/hardware_watchdog/watchdog.c.obj
                0x100025c0                watchdog_update
 .text._watchdog_enable
                0x100025d4       0x78 CMakeFiles/PixelController.dir/C_/Program_Files/Raspberry_Pi/Pico_SDK_v1.5.1/pico-sdk/src/rp2_common/hardware_watchdog/watchdog.c.obj
                0x100025d4                _watchdog_enable
 .text.watchdog_reboot
                0x1000264c       0x48 CMakeFiles/PixelController.dir/C_/Program_Files/Raspberry_Pi/Pico_SDK_v1.5.1/pico-sdk/src/rp2_common/hardware_watchdog/watchdog.c.obj
                0x1000264c                watchdog_reboot
 .text.xosc_init
                0x10002694       0x28 CMakeFiles/PixelController.dir/C_/Program_Files/Raspberry_Pi/Pico_SDK_v1.5.1/pico-sdk/src/rp2_common/hardware_xosc/xosc.c.obj
                0x10002694                xosc_init
 .text._exit    0x100026bc        0x4 CMakeFiles/PixelController.dir/C_/Program_Files/Raspberry_Pi/Pico_SDK_v1.5.1/pico-sdk/src/rp2_common/pico_runtime/runtime.c.obj
                0x100026bc                _exit
 .text._sbrk    0x100026c0       0x38 CMakeFiles/PixelController.dir/C_/Program_Files/Raspberry_Pi/Pico_SDK_v1.5.1/pico-sdk/src/rp2_common/pico_runtime/runtime.c.obj
                0x100026c0                _sbrk
 .text.exit     0x100026f8        0x6 CMakeFiles/PixelController.dir/C_/Program_Files/Raspberry_Pi/Pico_SDK_v1.5.1/pico-sdk/src/rp2_common/pico_runtime/runtime.c.obj
                0x100026f8                exit
 *fill*         0x100026fe        0x2 
 .text.__assert_func
                0x10002700       0x3c CMakeFiles/PixelController.dir/C_/Program_Files/Raspberry_Pi/Pico_SDK_v1.5.1/pico-sdk/src/rp2_common/pico_runtime/runtime.c.obj
                0x10002700                __assert_func
 .text.runtime_init
                0x1000273c       0xf8 CMakeFiles/PixelController.dir/C_/Program_Files/Raspberry_Pi/Pico_SDK_v1.5.1/pico-sdk/src/rp2_common/pico_runtime/runtime.c.obj
                0x1000273c                runtime_init
 .text.panic    0x10002834       0x30 CMakeFiles/PixelController.dir/C_/Program_Files/Raspberry_Pi/Pico_SDK_v1.5.1/pico-sdk/src/rp2_common/pico_runtime/runtime.c.obj
                0x10002834                panic
 .text._out_null
                0x10002864        0x2 CMakeFiles/PixelController.dir/C_/Program_Files/Raspberry_Pi/Pico_SDK_v1.5.1/pico-sdk/src/rp2_common/pico_printf/printf.c.obj
 .text._out_fct
                0x10002866        0xe CMakeFiles/PixelController.dir/C_/Program_Files/Raspberry_Pi/Pico_SDK_v1.5.1/pico-sdk/src/rp2_common/pico_printf/printf.c.obj
 .text._atoi    0x10002874       0x24 CMakeFiles/PixelController.dir/C_/Program_Files/Raspberry_Pi/Pico_SDK_v1.5.1/pico-sdk/src/rp2_common/pico_printf/printf.c.obj
 .text._out_rev
                0x10002898       0xae CMakeFiles/PixelController.dir/C_/Program_Files/Raspberry_Pi/Pico_SDK_v1.5.1/pico-sdk/src/rp2_common/pico_printf/printf.c.obj
 .text._ntoa_format
                0x10002946      0x112 CMakeFiles/PixelController.dir/C_/Program_Files/Raspberry_Pi/Pico_SDK_v1.5.1/pico-sdk/src/rp2_common/pico_printf/printf.c.obj
 .text._ntoa_long
                0x10002a58       0xbc CMakeFiles/PixelController.dir/C_/Program_Files/Raspberry_Pi/Pico_SDK_v1.5.1/pico-sdk/src/rp2_common/pico_printf/printf.c.obj
 .text._ntoa_long_long
                0x10002b14       0xe2 CMakeFiles/PixelController.dir/C_/Program_Files/Raspberry_Pi/Pico_SDK_v1.5.1/pico-sdk/src/rp2_common/pico_printf/printf.c.obj
 *fill*         0x10002bf6        0x2 
 .text._etoa    0x10002bf8      0x414 CMakeFiles/PixelController.dir/C_/Program_Files/Raspberry_Pi/Pico_SDK_v1.5.1/pico-sdk/src/rp2_common/pico_printf/printf.c.obj
 .text._ftoa    0x1000300c      0x354 CMakeFiles/PixelController.dir/C_/Program_Files/Raspberry_Pi/Pico_SDK_v1.5.1/pico-sdk/src/rp2_common/pico_printf/printf.c.obj
 .text._vsnprintf
                0x10003360      0x624 CMakeFiles/PixelController.dir/C_/Program_Files/Raspberry_Pi/Pico_SDK_v1.5.1/pico-sdk/src/rp2_common/pico_printf/printf.c.obj
 .text.vfctprintf
                0x10003984       0x20 CMakeFiles/PixelController.dir/C_/Program_Files/Raspberry_Pi/Pico_SDK_v1.5.1/pico-sdk/src/rp2_common/pico_printf/printf.c.obj
                0x10003984                vfctprintf
 .text          0x100039a4       0x10 CMakeFiles/PixelController.dir/C_/Program_Files/Raspberry_Pi/Pico_SDK_v1.5.1/pico-sdk/src/rp2_common/pico_bit_ops/bit_ops_aeabi.S.obj
 .text.rom_func_lookup
                0x100039b4       0x10 CMakeFiles/PixelController.dir/C_/Program_Files/Raspberry_Pi/Pico_SDK_v1.5.1/pico-sdk/src/rp2_common/pico_bootrom/bootrom.c.obj
                0x100039b4                rom_func_lookup
 .text.rom_data_lookup
                0x100039c4       0x10 CMakeFiles/PixelController.dir/C_/Program_Files/Raspberry_Pi/Pico_SDK_v1.5.1/pico-sdk/src/rp2_common/pico_bootrom/bootrom.c.obj
                0x100039c4                rom_data_lookup
 .text.rom_funcs_lookup
                0x100039d4       0x36 CMakeFiles/PixelController.dir/C_/Program_Files/Raspberry_Pi/Pico_SDK_v1.5.1/pico-sdk/src/rp2_common/pico_bootrom/bootrom.c.obj
                0x100039d4                rom_funcs_lookup
 *fill*         0x10003a0a        0x2 
 .text.__wrap___aeabi_idiv
                0x10003a0c       0x50 CMakeFiles/PixelController.dir/C_/Program_Files/Raspberry_Pi/Pico_SDK_v1.5.1/pico-sdk/src/rp2_common/pico_divider/divider.S.obj
                0x10003a0c                __wrap___aeabi_idivmod
                0x10003a0c                divmod_s32s32
                0x10003a0c                div_s32s32
                0x10003a0c                __wrap___aeabi_idiv
                0x10003a14                divmod_s32s32_unsafe
                0x10003a40                divmod_s32s32_savestate
 .text.__wrap___aeabi_uidiv
                0x10003a5c       0x4c CMakeFiles/PixelController.dir/C_/Program_Files/Raspberry_Pi/Pico_SDK_v1.5.1/pico-sdk/src/rp2_common/pico_divider/divider.S.obj
                0x10003a5c                __wrap___aeabi_uidiv
                0x10003a5c                __wrap___aeabi_uidivmod
                0x10003a5c                div_u32u32
                0x10003a5c                divmod_u32u32
                0x10003a64                divmod_u32u32_unsafe
                0x10003a8c                divmod_u32u32_savestate
 .text.__wrap___aeabi_ldiv
                0x10003aa8      0x424 CMakeFiles/PixelController.dir/C_/Program_Files/Raspberry_Pi/Pico_SDK_v1.5.1/pico-sdk/src/rp2_common/pico_divider/divider.S.obj
                0x10003aa8                div_s64s64
                0x10003aa8                divmod_s64s64
                0x10003aa8                __wrap___aeabi_ldivmod
                0x10003ad8                divmod_u64u64
                0x10003ad8                div_u64u64
                0x10003ad8                __wrap___aeabi_uldivmod
                0x10003ae8                divmod_u64u64_savestate
                0x10003b08                divmod_s64s64_unsafe
                0x10003b90                divmod_u64u64_unsafe
 .text.__wrap___aeabi_darithmetic
                0x10003ecc       0x80 CMakeFiles/PixelController.dir/C_/Program_Files/Raspberry_Pi/Pico_SDK_v1.5.1/pico-sdk/src/rp2_common/pico_double/double_aeabi.S.obj
                0x10003ecc                __wrap___aeabi_drsub
                0x10003ed2                __wrap___aeabi_dsub
                0x10003ee4                __wrap___aeabi_dadd
                0x10003ef6                __wrap___aeabi_ddiv
                0x10003f32                __wrap___aeabi_dmul
 .text.__wrap___aeabi_cdcmple
                0x10003f4c       0x6c CMakeFiles/PixelController.dir/C_/Program_Files/Raspberry_Pi/Pico_SDK_v1.5.1/pico-sdk/src/rp2_common/pico_double/double_aeabi.S.obj
                0x10003f4c                __wrap___aeabi_cdrcmple
                0x10003f5c                __wrap___aeabi_cdcmpeq
                0x10003f5c                __wrap___aeabi_cdcmple
 .text.__wrap___aeabi_dcmplt
                0x10003fb8        0xc CMakeFiles/PixelController.dir/C_/Program_Files/Raspberry_Pi/Pico_SDK_v1.5.1/pico-sdk/src/rp2_common/pico_double/double_aeabi.S.obj
                0x10003fb8                __wrap___aeabi_dcmplt
 .text.__wrap___aeabi_dcmple
                0x10003fc4       0x10 CMakeFiles/PixelController.dir/C_/Program_Files/Raspberry_Pi/Pico_SDK_v1.5.1/pico-sdk/src/rp2_common/pico_double/double_aeabi.S.obj
                0x10003fc4                __wrap___aeabi_dcmple
 .text.__wrap___aeabi_dcmpge
                0x10003fd4       0x10 CMakeFiles/PixelController.dir/C_/Program_Files/Raspberry_Pi/Pico_SDK_v1.5.1/pico-sdk/src/rp2_common/pico_double/double_aeabi.S.obj
                0x10003fd4                __wrap___aeabi_dcmpge
 .text.__wrap___aeabi_dcmpgt
                0x10003fe4        0xa CMakeFiles/PixelController.dir/C_/Program_Files/Raspberry_Pi/Pico_SDK_v1.5.1/pico-sdk/src/rp2_common/pico_double/double_aeabi.S.obj
                0x10003fe4                __wrap___aeabi_dcmpgt
 .text.__wrap___aeabi_dcmpun
                0x10003fee       0x1c CMakeFiles/PixelController.dir/C_/Program_Files/Raspberry_Pi/Pico_SDK_v1.5.1/pico-sdk/src/rp2_common/pico_double/double_aeabi.S.obj
                0x10003fee                __wrap___aeabi_dcmpun
 *fill*         0x1000400a        0x2 
 .text.__wrap___aeabi_i2d
                0x1000400c       0x38 CMakeFiles/PixelController.dir/C_/Program_Files/Raspberry_Pi/Pico_SDK_v1.5.1/pico-sdk/src/rp2_common/pico_double/double_aeabi.S.obj
                0x1000400c                __wrap___aeabi_ui2d
                0x10004014                __wrap___aeabi_i2d
 .text.__wrap___aeabi_d2iz
                0x10004044       0x48 CMakeFiles/PixelController.dir/C_/Program_Files/Raspberry_Pi/Pico_SDK_v1.5.1/pico-sdk/src/rp2_common/pico_double/double_aeabi.S.obj
                0x10004044                double2int_z
                0x10004044                __wrap___aeabi_d2iz
 .text.__wrap___aeabi_d2uiz
                0x1000408c       0x18 CMakeFiles/PixelController.dir/C_/Program_Files/Raspberry_Pi/Pico_SDK_v1.5.1/pico-sdk/src/rp2_common/pico_double/double_aeabi.S.obj
                0x1000408c                __wrap___aeabi_d2uiz
                0x1000408c                double2uint
 .text.__aeabi_double_init
                0x100040a4       0xc8 CMakeFiles/PixelController.dir/C_/Program_Files/Raspberry_Pi/Pico_SDK_v1.5.1/pico-sdk/src/rp2_common/pico_double/double_init_rom.c.obj
                0x100040a4                __aeabi_double_init
 .text.double_table_shim_on_use_helper
                0x1000416c       0x34 CMakeFiles/PixelController.dir/C_/Program_Files/Raspberry_Pi/Pico_SDK_v1.5.1/pico-sdk/src/rp2_common/pico_double/double_v1_rom_shim.S.obj
                0x1000416c                double_table_shim_on_use_helper
 .text.__wrap___aeabi_dsub
                0x100041a0       0x10 CMakeFiles/PixelController.dir/C_/Program_Files/Raspberry_Pi/Pico_SDK_v1.5.1/pico-sdk/src/rp2_common/pico_double/double_v1_rom_shim.S.obj
                0x100041a0                drsub_shim
                0x100041a6                dsub_shim
 .text.dadd_shim
                0x100041b0      0x15c CMakeFiles/PixelController.dir/C_/Program_Files/Raspberry_Pi/Pico_SDK_v1.5.1/pico-sdk/src/rp2_common/pico_double/double_v1_rom_shim.S.obj
                0x100041b0                dadd_shim
 .text.dmul_shim
                0x1000430c      0x15c CMakeFiles/PixelController.dir/C_/Program_Files/Raspberry_Pi/Pico_SDK_v1.5.1/pico-sdk/src/rp2_common/pico_double/double_v1_rom_shim.S.obj
                0x1000430c                dmul_shim
 .text.ddiv_shim
                0x10004468      0x1b0 CMakeFiles/PixelController.dir/C_/Program_Files/Raspberry_Pi/Pico_SDK_v1.5.1/pico-sdk/src/rp2_common/pico_double/double_v1_rom_shim.S.obj
                0x10004468                ddiv_shim
 .text.double2uint_shim
                0x10004618        0xe CMakeFiles/PixelController.dir/C_/Program_Files/Raspberry_Pi/Pico_SDK_v1.5.1/pico-sdk/src/rp2_common/pico_double/double_v1_rom_shim.S.obj
                0x10004618                double2uint_shim
                0x1000461a                double2ufix_shim
 *fill*         0x10004626        0x2 
 .text.double2uint64_shim
                0x10004628       0x70 CMakeFiles/PixelController.dir/C_/Program_Files/Raspberry_Pi/Pico_SDK_v1.5.1/pico-sdk/src/rp2_common/pico_double/double_v1_rom_shim.S.obj
                0x10004628                double2uint64_shim
                0x1000462a                double2ufix64_shim
                0x1000464a                d2fix_a
 .text.dunpacks
                0x10004698       0x3c CMakeFiles/PixelController.dir/C_/Program_Files/Raspberry_Pi/Pico_SDK_v1.5.1/pico-sdk/src/rp2_common/pico_double/double_v1_rom_shim.S.obj
                0x10004698                dunpacks
 .text.__aeabi_lmul
                0x100046d4       0x32 CMakeFiles/PixelController.dir/C_/Program_Files/Raspberry_Pi/Pico_SDK_v1.5.1/pico-sdk/src/rp2_common/pico_int64_ops/pico_int64_ops_aeabi.S.obj
                0x100046d4                __wrap___aeabi_lmul
 *fill*         0x10004706        0x2 
 .text.__aeabi_float_init
                0x10004708       0xfc CMakeFiles/PixelController.dir/C_/Program_Files/Raspberry_Pi/Pico_SDK_v1.5.1/pico-sdk/src/rp2_common/pico_float/float_init_rom.c.obj
                0x10004708                __aeabi_float_init
 .text.float_table_shim_on_use_helper
                0x10004804       0x34 CMakeFiles/PixelController.dir/C_/Program_Files/Raspberry_Pi/Pico_SDK_v1.5.1/pico-sdk/src/rp2_common/pico_float/float_v1_rom_shim.S.obj
                0x10004804                float_table_shim_on_use_helper
 .text          0x10004838       0x10 CMakeFiles/PixelController.dir/C_/Program_Files/Raspberry_Pi/Pico_SDK_v1.5.1/pico-sdk/src/rp2_common/pico_mem_ops/mem_ops_aeabi.S.obj
                0x10004838                __aeabi_mem_init
 .text.memset   0x10004848        0xc CMakeFiles/PixelController.dir/C_/Program_Files/Raspberry_Pi/Pico_SDK_v1.5.1/pico-sdk/src/rp2_common/pico_mem_ops/mem_ops_aeabi.S.obj
                0x10004848                __wrap_memset
 .text.memcpy   0x10004854        0xc CMakeFiles/PixelController.dir/C_/Program_Files/Raspberry_Pi/Pico_SDK_v1.5.1/pico-sdk/src/rp2_common/pico_mem_ops/mem_ops_aeabi.S.obj
                0x10004854                __wrap_memcpy
                0x10004854                __wrap___aeabi_memcpy
 .text.stdio_out_chars_no_crlf
                0x10004860        0xe CMakeFiles/PixelController.dir/C_/Program_Files/Raspberry_Pi/Pico_SDK_v1.5.1/pico-sdk/src/rp2_common/pico_stdio/stdio.c.obj
 *fill*         0x1000486e        0x2 
 .text.stdio_out_chars_crlf
                0x10004870       0x80 CMakeFiles/PixelController.dir/C_/Program_Files/Raspberry_Pi/Pico_SDK_v1.5.1/pico-sdk/src/rp2_common/pico_stdio/stdio.c.obj
 .text.stdio_stack_buffer_flush
                0x100048f0       0x44 CMakeFiles/PixelController.dir/C_/Program_Files/Raspberry_Pi/Pico_SDK_v1.5.1/pico-sdk/src/rp2_common/pico_stdio/stdio.c.obj
 .text.stdio_buffered_printer
                0x10004934       0x20 CMakeFiles/PixelController.dir/C_/Program_Files/Raspberry_Pi/Pico_SDK_v1.5.1/pico-sdk/src/rp2_common/pico_stdio/stdio.c.obj
 .text.stdio_get_until
                0x10004954       0x80 CMakeFiles/PixelController.dir/C_/Program_Files/Raspberry_Pi/Pico_SDK_v1.5.1/pico-sdk/src/rp2_common/pico_stdio/stdio.c.obj
 .text.stdout_serialize_begin
                0x100049d4       0x5c CMakeFiles/PixelController.dir/C_/Program_Files/Raspberry_Pi/Pico_SDK_v1.5.1/pico-sdk/src/rp2_common/pico_stdio/stdio.c.obj
                0x100049d4                stdout_serialize_begin
 .text.stdout_serialize_end
                0x10004a30       0x10 CMakeFiles/PixelController.dir/C_/Program_Files/Raspberry_Pi/Pico_SDK_v1.5.1/pico-sdk/src/rp2_common/pico_stdio/stdio.c.obj
                0x10004a30                stdout_serialize_end
 .text.stdio_put_string
                0x10004a40       0x98 CMakeFiles/PixelController.dir/C_/Program_Files/Raspberry_Pi/Pico_SDK_v1.5.1/pico-sdk/src/rp2_common/pico_stdio/stdio.c.obj
 .text.__wrap_putchar
                0x10004ad8       0x1c CMakeFiles/PixelController.dir/C_/Program_Files/Raspberry_Pi/Pico_SDK_v1.5.1/pico-sdk/src/rp2_common/pico_stdio/stdio.c.obj
                0x10004ad8                __wrap_putchar
 .text._read    0x10004af4       0x24 CMakeFiles/PixelController.dir/C_/Program_Files/Raspberry_Pi/Pico_SDK_v1.5.1/pico-sdk/src/rp2_common/pico_stdio/stdio.c.obj
                0x10004af4                _read
 .text._write   0x10004b18       0x22 CMakeFiles/PixelController.dir/C_/Program_Files/Raspberry_Pi/Pico_SDK_v1.5.1/pico-sdk/src/rp2_common/pico_stdio/stdio.c.obj
                0x10004b18                _write
 .text._close   0x10004b3a        0x6 CMakeFiles/PixelController.dir/C_/Program_Files/Raspberry_Pi/Pico_SDK_v1.5.1/pico-sdk/src/rp2_common/pico_stdio/stdio.c.obj
                0x10004b3a                _close
 .text._lseek   0x10004b40        0x6 CMakeFiles/PixelController.dir/C_/Program_Files/Raspberry_Pi/Pico_SDK_v1.5.1/pico-sdk/src/rp2_common/pico_stdio/stdio.c.obj
                0x10004b40                _lseek
 *fill*         0x10004b46        0x2 
 .text.stdio_set_driver_enabled
                0x10004b48       0x2c CMakeFiles/PixelController.dir/C_/Program_Files/Raspberry_Pi/Pico_SDK_v1.5.1/pico-sdk/src/rp2_common/pico_stdio/stdio.c.obj
                0x10004b48                stdio_set_driver_enabled
 .text.stdio_flush
                0x10004b74       0x20 CMakeFiles/PixelController.dir/C_/Program_Files/Raspberry_Pi/Pico_SDK_v1.5.1/pico-sdk/src/rp2_common/pico_stdio/stdio.c.obj
                0x10004b74                stdio_flush
 .text.__wrap_puts
                0x10004b94       0x1e CMakeFiles/PixelController.dir/C_/Program_Files/Raspberry_Pi/Pico_SDK_v1.5.1/pico-sdk/src/rp2_common/pico_stdio/stdio.c.obj
                0x10004b94                __wrap_puts
 *fill*         0x10004bb2        0x2 
 .text.__wrap_vprintf
                0x10004bb4       0x40 CMakeFiles/PixelController.dir/C_/Program_Files/Raspberry_Pi/Pico_SDK_v1.5.1/pico-sdk/src/rp2_common/pico_stdio/stdio.c.obj
                0x10004bb4                __wrap_vprintf
 .text.__wrap_printf
                0x10004bf4       0x18 CMakeFiles/PixelController.dir/C_/Program_Files/Raspberry_Pi/Pico_SDK_v1.5.1/pico-sdk/src/rp2_common/pico_stdio/stdio.c.obj
                0x10004bf4                __wrap_printf
 .text.stdio_init_all
                0x10004c0c        0x8 CMakeFiles/PixelController.dir/C_/Program_Files/Raspberry_Pi/Pico_SDK_v1.5.1/pico-sdk/src/rp2_common/pico_stdio/stdio.c.obj
                0x10004c0c                stdio_init_all
 .text.__wrap_getchar
                0x10004c14       0x40 CMakeFiles/PixelController.dir/C_/Program_Files/Raspberry_Pi/Pico_SDK_v1.5.1/pico-sdk/src/rp2_common/pico_stdio/stdio.c.obj
                0x10004c14                __wrap_getchar
 .text.resetd_init
                0x10004c54        0x2 CMakeFiles/PixelController.dir/C_/Program_Files/Raspberry_Pi/Pico_SDK_v1.5.1/pico-sdk/src/rp2_common/pico_stdio_usb/reset_interface.c.obj
 *fill*         0x10004c56        0x2 
 .text.resetd_reset
                0x10004c58        0xc CMakeFiles/PixelController.dir/C_/Program_Files/Raspberry_Pi/Pico_SDK_v1.5.1/pico-sdk/src/rp2_common/pico_stdio_usb/reset_interface.c.obj
 .text.resetd_open
                0x10004c64       0x34 CMakeFiles/PixelController.dir/C_/Program_Files/Raspberry_Pi/Pico_SDK_v1.5.1/pico-sdk/src/rp2_common/pico_stdio_usb/reset_interface.c.obj
 .text.resetd_xfer_cb
                0x10004c98        0x4 CMakeFiles/PixelController.dir/C_/Program_Files/Raspberry_Pi/Pico_SDK_v1.5.1/pico-sdk/src/rp2_common/pico_stdio_usb/reset_interface.c.obj
 .text.reset_usb_boot
                0x10004c9c       0x18 CMakeFiles/PixelController.dir/C_/Program_Files/Raspberry_Pi/Pico_SDK_v1.5.1/pico-sdk/src/rp2_common/pico_stdio_usb/reset_interface.c.obj
 .text.resetd_control_xfer_cb
                0x10004cb4       0x5c CMakeFiles/PixelController.dir/C_/Program_Files/Raspberry_Pi/Pico_SDK_v1.5.1/pico-sdk/src/rp2_common/pico_stdio_usb/reset_interface.c.obj
 .text.usbd_app_driver_get_cb
                0x10004d10        0xc CMakeFiles/PixelController.dir/C_/Program_Files/Raspberry_Pi/Pico_SDK_v1.5.1/pico-sdk/src/rp2_common/pico_stdio_usb/reset_interface.c.obj
                0x10004d10                usbd_app_driver_get_cb
 .text.tud_cdc_line_coding_cb
                0x10004d1c       0x28 CMakeFiles/PixelController.dir/C_/Program_Files/Raspberry_Pi/Pico_SDK_v1.5.1/pico-sdk/src/rp2_common/pico_stdio_usb/reset_interface.c.obj
                0x10004d1c                tud_cdc_line_coding_cb
 .text.stdio_usb_set_chars_available_callback
                0x10004d44       0x14 CMakeFiles/PixelController.dir/C_/Program_Files/Raspberry_Pi/Pico_SDK_v1.5.1/pico-sdk/src/rp2_common/pico_stdio_usb/stdio_usb.c.obj
                0x10004d44                stdio_usb_set_chars_available_callback
 .text.usb_irq  0x10004d58       0x10 CMakeFiles/PixelController.dir/C_/Program_Files/Raspberry_Pi/Pico_SDK_v1.5.1/pico-sdk/src/rp2_common/pico_stdio_usb/stdio_usb.c.obj
 .text.timer_task
                0x10004d68       0x5c CMakeFiles/PixelController.dir/C_/Program_Files/Raspberry_Pi/Pico_SDK_v1.5.1/pico-sdk/src/rp2_common/pico_stdio_usb/stdio_usb.c.obj
 .text.low_priority_worker_irq
                0x10004dc4       0xdc CMakeFiles/PixelController.dir/C_/Program_Files/Raspberry_Pi/Pico_SDK_v1.5.1/pico-sdk/src/rp2_common/pico_stdio_usb/stdio_usb.c.obj
 .text.tud_cdc_rx_cb
                0x10004ea0       0x20 CMakeFiles/PixelController.dir/C_/Program_Files/Raspberry_Pi/Pico_SDK_v1.5.1/pico-sdk/src/rp2_common/pico_stdio_usb/stdio_usb.c.obj
                0x10004ea0                tud_cdc_rx_cb
 .text.stdio_usb_init
                0x10004ec0      0x11c CMakeFiles/PixelController.dir/C_/Program_Files/Raspberry_Pi/Pico_SDK_v1.5.1/pico-sdk/src/rp2_common/pico_stdio_usb/stdio_usb.c.obj
                0x10004ec0                stdio_usb_init
 .text.stdio_usb_connected
                0x10004fdc        0xa CMakeFiles/PixelController.dir/C_/Program_Files/Raspberry_Pi/Pico_SDK_v1.5.1/pico-sdk/src/rp2_common/pico_stdio_usb/stdio_usb.c.obj
                0x10004fdc                stdio_usb_connected
 *fill*         0x10004fe6        0x2 
 .text.stdio_usb_in_chars
                0x10004fe8       0xc4 CMakeFiles/PixelController.dir/C_/Program_Files/Raspberry_Pi/Pico_SDK_v1.5.1/pico-sdk/src/rp2_common/pico_stdio_usb/stdio_usb.c.obj
                0x10004fe8                stdio_usb_in_chars
 .text.stdio_usb_out_chars
                0x100050ac      0x114 CMakeFiles/PixelController.dir/C_/Program_Files/Raspberry_Pi/Pico_SDK_v1.5.1/pico-sdk/src/rp2_common/pico_stdio_usb/stdio_usb.c.obj
 .text.tud_descriptor_device_cb
                0x100051c0        0x8 CMakeFiles/PixelController.dir/C_/Program_Files/Raspberry_Pi/Pico_SDK_v1.5.1/pico-sdk/src/rp2_common/pico_stdio_usb/stdio_usb_descriptors.c.obj
                0x100051c0                tud_descriptor_device_cb
 .text.tud_descriptor_configuration_cb
                0x100051c8        0x8 CMakeFiles/PixelController.dir/C_/Program_Files/Raspberry_Pi/Pico_SDK_v1.5.1/pico-sdk/src/rp2_common/pico_stdio_usb/stdio_usb_descriptors.c.obj
                0x100051c8                tud_descriptor_configuration_cb
 .text.tud_descriptor_string_cb
                0x100051d0       0x6c CMakeFiles/PixelController.dir/C_/Program_Files/Raspberry_Pi/Pico_SDK_v1.5.1/pico-sdk/src/rp2_common/pico_stdio_usb/stdio_usb_descriptors.c.obj
                0x100051d0                tud_descriptor_string_cb
 .text._retrieve_unique_id_on_boot
                0x1000523c       0x10 CMakeFiles/PixelController.dir/C_/Program_Files/Raspberry_Pi/Pico_SDK_v1.5.1/pico-sdk/src/rp2_common/pico_unique_id/unique_id.c.obj
 .text.pico_get_unique_board_id_string
                0x1000524c       0x60 CMakeFiles/PixelController.dir/C_/Program_Files/Raspberry_Pi/Pico_SDK_v1.5.1/pico-sdk/src/rp2_common/pico_unique_id/unique_id.c.obj
                0x1000524c                pico_get_unique_board_id_string
 .text.flash_get_unique_id
                0x100052ac       0x46 CMakeFiles/PixelController.dir/C_/Program_Files/Raspberry_Pi/Pico_SDK_v1.5.1/pico-sdk/src/rp2_common/hardware_flash/flash.c.obj
                0x100052ac                flash_get_unique_id
 *fill*         0x100052f2        0x2 
 .text.hw_endpoint_get_by_addr
                0x100052f4       0x18 CMakeFiles/PixelController.dir/C_/Program_Files/Raspberry_Pi/Pico_SDK_v1.5.1/pico-sdk/lib/tinyusb/src/portable/raspberrypi/rp2040/dcd_rp2040.c.obj
 .text._hw_endpoint_alloc
                0x1000530c       0x70 CMakeFiles/PixelController.dir/C_/Program_Files/Raspberry_Pi/Pico_SDK_v1.5.1/pico-sdk/lib/tinyusb/src/portable/raspberrypi/rp2040/dcd_rp2040.c.obj
 .text.hw_endpoint_init
                0x1000537c       0x88 CMakeFiles/PixelController.dir/C_/Program_Files/Raspberry_Pi/Pico_SDK_v1.5.1/pico-sdk/lib/tinyusb/src/portable/raspberrypi/rp2040/dcd_rp2040.c.obj
 .text.hw_endpoint_xfer
                0x10005404       0x14 CMakeFiles/PixelController.dir/C_/Program_Files/Raspberry_Pi/Pico_SDK_v1.5.1/pico-sdk/lib/tinyusb/src/portable/raspberrypi/rp2040/dcd_rp2040.c.obj
 .text.dcd_int_enable
                0x10005418       0x2c CMakeFiles/PixelController.dir/C_/Program_Files/Raspberry_Pi/Pico_SDK_v1.5.1/pico-sdk/lib/tinyusb/src/portable/raspberrypi/rp2040/dcd_rp2040.c.obj
                0x10005418                dcd_int_enable
 .text.dcd_set_address
                0x10005444       0x2c CMakeFiles/PixelController.dir/C_/Program_Files/Raspberry_Pi/Pico_SDK_v1.5.1/pico-sdk/lib/tinyusb/src/portable/raspberrypi/rp2040/dcd_rp2040.c.obj
                0x10005444                dcd_set_address
 .text.dcd_connect
                0x10005470       0x10 CMakeFiles/PixelController.dir/C_/Program_Files/Raspberry_Pi/Pico_SDK_v1.5.1/pico-sdk/lib/tinyusb/src/portable/raspberrypi/rp2040/dcd_rp2040.c.obj
                0x10005470                dcd_connect
 .text.dcd_init
                0x10005480       0x80 CMakeFiles/PixelController.dir/C_/Program_Files/Raspberry_Pi/Pico_SDK_v1.5.1/pico-sdk/lib/tinyusb/src/portable/raspberrypi/rp2040/dcd_rp2040.c.obj
                0x10005480                dcd_init
 .text.dcd_edpt0_status_complete
                0x10005500       0x1c CMakeFiles/PixelController.dir/C_/Program_Files/Raspberry_Pi/Pico_SDK_v1.5.1/pico-sdk/lib/tinyusb/src/portable/raspberrypi/rp2040/dcd_rp2040.c.obj
                0x10005500                dcd_edpt0_status_complete
 .text.dcd_edpt_open
                0x1000551c       0x40 CMakeFiles/PixelController.dir/C_/Program_Files/Raspberry_Pi/Pico_SDK_v1.5.1/pico-sdk/lib/tinyusb/src/portable/raspberrypi/rp2040/dcd_rp2040.c.obj
                0x1000551c                dcd_edpt_open
 .text.dcd_edpt_close_all
                0x1000555c        0x8 CMakeFiles/PixelController.dir/C_/Program_Files/Raspberry_Pi/Pico_SDK_v1.5.1/pico-sdk/lib/tinyusb/src/portable/raspberrypi/rp2040/dcd_rp2040.c.obj
                0x1000555c                dcd_edpt_close_all
 .text.dcd_edpt_xfer
                0x10005564       0x34 CMakeFiles/PixelController.dir/C_/Program_Files/Raspberry_Pi/Pico_SDK_v1.5.1/pico-sdk/lib/tinyusb/src/portable/raspberrypi/rp2040/dcd_rp2040.c.obj
                0x10005564                dcd_edpt_xfer
 .text.dcd_edpt_stall
                0x10005598       0x2c CMakeFiles/PixelController.dir/C_/Program_Files/Raspberry_Pi/Pico_SDK_v1.5.1/pico-sdk/lib/tinyusb/src/portable/raspberrypi/rp2040/dcd_rp2040.c.obj
                0x10005598                dcd_edpt_stall
 .text.dcd_edpt_clear_stall
                0x100055c4       0x20 CMakeFiles/PixelController.dir/C_/Program_Files/Raspberry_Pi/Pico_SDK_v1.5.1/pico-sdk/lib/tinyusb/src/portable/raspberrypi/rp2040/dcd_rp2040.c.obj
                0x100055c4                dcd_edpt_clear_stall
 .text.rp2040_usb_init
                0x100055e4       0x4c CMakeFiles/PixelController.dir/C_/Program_Files/Raspberry_Pi/Pico_SDK_v1.5.1/pico-sdk/lib/tinyusb/src/portable/raspberrypi/rp2040/rp2040_usb.c.obj
                0x100055e4                rp2040_usb_init
 .text.hw_endpoint_xfer_start
                0x10005630       0x50 CMakeFiles/PixelController.dir/C_/Program_Files/Raspberry_Pi/Pico_SDK_v1.5.1/pico-sdk/lib/tinyusb/src/portable/raspberrypi/rp2040/rp2040_usb.c.obj
                0x10005630                hw_endpoint_xfer_start
 .text.configuration_reset
                0x10005680       0x84 CMakeFiles/PixelController.dir/C_/Program_Files/Raspberry_Pi/Pico_SDK_v1.5.1/pico-sdk/lib/tinyusb/src/device/usbd.c.obj
 .text.usbd_reset
                0x10005704        0xc CMakeFiles/PixelController.dir/C_/Program_Files/Raspberry_Pi/Pico_SDK_v1.5.1/pico-sdk/lib/tinyusb/src/device/usbd.c.obj
 .text.invoke_class_control
                0x10005710       0x1a CMakeFiles/PixelController.dir/C_/Program_Files/Raspberry_Pi/Pico_SDK_v1.5.1/pico-sdk/lib/tinyusb/src/device/usbd.c.obj
 *fill*         0x1000572a        0x2 
 .text.process_set_config
                0x1000572c      0x178 CMakeFiles/PixelController.dir/C_/Program_Files/Raspberry_Pi/Pico_SDK_v1.5.1/pico-sdk/lib/tinyusb/src/device/usbd.c.obj
 .text.process_get_descriptor
                0x100058a4       0xdc CMakeFiles/PixelController.dir/C_/Program_Files/Raspberry_Pi/Pico_SDK_v1.5.1/pico-sdk/lib/tinyusb/src/device/usbd.c.obj
 .text.tud_mounted
                0x10005980       0x10 CMakeFiles/PixelController.dir/C_/Program_Files/Raspberry_Pi/Pico_SDK_v1.5.1/pico-sdk/lib/tinyusb/src/device/usbd.c.obj
                0x10005980                tud_mounted
 .text.tud_suspended
                0x10005990       0x10 CMakeFiles/PixelController.dir/C_/Program_Files/Raspberry_Pi/Pico_SDK_v1.5.1/pico-sdk/lib/tinyusb/src/device/usbd.c.obj
                0x10005990                tud_suspended
 .text.tud_inited
                0x100059a0       0x14 CMakeFiles/PixelController.dir/C_/Program_Files/Raspberry_Pi/Pico_SDK_v1.5.1/pico-sdk/lib/tinyusb/src/device/usbd.c.obj
                0x100059a0                tud_inited
 .text.tud_init
                0x100059b4       0xcc CMakeFiles/PixelController.dir/C_/Program_Files/Raspberry_Pi/Pico_SDK_v1.5.1/pico-sdk/lib/tinyusb/src/device/usbd.c.obj
                0x100059b4                tud_init
 .text.usbd_defer_func
                0x10005a80       0x2a CMakeFiles/PixelController.dir/C_/Program_Files/Raspberry_Pi/Pico_SDK_v1.5.1/pico-sdk/lib/tinyusb/src/device/usbd.c.obj
                0x10005a80                usbd_defer_func
 *fill*         0x10005aaa        0x2 
 .text.usbd_edpt_open
                0x10005aac       0x34 CMakeFiles/PixelController.dir/C_/Program_Files/Raspberry_Pi/Pico_SDK_v1.5.1/pico-sdk/lib/tinyusb/src/device/usbd.c.obj
                0x10005aac                usbd_edpt_open
 .text.usbd_open_edpt_pair
                0x10005ae0       0x62 CMakeFiles/PixelController.dir/C_/Program_Files/Raspberry_Pi/Pico_SDK_v1.5.1/pico-sdk/lib/tinyusb/src/device/usbd.c.obj
                0x10005ae0                usbd_open_edpt_pair
 *fill*         0x10005b42        0x2 
 .text.usbd_edpt_claim
                0x10005b44       0x28 CMakeFiles/PixelController.dir/C_/Program_Files/Raspberry_Pi/Pico_SDK_v1.5.1/pico-sdk/lib/tinyusb/src/device/usbd.c.obj
                0x10005b44                usbd_edpt_claim
 .text.usbd_edpt_release
                0x10005b6c       0x28 CMakeFiles/PixelController.dir/C_/Program_Files/Raspberry_Pi/Pico_SDK_v1.5.1/pico-sdk/lib/tinyusb/src/device/usbd.c.obj
                0x10005b6c                usbd_edpt_release
 .text.usbd_edpt_xfer
                0x10005b94       0x78 CMakeFiles/PixelController.dir/C_/Program_Files/Raspberry_Pi/Pico_SDK_v1.5.1/pico-sdk/lib/tinyusb/src/device/usbd.c.obj
                0x10005b94                usbd_edpt_xfer
 .text.usbd_edpt_stall
                0x10005c0c       0x48 CMakeFiles/PixelController.dir/C_/Program_Files/Raspberry_Pi/Pico_SDK_v1.5.1/pico-sdk/lib/tinyusb/src/device/usbd.c.obj
                0x10005c0c                usbd_edpt_stall
 .text.usbd_edpt_clear_stall
                0x10005c54       0x48 CMakeFiles/PixelController.dir/C_/Program_Files/Raspberry_Pi/Pico_SDK_v1.5.1/pico-sdk/lib/tinyusb/src/device/usbd.c.obj
                0x10005c54                usbd_edpt_clear_stall
 .text.usbd_edpt_stalled
                0x10005c9c       0x1c CMakeFiles/PixelController.dir/C_/Program_Files/Raspberry_Pi/Pico_SDK_v1.5.1/pico-sdk/lib/tinyusb/src/device/usbd.c.obj
                0x10005c9c                usbd_edpt_stalled
 .text.process_control_request
                0x10005cb8      0x37c CMakeFiles/PixelController.dir/C_/Program_Files/Raspberry_Pi/Pico_SDK_v1.5.1/pico-sdk/lib/tinyusb/src/device/usbd.c.obj
 .text.tud_task_ext
                0x10006034      0x1b8 CMakeFiles/PixelController.dir/C_/Program_Files/Raspberry_Pi/Pico_SDK_v1.5.1/pico-sdk/lib/tinyusb/src/device/usbd.c.obj
                0x10006034                tud_task_ext
 .text._data_stage_xact
                0x100061ec       0x58 CMakeFiles/PixelController.dir/C_/Program_Files/Raspberry_Pi/Pico_SDK_v1.5.1/pico-sdk/lib/tinyusb/src/device/usbd_control.c.obj
 .text.tud_control_status
                0x10006244       0x38 CMakeFiles/PixelController.dir/C_/Program_Files/Raspberry_Pi/Pico_SDK_v1.5.1/pico-sdk/lib/tinyusb/src/device/usbd_control.c.obj
                0x10006244                tud_control_status
 .text.tud_control_xfer
                0x1000627c       0x74 CMakeFiles/PixelController.dir/C_/Program_Files/Raspberry_Pi/Pico_SDK_v1.5.1/pico-sdk/lib/tinyusb/src/device/usbd_control.c.obj
                0x1000627c                tud_control_xfer
 .text.usbd_control_reset
                0x100062f0       0x14 CMakeFiles/PixelController.dir/C_/Program_Files/Raspberry_Pi/Pico_SDK_v1.5.1/pico-sdk/lib/tinyusb/src/device/usbd_control.c.obj
                0x100062f0                usbd_control_reset
 .text.usbd_control_set_complete_callback
                0x10006304        0xc CMakeFiles/PixelController.dir/C_/Program_Files/Raspberry_Pi/Pico_SDK_v1.5.1/pico-sdk/lib/tinyusb/src/device/usbd_control.c.obj
                0x10006304                usbd_control_set_complete_callback
 .text.usbd_control_set_request
                0x10006310       0x1c CMakeFiles/PixelController.dir/C_/Program_Files/Raspberry_Pi/Pico_SDK_v1.5.1/pico-sdk/lib/tinyusb/src/device/usbd_control.c.obj
                0x10006310                usbd_control_set_request
 .text.usbd_control_xfer_cb
                0x1000632c       0xcc CMakeFiles/PixelController.dir/C_/Program_Files/Raspberry_Pi/Pico_SDK_v1.5.1/pico-sdk/lib/tinyusb/src/device/usbd_control.c.obj
                0x1000632c                usbd_control_xfer_cb
 .text._prep_out_transaction
                0x100063f8       0x4a CMakeFiles/PixelController.dir/C_/Program_Files/Raspberry_Pi/Pico_SDK_v1.5.1/pico-sdk/lib/tinyusb/src/class/cdc/cdc_device.c.obj
 *fill*         0x10006442        0x2 
 .text.tud_cdc_n_connected
                0x10006444       0x44 CMakeFiles/PixelController.dir/C_/Program_Files/Raspberry_Pi/Pico_SDK_v1.5.1/pico-sdk/lib/tinyusb/src/class/cdc/cdc_device.c.obj
                0x10006444                tud_cdc_n_connected
 .text.tud_cdc_n_available
                0x10006488       0x18 CMakeFiles/PixelController.dir/C_/Program_Files/Raspberry_Pi/Pico_SDK_v1.5.1/pico-sdk/lib/tinyusb/src/class/cdc/cdc_device.c.obj
                0x10006488                tud_cdc_n_available
 .text.tud_cdc_n_read
                0x100064a0       0x28 CMakeFiles/PixelController.dir/C_/Program_Files/Raspberry_Pi/Pico_SDK_v1.5.1/pico-sdk/lib/tinyusb/src/class/cdc/cdc_device.c.obj
                0x100064a0                tud_cdc_n_read
 .text.tud_cdc_n_write_flush
                0x100064c8       0xb8 CMakeFiles/PixelController.dir/C_/Program_Files/Raspberry_Pi/Pico_SDK_v1.5.1/pico-sdk/lib/tinyusb/src/class/cdc/cdc_device.c.obj
                0x100064c8                tud_cdc_n_write_flush
 .text.tud_cdc_n_write
                0x10006580       0x38 CMakeFiles/PixelController.dir/C_/Program_Files/Raspberry_Pi/Pico_SDK_v1.5.1/pico-sdk/lib/tinyusb/src/class/cdc/cdc_device.c.obj
                0x10006580                tud_cdc_n_write
 .text.tud_cdc_n_write_available
                0x100065b8       0x1c CMakeFiles/PixelController.dir/C_/Program_Files/Raspberry_Pi/Pico_SDK_v1.5.1/pico-sdk/lib/tinyusb/src/class/cdc/cdc_device.c.obj
                0x100065b8                tud_cdc_n_write_available
 .text.cdcd_init
                0x100065d4       0xbc CMakeFiles/PixelController.dir/C_/Program_Files/Raspberry_Pi/Pico_SDK_v1.5.1/pico-sdk/lib/tinyusb/src/class/cdc/cdc_device.c.obj
                0x100065d4                cdcd_init
 .text.cdcd_reset
                0x10006690       0x44 CMakeFiles/PixelController.dir/C_/Program_Files/Raspberry_Pi/Pico_SDK_v1.5.1/pico-sdk/lib/tinyusb/src/class/cdc/cdc_device.c.obj
                0x10006690                cdcd_reset
 .text.cdcd_open
                0x100066d4       0xcc CMakeFiles/PixelController.dir/C_/Program_Files/Raspberry_Pi/Pico_SDK_v1.5.1/pico-sdk/lib/tinyusb/src/class/cdc/cdc_device.c.obj
                0x100066d4                cdcd_open
 .text.cdcd_control_xfer_cb
                0x100067a0      0x134 CMakeFiles/PixelController.dir/C_/Program_Files/Raspberry_Pi/Pico_SDK_v1.5.1/pico-sdk/lib/tinyusb/src/class/cdc/cdc_device.c.obj
                0x100067a0                cdcd_control_xfer_cb
 .text.cdcd_xfer_cb
                0x100068d4      0x130 CMakeFiles/PixelController.dir/C_/Program_Files/Raspberry_Pi/Pico_SDK_v1.5.1/pico-sdk/lib/tinyusb/src/class/cdc/cdc_device.c.obj
                0x100068d4                cdcd_xfer_cb
 .text.tusb_init
                0x10006a04        0xa CMakeFiles/PixelController.dir/C_/Program_Files/Raspberry_Pi/Pico_SDK_v1.5.1/pico-sdk/lib/tinyusb/src/tusb.c.obj
                0x10006a04                tusb_init
 .text.tusb_inited
                0x10006a0e        0xe CMakeFiles/PixelController.dir/C_/Program_Files/Raspberry_Pi/Pico_SDK_v1.5.1/pico-sdk/lib/tinyusb/src/tusb.c.obj
                0x10006a0e                tusb_inited
 .text.tu_edpt_claim
                0x10006a1c       0x50 CMakeFiles/PixelController.dir/C_/Program_Files/Raspberry_Pi/Pico_SDK_v1.5.1/pico-sdk/lib/tinyusb/src/tusb.c.obj
                0x10006a1c                tu_edpt_claim
 .text.tu_edpt_release
                0x10006a6c       0x3c CMakeFiles/PixelController.dir/C_/Program_Files/Raspberry_Pi/Pico_SDK_v1.5.1/pico-sdk/lib/tinyusb/src/tusb.c.obj
                0x10006a6c                tu_edpt_release
 .text.tu_edpt_validate
                0x10006aa8       0x78 CMakeFiles/PixelController.dir/C_/Program_Files/Raspberry_Pi/Pico_SDK_v1.5.1/pico-sdk/lib/tinyusb/src/tusb.c.obj
                0x10006aa8                tu_edpt_validate
 .text.tu_edpt_bind_driver
                0x10006b20       0x26 CMakeFiles/PixelController.dir/C_/Program_Files/Raspberry_Pi/Pico_SDK_v1.5.1/pico-sdk/lib/tinyusb/src/tusb.c.obj
                0x10006b20                tu_edpt_bind_driver
 .text.advance_index
                0x10006b46       0x1a CMakeFiles/PixelController.dir/C_/Program_Files/Raspberry_Pi/Pico_SDK_v1.5.1/pico-sdk/lib/tinyusb/src/common/tusb_fifo.c.obj
 .text._tu_fifo_peek
                0x10006b60       0x56 CMakeFiles/PixelController.dir/C_/Program_Files/Raspberry_Pi/Pico_SDK_v1.5.1/pico-sdk/lib/tinyusb/src/common/tusb_fifo.c.obj
 .text._ff_pull_const_addr
                0x10006bb6       0x4c CMakeFiles/PixelController.dir/C_/Program_Files/Raspberry_Pi/Pico_SDK_v1.5.1/pico-sdk/lib/tinyusb/src/common/tusb_fifo.c.obj
 .text._ff_pull_n
                0x10006c02      0x110 CMakeFiles/PixelController.dir/C_/Program_Files/Raspberry_Pi/Pico_SDK_v1.5.1/pico-sdk/lib/tinyusb/src/common/tusb_fifo.c.obj
 .text._tu_fifo_peek_n
                0x10006d12       0x6a CMakeFiles/PixelController.dir/C_/Program_Files/Raspberry_Pi/Pico_SDK_v1.5.1/pico-sdk/lib/tinyusb/src/common/tusb_fifo.c.obj
 .text._tu_fifo_read_n
                0x10006d7c       0x4e CMakeFiles/PixelController.dir/C_/Program_Files/Raspberry_Pi/Pico_SDK_v1.5.1/pico-sdk/lib/tinyusb/src/common/tusb_fifo.c.obj
 .text._ff_push_const_addr
                0x10006dca       0x40 CMakeFiles/PixelController.dir/C_/Program_Files/Raspberry_Pi/Pico_SDK_v1.5.1/pico-sdk/lib/tinyusb/src/common/tusb_fifo.c.obj
 .text._ff_push_n
                0x10006e0a      0x10c CMakeFiles/PixelController.dir/C_/Program_Files/Raspberry_Pi/Pico_SDK_v1.5.1/pico-sdk/lib/tinyusb/src/common/tusb_fifo.c.obj
 .text._tu_fifo_write_n
                0x10006f16       0xf0 CMakeFiles/PixelController.dir/C_/Program_Files/Raspberry_Pi/Pico_SDK_v1.5.1/pico-sdk/lib/tinyusb/src/common/tusb_fifo.c.obj
 .text.tu_fifo_config
                0x10007006       0x7c CMakeFiles/PixelController.dir/C_/Program_Files/Raspberry_Pi/Pico_SDK_v1.5.1/pico-sdk/lib/tinyusb/src/common/tusb_fifo.c.obj
                0x10007006                tu_fifo_config
 .text.tu_fifo_count
                0x10007082       0x2a CMakeFiles/PixelController.dir/C_/Program_Files/Raspberry_Pi/Pico_SDK_v1.5.1/pico-sdk/lib/tinyusb/src/common/tusb_fifo.c.obj
                0x10007082                tu_fifo_count
 .text.tu_fifo_empty
                0x100070ac       0x10 CMakeFiles/PixelController.dir/C_/Program_Files/Raspberry_Pi/Pico_SDK_v1.5.1/pico-sdk/lib/tinyusb/src/common/tusb_fifo.c.obj
                0x100070ac                tu_fifo_empty
 .text.tu_fifo_full
                0x100070bc       0x28 CMakeFiles/PixelController.dir/C_/Program_Files/Raspberry_Pi/Pico_SDK_v1.5.1/pico-sdk/lib/tinyusb/src/common/tusb_fifo.c.obj
                0x100070bc                tu_fifo_full
 .text.tu_fifo_remaining
                0x100070e4       0x2c CMakeFiles/PixelController.dir/C_/Program_Files/Raspberry_Pi/Pico_SDK_v1.5.1/pico-sdk/lib/tinyusb/src/common/tusb_fifo.c.obj
                0x100070e4                tu_fifo_remaining
 .text.tu_fifo_read
                0x10007110       0x42 CMakeFiles/PixelController.dir/C_/Program_Files/Raspberry_Pi/Pico_SDK_v1.5.1/pico-sdk/lib/tinyusb/src/common/tusb_fifo.c.obj
                0x10007110                tu_fifo_read
 .text.tu_fifo_read_n
                0x10007152        0xa CMakeFiles/PixelController.dir/C_/Program_Files/Raspberry_Pi/Pico_SDK_v1.5.1/pico-sdk/lib/tinyusb/src/common/tusb_fifo.c.obj
                0x10007152                tu_fifo_read_n
 .text.tu_fifo_write
                0x1000715c       0x64 CMakeFiles/PixelController.dir/C_/Program_Files/Raspberry_Pi/Pico_SDK_v1.5.1/pico-sdk/lib/tinyusb/src/common/tusb_fifo.c.obj
                0x1000715c                tu_fifo_write
 .text.tu_fifo_write_n
                0x100071c0        0xa CMakeFiles/PixelController.dir/C_/Program_Files/Raspberry_Pi/Pico_SDK_v1.5.1/pico-sdk/lib/tinyusb/src/common/tusb_fifo.c.obj
                0x100071c0                tu_fifo_write_n
 .text.tu_fifo_clear
                0x100071ca       0x3e CMakeFiles/PixelController.dir/C_/Program_Files/Raspberry_Pi/Pico_SDK_v1.5.1/pico-sdk/lib/tinyusb/src/common/tusb_fifo.c.obj
                0x100071ca                tu_fifo_clear
 .text.tu_fifo_set_overwritable
                0x10007208       0x46 CMakeFiles/PixelController.dir/C_/Program_Files/Raspberry_Pi/Pico_SDK_v1.5.1/pico-sdk/lib/tinyusb/src/common/tusb_fifo.c.obj
                0x10007208                tu_fifo_set_overwritable
 *fill*         0x1000724e        0x2 
 .text.atoi     0x10007250        0xc c:/progra~1/raspbe~1/picosd~1.1/gcc-ar~1/bin/../lib/gcc/arm-none-eabi/10.3.1/../../../../arm-none-eabi/lib/thumb/v6-m/nofp\libg.a(lib_a-atoi.o)
                0x10007250                atoi
 .text.__errno  0x1000725c        0xc c:/progra~1/raspbe~1/picosd~1.1/gcc-ar~1/bin/../lib/gcc/arm-none-eabi/10.3.1/../../../../arm-none-eabi/lib/thumb/v6-m/nofp\libg.a(lib_a-errno.o)
                0x1000725c                __errno
 .text.__sflush_r
                0x10007268      0x140 c:/progra~1/raspbe~1/picosd~1.1/gcc-ar~1/bin/../lib/gcc/arm-none-eabi/10.3.1/../../../../arm-none-eabi/lib/thumb/v6-m/nofp\libg.a(lib_a-fflush.o)
                0x10007268                __sflush_r
 .text._fflush_r
                0x100073a8       0x6c c:/progra~1/raspbe~1/picosd~1.1/gcc-ar~1/bin/../lib/gcc/arm-none-eabi/10.3.1/../../../../arm-none-eabi/lib/thumb/v6-m/nofp\libg.a(lib_a-fflush.o)
                0x100073a8                _fflush_r
 .text.fflush   0x10007414       0x78 c:/progra~1/raspbe~1/picosd~1.1/gcc-ar~1/bin/../lib/gcc/arm-none-eabi/10.3.1/../../../../arm-none-eabi/lib/thumb/v6-m/nofp\libg.a(lib_a-fflush.o)
                0x10007414                fflush
 .text._cleanup_r
                0x1000748c       0x10 c:/progra~1/raspbe~1/picosd~1.1/gcc-ar~1/bin/../lib/gcc/arm-none-eabi/10.3.1/../../../../arm-none-eabi/lib/thumb/v6-m/nofp\libg.a(lib_a-findfp.o)
                0x1000748c                _cleanup_r
 .text.__sinit  0x1000749c      0x120 c:/progra~1/raspbe~1/picosd~1.1/gcc-ar~1/bin/../lib/gcc/arm-none-eabi/10.3.1/../../../../arm-none-eabi/lib/thumb/v6-m/nofp\libg.a(lib_a-findfp.o)
                0x1000749c                __sinit
 .text.__sfp_lock_acquire
                0x100075bc       0x10 c:/progra~1/raspbe~1/picosd~1.1/gcc-ar~1/bin/../lib/gcc/arm-none-eabi/10.3.1/../../../../arm-none-eabi/lib/thumb/v6-m/nofp\libg.a(lib_a-findfp.o)
                0x100075bc                __sfp_lock_acquire
 .text.__sfp_lock_release
                0x100075cc       0x10 c:/progra~1/raspbe~1/picosd~1.1/gcc-ar~1/bin/../lib/gcc/arm-none-eabi/10.3.1/../../../../arm-none-eabi/lib/thumb/v6-m/nofp\libg.a(lib_a-findfp.o)
                0x100075cc                __sfp_lock_release
 .text._malloc_trim_r
                0x100075dc       0x9c c:/progra~1/raspbe~1/picosd~1.1/gcc-ar~1/bin/../lib/gcc/arm-none-eabi/10.3.1/../../../../arm-none-eabi/lib/thumb/v6-m/nofp\libg.a(lib_a-freer.o)
                0x100075dc                _malloc_trim_r
 .text._free_r  0x10007678      0x1c4 c:/progra~1/raspbe~1/picosd~1.1/gcc-ar~1/bin/../lib/gcc/arm-none-eabi/10.3.1/../../../../arm-none-eabi/lib/thumb/v6-m/nofp\libg.a(lib_a-freer.o)
                0x10007678                _free_r
 .text._fwalk_reent
                0x1000783c       0x48 c:/progra~1/raspbe~1/picosd~1.1/gcc-ar~1/bin/../lib/gcc/arm-none-eabi/10.3.1/../../../../arm-none-eabi/lib/thumb/v6-m/nofp\libg.a(lib_a-fwalk.o)
                0x1000783c                _fwalk_reent
 .text.__retarget_lock_init_recursive
                0x10007884        0x4 c:/progra~1/raspbe~1/picosd~1.1/gcc-ar~1/bin/../lib/gcc/arm-none-eabi/10.3.1/../../../../arm-none-eabi/lib/thumb/v6-m/nofp\libg.a(lib_a-lock.o)
                0x10007884                __retarget_lock_init_recursive
 .text.__retarget_lock_close_recursive
                0x10007888        0x4 c:/progra~1/raspbe~1/picosd~1.1/gcc-ar~1/bin/../lib/gcc/arm-none-eabi/10.3.1/../../../../arm-none-eabi/lib/thumb/v6-m/nofp\libg.a(lib_a-lock.o)
                0x10007888                __retarget_lock_close_recursive
 .text.__retarget_lock_acquire_recursive
                0x1000788c        0x4 c:/progra~1/raspbe~1/picosd~1.1/gcc-ar~1/bin/../lib/gcc/arm-none-eabi/10.3.1/../../../../arm-none-eabi/lib/thumb/v6-m/nofp\libg.a(lib_a-lock.o)
                0x1000788c                __retarget_lock_acquire_recursive
 .text.__retarget_lock_release_recursive
                0x10007890        0x4 c:/progra~1/raspbe~1/picosd~1.1/gcc-ar~1/bin/../lib/gcc/arm-none-eabi/10.3.1/../../../../arm-none-eabi/lib/thumb/v6-m/nofp\libg.a(lib_a-lock.o)
                0x10007890                __retarget_lock_release_recursive
 .text.__malloc_lock
                0x10007894       0x10 c:/progra~1/raspbe~1/picosd~1.1/gcc-ar~1/bin/../lib/gcc/arm-none-eabi/10.3.1/../../../../arm-none-eabi/lib/thumb/v6-m/nofp\libg.a(lib_a-mlock.o)
                0x10007894                __malloc_lock
 .text.__malloc_unlock
                0x100078a4       0x10 c:/progra~1/raspbe~1/picosd~1.1/gcc-ar~1/bin/../lib/gcc/arm-none-eabi/10.3.1/../../../../arm-none-eabi/lib/thumb/v6-m/nofp\libg.a(lib_a-mlock.o)
                0x100078a4                __malloc_unlock
 .text._sbrk_r  0x100078b4       0x24 c:/progra~1/raspbe~1/picosd~1.1/gcc-ar~1/bin/../lib/gcc/arm-none-eabi/10.3.1/../../../../arm-none-eabi/lib/thumb/v6-m/nofp\libg.a(lib_a-sbrkr.o)
                0x100078b4                _sbrk_r
 .text.__sread  0x100078d8       0x28 c:/progra~1/raspbe~1/picosd~1.1/gcc-ar~1/bin/../lib/gcc/arm-none-eabi/10.3.1/../../../../arm-none-eabi/lib/thumb/v6-m/nofp\libg.a(lib_a-stdio.o)
                0x100078d8                __sread
 .text.__swrite
                0x10007900       0x40 c:/progra~1/raspbe~1/picosd~1.1/gcc-ar~1/bin/../lib/gcc/arm-none-eabi/10.3.1/../../../../arm-none-eabi/lib/thumb/v6-m/nofp\libg.a(lib_a-stdio.o)
                0x10007900                __swrite
 .text.__sseek  0x10007940       0x2c c:/progra~1/raspbe~1/picosd~1.1/gcc-ar~1/bin/../lib/gcc/arm-none-eabi/10.3.1/../../../../arm-none-eabi/lib/thumb/v6-m/nofp\libg.a(lib_a-stdio.o)
                0x10007940                __sseek
 .text.__sclose
                0x1000796c        0xc c:/progra~1/raspbe~1/picosd~1.1/gcc-ar~1/bin/../lib/gcc/arm-none-eabi/10.3.1/../../../../arm-none-eabi/lib/thumb/v6-m/nofp\libg.a(lib_a-stdio.o)
                0x1000796c                __sclose
 .text.strchr   0x10007978       0xc0 c:/progra~1/raspbe~1/picosd~1.1/gcc-ar~1/bin/../lib/gcc/arm-none-eabi/10.3.1/../../../../arm-none-eabi/lib/thumb/v6-m/nofp\libg.a(lib_a-strchr.o)
                0x10007978                strchr
 .text          0x10007a38       0x88 c:/progra~1/raspbe~1/picosd~1.1/gcc-ar~1/bin/../lib/gcc/arm-none-eabi/10.3.1/../../../../arm-none-eabi/lib/thumb/v6-m/nofp\libg.a(lib_a-strcmp.o)
                0x10007a38                strcmp
 .text.strlen   0x10007ac0       0x5c c:/progra~1/raspbe~1/picosd~1.1/gcc-ar~1/bin/../lib/gcc/arm-none-eabi/10.3.1/../../../../arm-none-eabi/lib/thumb/v6-m/nofp\libg.a(lib_a-strlen-stub.o)
                0x10007ac0                strlen
 .text.strtok   0x10007b1c       0x14 c:/progra~1/raspbe~1/picosd~1.1/gcc-ar~1/bin/../lib/gcc/arm-none-eabi/10.3.1/../../../../arm-none-eabi/lib/thumb/v6-m/nofp\libg.a(lib_a-strtok.o)
                0x10007b1c                strtok
 .text.__strtok_r
                0x10007b30       0x6c c:/progra~1/raspbe~1/picosd~1.1/gcc-ar~1/bin/../lib/gcc/arm-none-eabi/10.3.1/../../../../arm-none-eabi/lib/thumb/v6-m/nofp\libg.a(lib_a-strtok_r.o)
                0x10007b30                __strtok_r
 .text._strtol_l.part.0
                0x10007b9c      0x144 c:/progra~1/raspbe~1/picosd~1.1/gcc-ar~1/bin/../lib/gcc/arm-none-eabi/10.3.1/../../../../arm-none-eabi/lib/thumb/v6-m/nofp\libg.a(lib_a-strtol.o)
 .text.strtol   0x10007ce0       0x2c c:/progra~1/raspbe~1/picosd~1.1/gcc-ar~1/bin/../lib/gcc/arm-none-eabi/10.3.1/../../../../arm-none-eabi/lib/thumb/v6-m/nofp\libg.a(lib_a-strtol.o)
                0x10007ce0                strtol
 .text._write_r
                0x10007d0c       0x28 c:/progra~1/raspbe~1/picosd~1.1/gcc-ar~1/bin/../lib/gcc/arm-none-eabi/10.3.1/../../../../arm-none-eabi/lib/thumb/v6-m/nofp\libg.a(lib_a-writer.o)
                0x10007d0c                _write_r
 .text._close_r
                0x10007d34       0x24 c:/progra~1/raspbe~1/picosd~1.1/gcc-ar~1/bin/../lib/gcc/arm-none-eabi/10.3.1/../../../../arm-none-eabi/lib/thumb/v6-m/nofp\libg.a(lib_a-closer.o)
                0x10007d34                _close_r
 .text._fclose_r
                0x10007d58       0xdc c:/progra~1/raspbe~1/picosd~1.1/gcc-ar~1/bin/../lib/gcc/arm-none-eabi/10.3.1/../../../../arm-none-eabi/lib/thumb/v6-m/nofp\libg.a(lib_a-fclose.o)
                0x10007d58                _fclose_r
 .text._lseek_r
                0x10007e34       0x28 c:/progra~1/raspbe~1/picosd~1.1/gcc-ar~1/bin/../lib/gcc/arm-none-eabi/10.3.1/../../../../arm-none-eabi/lib/thumb/v6-m/nofp\libg.a(lib_a-lseekr.o)
                0x10007e34                _lseek_r
 .text._read_r  0x10007e5c       0x28 c:/progra~1/raspbe~1/picosd~1.1/gcc-ar~1/bin/../lib/gcc/arm-none-eabi/10.3.1/../../../../arm-none-eabi/lib/thumb/v6-m/nofp\libg.a(lib_a-readr.o)
                0x10007e5c                _read_r
 *(.fini)
 .fini          0x10007e84        0x4 c:/progra~1/raspbe~1/picosd~1.1/gcc-ar~1/bin/../lib/gcc/arm-none-eabi/10.3.1/thumb/v6-m/nofp/crti.o
                0x10007e84                _fini
 .fini.__stub   0x10007e88       0xe0 linker stubs
 *crtbegin.o(.ctors)
 *crtbegin?.o(.ctors)
 *(EXCLUDE_FILE(*crtend.o *crtend?.o) .ctors)
 *(SORT_BY_NAME(.ctors.*))
 *(.ctors)
 *crtbegin.o(.dtors)
 *crtbegin?.o(.dtors)
 *(EXCLUDE_FILE(*crtend.o *crtend?.o) .dtors)
 *(SORT_BY_NAME(.dtors.*))
 *(.dtors)
 *(.eh_frame*)
 .eh_frame      0x10007f68        0x0 c:/progra~1/raspbe~1/picosd~1.1/gcc-ar~1/bin/../lib/gcc/arm-none-eabi/10.3.1/thumb/v6-m/nofp/crtbegin.o
                0x10007f68                . = ALIGN (0x4)

.glue_7         0x10007f68        0x0
 .glue_7        0x10007f68        0x0 linker stubs

.glue_7t        0x10007f68        0x0
 .glue_7t       0x10007f68        0x0 linker stubs

.vfp11_veneer   0x10007f68        0x0
 .vfp11_veneer  0x10007f68        0x0 linker stubs

.v4_bx          0x10007f68        0x0
 .v4_bx         0x10007f68        0x0 linker stubs

.iplt           0x10007f68        0x0
 .iplt          0x10007f68        0x0 c:/progra~1/raspbe~1/picosd~1.1/gcc-ar~1/bin/../lib/gcc/arm-none-eabi/10.3.1/thumb/v6-m/nofp/crtbegin.o

.rodata         0x10007f68     0x1ab4
 *(EXCLUDE_FILE(*libm.a: *libc.a:*lib_a-mem*.o *libgcc.a:) .rodata*)
 .rodata.main.str1.4
                0x10007f68      0x1c2 CMakeFiles/PixelController.dir/main.c.obj
 *fill*         0x1000812a        0x2 
 .rodata.BUS    0x1000812c       0x20 CMakeFiles/PixelController.dir/main.c.obj
                0x1000812c                BUS
 .rodata.spin_lock_claim_unused.str1.4
                0x1000814c       0x1b CMakeFiles/PixelController.dir/C_/Program_Files/Raspberry_Pi/Pico_SDK_v1.5.1/pico-sdk/src/rp2_common/hardware_sync/sync.c.obj
 *fill*         0x10008167        0x1 
 .rodata.make_branch.str1.4
                0x10008168       0x89 CMakeFiles/PixelController.dir/C_/Program_Files/Raspberry_Pi/Pico_SDK_v1.5.1/pico-sdk/src/rp2_common/hardware_irq/irq.c.obj
 *fill*         0x100081f1        0x3 
 .rodata.insert_branch_and_link.str1.4
                0x100081f4       0x10 CMakeFiles/PixelController.dir/C_/Program_Files/Raspberry_Pi/Pico_SDK_v1.5.1/pico-sdk/src/rp2_common/hardware_irq/irq.c.obj
 .rodata.irq_set_exclusive_handler.str1.4
                0x10008204       0x36 CMakeFiles/PixelController.dir/C_/Program_Files/Raspberry_Pi/Pico_SDK_v1.5.1/pico-sdk/src/rp2_common/hardware_irq/irq.c.obj
 *fill*         0x1000823a        0x2 
 .rodata.irq_add_shared_handler.str1.4
                0x1000823c       0xd9 CMakeFiles/PixelController.dir/C_/Program_Files/Raspberry_Pi/Pico_SDK_v1.5.1/pico-sdk/src/rp2_common/hardware_irq/irq.c.obj
 *fill*         0x10008315        0x3 
 .rodata.irq_remove_handler.str1.4
                0x10008318       0x3a CMakeFiles/PixelController.dir/C_/Program_Files/Raspberry_Pi/Pico_SDK_v1.5.1/pico-sdk/src/rp2_common/hardware_irq/irq.c.obj
 *fill*         0x10008352        0x2 
 .rodata.irq_add_tail_to_free_list.str1.4
                0x10008354       0x3a CMakeFiles/PixelController.dir/C_/Program_Files/Raspberry_Pi/Pico_SDK_v1.5.1/pico-sdk/src/rp2_common/hardware_irq/irq.c.obj
 *fill*         0x1000838e        0x2 
 .rodata.user_irq_claim_unused.str1.4
                0x10008390       0x1b CMakeFiles/PixelController.dir/C_/Program_Files/Raspberry_Pi/Pico_SDK_v1.5.1/pico-sdk/src/rp2_common/hardware_irq/irq.c.obj
 *fill*         0x100083ab        0x1 
 .rodata.__func__.0
                0x100083ac       0x1a CMakeFiles/PixelController.dir/C_/Program_Files/Raspberry_Pi/Pico_SDK_v1.5.1/pico-sdk/src/rp2_common/hardware_irq/irq.c.obj
 *fill*         0x100083c6        0x2 
 .rodata.__func__.1
                0x100083c8       0x17 CMakeFiles/PixelController.dir/C_/Program_Files/Raspberry_Pi/Pico_SDK_v1.5.1/pico-sdk/src/rp2_common/hardware_irq/irq.c.obj
 *fill*         0x100083df        0x1 
 .rodata.__func__.2
                0x100083e0       0x13 CMakeFiles/PixelController.dir/C_/Program_Files/Raspberry_Pi/Pico_SDK_v1.5.1/pico-sdk/src/rp2_common/hardware_irq/irq.c.obj
 *fill*         0x100083f3        0x1 
 .rodata.__func__.3
                0x100083f4        0xc CMakeFiles/PixelController.dir/C_/Program_Files/Raspberry_Pi/Pico_SDK_v1.5.1/pico-sdk/src/rp2_common/hardware_irq/irq.c.obj
 .rodata.__func__.4
                0x10008400        0xf CMakeFiles/PixelController.dir/C_/Program_Files/Raspberry_Pi/Pico_SDK_v1.5.1/pico-sdk/src/rp2_common/hardware_irq/irq.c.obj
 *fill*         0x1000840f        0x1 
 .rodata.__func__.5
                0x10008410       0x17 CMakeFiles/PixelController.dir/C_/Program_Files/Raspberry_Pi/Pico_SDK_v1.5.1/pico-sdk/src/rp2_common/hardware_irq/irq.c.obj
 *fill*         0x10008427        0x1 
 .rodata.__func__.6
                0x10008428       0x1a CMakeFiles/PixelController.dir/C_/Program_Files/Raspberry_Pi/Pico_SDK_v1.5.1/pico-sdk/src/rp2_common/hardware_irq/irq.c.obj
 *fill*         0x10008442        0x2 
 .rodata.str1.4
                0x10008444      0x125 CMakeFiles/PixelController.dir/C_/Program_Files/Raspberry_Pi/Pico_SDK_v1.5.1/pico-sdk/src/common/pico_sync/mutex.c.obj
 *fill*         0x10008569        0x3 
 .rodata.__func__.1
                0x1000856c        0xb CMakeFiles/PixelController.dir/C_/Program_Files/Raspberry_Pi/Pico_SDK_v1.5.1/pico-sdk/src/common/pico_sync/mutex.c.obj
 *fill*         0x10008577        0x1 
 .rodata.__func__.3
                0x10008578       0x18 CMakeFiles/PixelController.dir/C_/Program_Files/Raspberry_Pi/Pico_SDK_v1.5.1/pico-sdk/src/common/pico_sync/mutex.c.obj
 .rodata.__func__.4
                0x10008590       0x15 CMakeFiles/PixelController.dir/C_/Program_Files/Raspberry_Pi/Pico_SDK_v1.5.1/pico-sdk/src/common/pico_sync/mutex.c.obj
 *fill*         0x100085a5        0x3 
 .rodata.repeating_timer_callback.str1.4
                0x100085a8       0x67 CMakeFiles/PixelController.dir/C_/Program_Files/Raspberry_Pi/Pico_SDK_v1.5.1/pico-sdk/src/common/pico_time/time.c.obj
 *fill*         0x1000860f        0x1 
 .rodata.timer_pool_entry_comparator.str1.4
                0x10008610       0x22 CMakeFiles/PixelController.dir/C_/Program_Files/Raspberry_Pi/Pico_SDK_v1.5.1/pico-sdk/src/common/pico_time/time.c.obj
 *fill*         0x10008632        0x2 
 .rodata.ph_add_child_node.str1.4
                0x10008634       0xb2 CMakeFiles/PixelController.dir/C_/Program_Files/Raspberry_Pi/Pico_SDK_v1.5.1/pico-sdk/src/common/pico_time/time.c.obj
 *fill*         0x100086e6        0x2 
 .rodata.add_alarm_under_lock.str1.4
                0x100086e8       0x28 CMakeFiles/PixelController.dir/C_/Program_Files/Raspberry_Pi/Pico_SDK_v1.5.1/pico-sdk/src/common/pico_time/time.c.obj
                                 0x2b (size before relaxing)
 .rodata.alarm_pool_alarm_callback.str1.4
                0x10008710       0x98 CMakeFiles/PixelController.dir/C_/Program_Files/Raspberry_Pi/Pico_SDK_v1.5.1/pico-sdk/src/common/pico_time/time.c.obj
                                0x118 (size before relaxing)
 .rodata.alarm_pool_get_default.str1.4
                0x100087a8       0x21 CMakeFiles/PixelController.dir/C_/Program_Files/Raspberry_Pi/Pico_SDK_v1.5.1/pico-sdk/src/common/pico_time/time.c.obj
 *fill*         0x100087c9        0x3 
 .rodata.alarm_pool_cancel_alarm.str1.4
                0x100087cc       0x27 CMakeFiles/PixelController.dir/C_/Program_Files/Raspberry_Pi/Pico_SDK_v1.5.1/pico-sdk/src/common/pico_time/time.c.obj
 *fill*         0x100087f3        0x1 
 .rodata.sleep_until.str1.4
                0x100087f4       0x4d CMakeFiles/PixelController.dir/C_/Program_Files/Raspberry_Pi/Pico_SDK_v1.5.1/pico-sdk/src/common/pico_time/time.c.obj
 *fill*         0x10008841        0x3 
 .rodata.__func__.1
                0x10008844       0x18 CMakeFiles/PixelController.dir/C_/Program_Files/Raspberry_Pi/Pico_SDK_v1.5.1/pico-sdk/src/common/pico_time/time.c.obj
 .rodata.__func__.10
                0x1000885c       0x15 CMakeFiles/PixelController.dir/C_/Program_Files/Raspberry_Pi/Pico_SDK_v1.5.1/pico-sdk/src/common/pico_time/time.c.obj
 *fill*         0x10008871        0x3 
 .rodata.__func__.11
                0x10008874       0x1a CMakeFiles/PixelController.dir/C_/Program_Files/Raspberry_Pi/Pico_SDK_v1.5.1/pico-sdk/src/common/pico_time/time.c.obj
 *fill*         0x1000888e        0x2 
 .rodata.__func__.12
                0x10008890        0xa CMakeFiles/PixelController.dir/C_/Program_Files/Raspberry_Pi/Pico_SDK_v1.5.1/pico-sdk/src/common/pico_time/time.c.obj
 *fill*         0x1000889a        0x2 
 .rodata.__func__.3
                0x1000889c       0x17 CMakeFiles/PixelController.dir/C_/Program_Files/Raspberry_Pi/Pico_SDK_v1.5.1/pico-sdk/src/common/pico_time/time.c.obj
 *fill*         0x100088b3        0x1 
 .rodata.__func__.4
                0x100088b4       0x12 CMakeFiles/PixelController.dir/C_/Program_Files/Raspberry_Pi/Pico_SDK_v1.5.1/pico-sdk/src/common/pico_time/time.c.obj
 *fill*         0x100088c6        0x2 
 .rodata.__func__.5
                0x100088c8        0xd CMakeFiles/PixelController.dir/C_/Program_Files/Raspberry_Pi/Pico_SDK_v1.5.1/pico-sdk/src/common/pico_time/time.c.obj
 *fill*         0x100088d5        0x3 
 .rodata.__func__.6
                0x100088d8       0x12 CMakeFiles/PixelController.dir/C_/Program_Files/Raspberry_Pi/Pico_SDK_v1.5.1/pico-sdk/src/common/pico_time/time.c.obj
 *fill*         0x100088ea        0x2 
 .rodata.__func__.7
                0x100088ec        0xf CMakeFiles/PixelController.dir/C_/Program_Files/Raspberry_Pi/Pico_SDK_v1.5.1/pico-sdk/src/common/pico_time/time.c.obj
 *fill*         0x100088fb        0x1 
 .rodata.__func__.8
                0x100088fc        0xc CMakeFiles/PixelController.dir/C_/Program_Files/Raspberry_Pi/Pico_SDK_v1.5.1/pico-sdk/src/common/pico_time/time.c.obj
 .rodata.__func__.9
                0x10008908       0x15 CMakeFiles/PixelController.dir/C_/Program_Files/Raspberry_Pi/Pico_SDK_v1.5.1/pico-sdk/src/common/pico_time/time.c.obj
 *fill*         0x1000891d        0x3 
 .rodata.at_the_end_of_time
                0x10008920        0x8 CMakeFiles/PixelController.dir/C_/Program_Files/Raspberry_Pi/Pico_SDK_v1.5.1/pico-sdk/src/common/pico_time/time.c.obj
                0x10008920                at_the_end_of_time
 .rodata.hardware_alarm_claim.str1.4
                0x10008928       0x22 CMakeFiles/PixelController.dir/C_/Program_Files/Raspberry_Pi/Pico_SDK_v1.5.1/pico-sdk/src/rp2_common/hardware_timer/timer.c.obj
 .rodata.busy_wait_us.str1.4
                0x1000894a       0x7d CMakeFiles/PixelController.dir/C_/Program_Files/Raspberry_Pi/Pico_SDK_v1.5.1/pico-sdk/src/rp2_common/hardware_timer/timer.c.obj
 *fill*         0x1000894a        0x2 
 .rodata.hardware_alarm_set_target.str1.4
                0x1000894c       0x81 CMakeFiles/PixelController.dir/C_/Program_Files/Raspberry_Pi/Pico_SDK_v1.5.1/pico-sdk/src/rp2_common/hardware_timer/timer.c.obj
 *fill*         0x100089cd        0x3 
 .rodata.__func__.0
                0x100089d0       0x1a CMakeFiles/PixelController.dir/C_/Program_Files/Raspberry_Pi/Pico_SDK_v1.5.1/pico-sdk/src/rp2_common/hardware_timer/timer.c.obj
 *fill*         0x100089ea        0x2 
 .rodata.__func__.1
                0x100089ec       0x15 CMakeFiles/PixelController.dir/C_/Program_Files/Raspberry_Pi/Pico_SDK_v1.5.1/pico-sdk/src/rp2_common/hardware_timer/timer.c.obj
 .rodata.ph_add_child_node.str1.4
                0x10008a01       0xb2 CMakeFiles/PixelController.dir/C_/Program_Files/Raspberry_Pi/Pico_SDK_v1.5.1/pico-sdk/src/common/pico_util/pheap.c.obj
 *fill*         0x10008a01        0x3 
 .rodata.ph_remove_any_head.str1.4
                0x10008a04       0xa8 CMakeFiles/PixelController.dir/C_/Program_Files/Raspberry_Pi/Pico_SDK_v1.5.1/pico-sdk/src/common/pico_util/pheap.c.obj
                                 0xbc (size before relaxing)
 .rodata.ph_remove_and_free_node.str1.4
                0x10008aac       0x1e CMakeFiles/PixelController.dir/C_/Program_Files/Raspberry_Pi/Pico_SDK_v1.5.1/pico-sdk/src/common/pico_util/pheap.c.obj
                                 0x26 (size before relaxing)
 *fill*         0x10008aca        0x2 
 .rodata.__func__.0
                0x10008acc       0x18 CMakeFiles/PixelController.dir/C_/Program_Files/Raspberry_Pi/Pico_SDK_v1.5.1/pico-sdk/src/common/pico_util/pheap.c.obj
 .rodata.__func__.1
                0x10008ae4       0x13 CMakeFiles/PixelController.dir/C_/Program_Files/Raspberry_Pi/Pico_SDK_v1.5.1/pico-sdk/src/common/pico_util/pheap.c.obj
 *fill*         0x10008af7        0x1 
 .rodata.__func__.2
                0x10008af8       0x12 CMakeFiles/PixelController.dir/C_/Program_Files/Raspberry_Pi/Pico_SDK_v1.5.1/pico-sdk/src/common/pico_util/pheap.c.obj
 *fill*         0x10008b0a        0x2 
 .rodata.__func__.3
                0x10008b0c        0xc CMakeFiles/PixelController.dir/C_/Program_Files/Raspberry_Pi/Pico_SDK_v1.5.1/pico-sdk/src/common/pico_util/pheap.c.obj
 .rodata.clock_configure.str1.4
                0x10008b18       0x73 CMakeFiles/PixelController.dir/C_/Program_Files/Raspberry_Pi/Pico_SDK_v1.5.1/pico-sdk/src/rp2_common/hardware_clocks/clocks.c.obj
 *fill*         0x10008b8b        0x1 
 .rodata.__func__.1
                0x10008b8c       0x10 CMakeFiles/PixelController.dir/C_/Program_Files/Raspberry_Pi/Pico_SDK_v1.5.1/pico-sdk/src/rp2_common/hardware_clocks/clocks.c.obj
 .rodata.pll_init.str1.4
                0x10008b9c      0x140 CMakeFiles/PixelController.dir/C_/Program_Files/Raspberry_Pi/Pico_SDK_v1.5.1/pico-sdk/src/rp2_common/hardware_pll/pll.c.obj
 .rodata.__func__.0
                0x10008cdc        0x9 CMakeFiles/PixelController.dir/C_/Program_Files/Raspberry_Pi/Pico_SDK_v1.5.1/pico-sdk/src/rp2_common/hardware_pll/pll.c.obj
 *fill*         0x10008ce5        0x3 
 .rodata.__assert_func.str1.4
                0x10008ce8       0x3f CMakeFiles/PixelController.dir/C_/Program_Files/Raspberry_Pi/Pico_SDK_v1.5.1/pico-sdk/src/rp2_common/pico_runtime/runtime.c.obj
                                 0x43 (size before relaxing)
 *fill*         0x10008d27        0x1 
 .rodata.runtime_init.str1.4
                0x10008d28       0x7d CMakeFiles/PixelController.dir/C_/Program_Files/Raspberry_Pi/Pico_SDK_v1.5.1/pico-sdk/src/rp2_common/pico_runtime/runtime.c.obj
 *fill*         0x10008da5        0x3 
 .rodata.panic.str1.4
                0x10008da8       0x10 CMakeFiles/PixelController.dir/C_/Program_Files/Raspberry_Pi/Pico_SDK_v1.5.1/pico-sdk/src/rp2_common/pico_runtime/runtime.c.obj
                                 0x12 (size before relaxing)
 .rodata.__func__.2
                0x10008db8        0xd CMakeFiles/PixelController.dir/C_/Program_Files/Raspberry_Pi/Pico_SDK_v1.5.1/pico-sdk/src/rp2_common/pico_runtime/runtime.c.obj
 *fill*         0x10008dc5        0x3 
 .rodata._ftoa.str1.4
                0x10008dc8       0x15 CMakeFiles/PixelController.dir/C_/Program_Files/Raspberry_Pi/Pico_SDK_v1.5.1/pico-sdk/src/rp2_common/pico_printf/printf.c.obj
 *fill*         0x10008ddd        0x3 
 .rodata._vsnprintf
                0x10008de0      0x1e0 CMakeFiles/PixelController.dir/C_/Program_Files/Raspberry_Pi/Pico_SDK_v1.5.1/pico-sdk/src/rp2_common/pico_printf/printf.c.obj
 .rodata.pow10.0
                0x10008fc0       0x50 CMakeFiles/PixelController.dir/C_/Program_Files/Raspberry_Pi/Pico_SDK_v1.5.1/pico-sdk/src/rp2_common/pico_printf/printf.c.obj
 .rodata.__aeabi_double_init.str1.4
                0x10009010       0xb8 CMakeFiles/PixelController.dir/C_/Program_Files/Raspberry_Pi/Pico_SDK_v1.5.1/pico-sdk/src/rp2_common/pico_double/double_init_rom.c.obj
 .rodata.__func__.0
                0x100090c8       0x14 CMakeFiles/PixelController.dir/C_/Program_Files/Raspberry_Pi/Pico_SDK_v1.5.1/pico-sdk/src/rp2_common/pico_double/double_init_rom.c.obj
 .rodata.__aeabi_float_init.str1.4
                0x100090dc       0x96 CMakeFiles/PixelController.dir/C_/Program_Files/Raspberry_Pi/Pico_SDK_v1.5.1/pico-sdk/src/rp2_common/pico_float/float_init_rom.c.obj
                                 0x9a (size before relaxing)
 *fill*         0x10009172        0x2 
 .rodata.__func__.0
                0x10009174       0x13 CMakeFiles/PixelController.dir/C_/Program_Files/Raspberry_Pi/Pico_SDK_v1.5.1/pico-sdk/src/rp2_common/pico_float/float_init_rom.c.obj
 *fill*         0x10009187        0x1 
 .rodata.str1.4
                0x10009188       0x44 CMakeFiles/PixelController.dir/C_/Program_Files/Raspberry_Pi/Pico_SDK_v1.5.1/pico-sdk/src/rp2_common/pico_standard_link/binary_info.c.obj
 .rodata.__bi_44
                0x100091cc        0xc CMakeFiles/PixelController.dir/C_/Program_Files/Raspberry_Pi/Pico_SDK_v1.5.1/pico-sdk/src/rp2_common/pico_standard_link/binary_info.c.obj
 .rodata.__bi_75
                0x100091d8        0xc CMakeFiles/PixelController.dir/C_/Program_Files/Raspberry_Pi/Pico_SDK_v1.5.1/pico-sdk/src/rp2_common/pico_standard_link/binary_info.c.obj
 .rodata.__bi_81
                0x100091e4        0xc CMakeFiles/PixelController.dir/C_/Program_Files/Raspberry_Pi/Pico_SDK_v1.5.1/pico-sdk/src/rp2_common/pico_standard_link/binary_info.c.obj
 .rodata.stdout_serialize_begin.str1.4
                0x100091f0       0x7d CMakeFiles/PixelController.dir/C_/Program_Files/Raspberry_Pi/Pico_SDK_v1.5.1/pico-sdk/src/rp2_common/pico_stdio/stdio.c.obj
 .rodata.__wrap_getchar.str1.4
                0x100091f0       0x65 CMakeFiles/PixelController.dir/C_/Program_Files/Raspberry_Pi/Pico_SDK_v1.5.1/pico-sdk/src/rp2_common/pico_stdio/stdio.c.obj
 *fill*         0x10009255        0x3 
 .rodata.__func__.1
                0x10009258        0xf CMakeFiles/PixelController.dir/C_/Program_Files/Raspberry_Pi/Pico_SDK_v1.5.1/pico-sdk/src/rp2_common/pico_stdio/stdio.c.obj
 *fill*         0x10009267        0x1 
 .rodata.__func__.3
                0x10009268       0x15 CMakeFiles/PixelController.dir/C_/Program_Files/Raspberry_Pi/Pico_SDK_v1.5.1/pico-sdk/src/rp2_common/pico_stdio/stdio.c.obj
 *fill*         0x1000927d        0x3 
 .rodata.crlf_str.2
                0x10009280        0x2 CMakeFiles/PixelController.dir/C_/Program_Files/Raspberry_Pi/Pico_SDK_v1.5.1/pico-sdk/src/rp2_common/pico_stdio/stdio.c.obj
 *fill*         0x10009282        0x2 
 .rodata._resetd_driver
                0x10009284       0x18 CMakeFiles/PixelController.dir/C_/Program_Files/Raspberry_Pi/Pico_SDK_v1.5.1/pico-sdk/src/rp2_common/pico_stdio_usb/reset_interface.c.obj
 .rodata.low_priority_worker_irq.str1.4
                0x1000929c       0x7d CMakeFiles/PixelController.dir/C_/Program_Files/Raspberry_Pi/Pico_SDK_v1.5.1/pico-sdk/src/rp2_common/pico_stdio_usb/stdio_usb.c.obj
 .rodata.stdio_usb_init.str1.4
                0x1000929c       0x61 CMakeFiles/PixelController.dir/C_/Program_Files/Raspberry_Pi/Pico_SDK_v1.5.1/pico-sdk/src/rp2_common/pico_stdio_usb/stdio_usb.c.obj
                                 0x69 (size before relaxing)
 *fill*         0x100092fd        0x3 
 .rodata.str1.4
                0x10009300       0x13 CMakeFiles/PixelController.dir/C_/Program_Files/Raspberry_Pi/Pico_SDK_v1.5.1/pico-sdk/src/rp2_common/pico_stdio_usb/stdio_usb.c.obj
 *fill*         0x10009313        0x1 
 .rodata.__bi_182.0
                0x10009314        0xc CMakeFiles/PixelController.dir/C_/Program_Files/Raspberry_Pi/Pico_SDK_v1.5.1/pico-sdk/src/rp2_common/pico_stdio_usb/stdio_usb.c.obj
 .rodata.__func__.1
                0x10009320        0xf CMakeFiles/PixelController.dir/C_/Program_Files/Raspberry_Pi/Pico_SDK_v1.5.1/pico-sdk/src/rp2_common/pico_stdio_usb/stdio_usb.c.obj
 *fill*         0x1000932f        0x1 
 .rodata.__func__.3
                0x10009330       0x15 CMakeFiles/PixelController.dir/C_/Program_Files/Raspberry_Pi/Pico_SDK_v1.5.1/pico-sdk/src/rp2_common/pico_stdio_usb/stdio_usb.c.obj
 *fill*         0x10009345        0x3 
 .rodata.str1.4
                0x10009348       0x2a CMakeFiles/PixelController.dir/C_/Program_Files/Raspberry_Pi/Pico_SDK_v1.5.1/pico-sdk/src/rp2_common/pico_stdio_usb/stdio_usb_descriptors.c.obj
 *fill*         0x10009372        0x2 
 .rodata.usbd_desc_cfg
                0x10009374       0x54 CMakeFiles/PixelController.dir/C_/Program_Files/Raspberry_Pi/Pico_SDK_v1.5.1/pico-sdk/src/rp2_common/pico_stdio_usb/stdio_usb_descriptors.c.obj
 .rodata.usbd_desc_device
                0x100093c8       0x12 CMakeFiles/PixelController.dir/C_/Program_Files/Raspberry_Pi/Pico_SDK_v1.5.1/pico-sdk/src/rp2_common/pico_stdio_usb/stdio_usb_descriptors.c.obj
 *fill*         0x100093da        0x2 
 .rodata.usbd_desc_str
                0x100093dc       0x18 CMakeFiles/PixelController.dir/C_/Program_Files/Raspberry_Pi/Pico_SDK_v1.5.1/pico-sdk/src/rp2_common/pico_stdio_usb/stdio_usb_descriptors.c.obj