Archive member included to satisfy reference by file (symbol)

c:/progra~1/raspbe~1/picosd~1.1/gcc-ar~1/bin/../lib/gcc/arm-none-eabi/10.3.1/thumb/v6-m/nofp\libgcc.a(_dvmd_tls.o)
                              CMakeFiles/PixelController.dir/C_/Program_Files/Raspberry_Pi/Pico_SDK_v1.5.1/pico-sdk/src/rp2_common/pico_divider/divider.S.obj (__aeabi_idiv0)
c:/progra~1/raspbe~1/picosd~1.1/gcc-ar~1/bin/../lib/gcc/arm-none-eabi/10.3.1/../../../../arm-none-eabi/lib/thumb/v6-m/nofp\libg.a(lib_a-atoi.o)
                              CMakeFiles/PixelController.dir/main.c.obj (atoi)
c:/progra~1/raspbe~1/picosd~1.1/gcc-ar~1/bin/../lib/gcc/arm-none-eabi/10.3.1/../../../../arm-none-eabi/lib/thumb/v6-m/nofp\libg.a(lib_a-calloc.o)
                              CMakeFiles/PixelController.dir/C_/Program_Files/Raspberry_Pi/Pico_SDK_v1.5.1/pico-sdk/src/rp2_common/pico_malloc/pico_malloc.c.obj (calloc)
c:/progra~1/raspbe~1/picosd~1.1/gcc-ar~1/bin/../lib/gcc/arm-none-eabi/10.3.1/../../../../arm-none-eabi/lib/thumb/v6-m/nofp\libg.a(lib_a-callocr.o)
                              c:/progra~1/raspbe~1/picosd~1.1/gcc-ar~1/bin/../lib/gcc/arm-none-eabi/10.3.1/../../../../arm-none-eabi/lib/thumb/v6-m/nofp\libg.a(lib_a-calloc.o) (_calloc_r)
c:/progra~1/raspbe~1/picosd~1.1/gcc-ar~1/bin/../lib/gcc/arm-none-eabi/10.3.1/../../../../arm-none-eabi/lib/thumb/v6-m/nofp\libg.a(lib_a-ctype_.o)
                              CMakeFiles/PixelController.dir/main.c.obj (_ctype_)
c:/progra~1/raspbe~1/picosd~1.1/gcc-ar~1/bin/../lib/gcc/arm-none-eabi/10.3.1/../../../../arm-none-eabi/lib/thumb/v6-m/nofp\libg.a(lib_a-errno.o)
                              c:/progra~1/raspbe~1/picosd~1.1/gcc-ar~1/bin/../lib/gcc/arm-none-eabi/10.3.1/../../../../arm-none-eabi/lib/thumb/v6-m/nofp\libg.a(lib_a-callocr.o) (__errno)
c:/progra~1/raspbe~1/picosd~1.1/gcc-ar~1/bin/../lib/gcc/arm-none-eabi/10.3.1/../../../../arm-none-eabi/lib/thumb/v6-m/nofp\libg.a(lib_a-fflush.o)
                              CMakeFiles/PixelController.dir/main.c.obj (fflush)
c:/progra~1/raspbe~1/picosd~1.1/gcc-ar~1/bin/../lib/gcc/arm-none-eabi/10.3.1/../../../../arm-none-eabi/lib/thumb/v6-m/nofp\libg.a(lib_a-findfp.o)
                              c:/progra~1/raspbe~1/picosd~1.1/gcc-ar~1/bin/../lib/gcc/arm-none-eabi/10.3.1/../../../../arm-none-eabi/lib/thumb/v6-m/nofp\libg.a(lib_a-fflush.o) (__sinit)
c:/progra~1/raspbe~1/picosd~1.1/gcc-ar~1/bin/../lib/gcc/arm-none-eabi/10.3.1/../../../../arm-none-eabi/lib/thumb/v6-m/nofp\libg.a(lib_a-freer.o)
                              c:/progra~1/raspbe~1/picosd~1.1/gcc-ar~1/bin/../lib/gcc/arm-none-eabi/10.3.1/../../../../arm-none-eabi/lib/thumb/v6-m/nofp\libg.a(lib_a-fflush.o) (_free_r)
c:/progra~1/raspbe~1/picosd~1.1/gcc-ar~1/bin/../lib/gcc/arm-none-eabi/10.3.1/../../../../arm-none-eabi/lib/thumb/v6-m/nofp\libg.a(lib_a-fwalk.o)
                              c:/progra~1/raspbe~1/picosd~1.1/gcc-ar~1/bin/../lib/gcc/arm-none-eabi/10.3.1/../../../../arm-none-eabi/lib/thumb/v6-m/nofp\libg.a(lib_a-findfp.o) (_fwalk)
c:/progra~1/raspbe~1/picosd~1.1/gcc-ar~1/bin/../lib/gcc/arm-none-eabi/10.3.1/../../../../arm-none-eabi/lib/thumb/v6-m/nofp\libg.a(lib_a-impure.o)
                              c:/progra~1/raspbe~1/picosd~1.1/gcc-ar~1/bin/../lib/gcc/arm-none-eabi/10.3.1/../../../../arm-none-eabi/lib/thumb/v6-m/nofp\libg.a(lib_a-fflush.o) (_global_impure_ptr)
c:/progra~1/raspbe~1/picosd~1.1/gcc-ar~1/bin/../lib/gcc/arm-none-eabi/10.3.1/../../../../arm-none-eabi/lib/thumb/v6-m/nofp\libg.a(lib_a-init.o)
                              c:/progra~1/raspbe~1/picosd~1.1/gcc-ar~1/bin/../lib/gcc/arm-none-eabi/10.3.1/../../../../arm-none-eabi/lib/thumb/v6-m/nofp/crt0.o (__libc_init_array)
c:/progra~1/raspbe~1/picosd~1.1/gcc-ar~1/bin/../lib/gcc/arm-none-eabi/10.3.1/../../../../arm-none-eabi/lib/thumb/v6-m/nofp\libg.a(lib_a-lock.o)
                              c:/progra~1/raspbe~1/picosd~1.1/gcc-ar~1/bin/../lib/gcc/arm-none-eabi/10.3.1/../../../../arm-none-eabi/lib/thumb/v6-m/nofp\libg.a(lib_a-findfp.o) (__retarget_lock_init_recursive)
c:/progra~1/raspbe~1/picosd~1.1/gcc-ar~1/bin/../lib/gcc/arm-none-eabi/10.3.1/../../../../arm-none-eabi/lib/thumb/v6-m/nofp\libg.a(lib_a-malloc.o)
                              CMakeFiles/PixelController.dir/C_/Program_Files/Raspberry_Pi/Pico_SDK_v1.5.1/pico-sdk/src/rp2_common/pico_malloc/pico_malloc.c.obj (malloc)
c:/progra~1/raspbe~1/picosd~1.1/gcc-ar~1/bin/../lib/gcc/arm-none-eabi/10.3.1/../../../../arm-none-eabi/lib/thumb/v6-m/nofp\libg.a(lib_a-mallocr.o)
                              c:/progra~1/raspbe~1/picosd~1.1/gcc-ar~1/bin/../lib/gcc/arm-none-eabi/10.3.1/../../../../arm-none-eabi/lib/thumb/v6-m/nofp\libg.a(lib_a-callocr.o) (_malloc_r)
c:/progra~1/raspbe~1/picosd~1.1/gcc-ar~1/bin/../lib/gcc/arm-none-eabi/10.3.1/../../../../arm-none-eabi/lib/thumb/v6-m/nofp\libg.a(lib_a-mlock.o)
[...]
Memory Configuration

Name             Origin             Length             Attributes
FLASH            0x10000000         0x00200000         xr
RAM              0x20000000         0x00040000         xrw
SCRATCH_X        0x20040000         0x00001000         xrw
SCRATCH_Y        0x20041000         0x00001000         xrw
*default*        0x00000000         0xffffffff

Linker script and memory map

LOAD c:/progra~1/raspbe~1/picosd~1.1/gcc-ar~1/bin/../lib/gcc/arm-none-eabi/10.3.1/thumb/v6-m/nofp/crti.o
LOAD c:/progra~1/raspbe~1/picosd~1.1/gcc-ar~1/bin/../lib/gcc/arm-none-eabi/10.3.1/thumb/v6-m/nofp/crtbegin.o
LOAD c:/progra~1/raspbe~1/picosd~1.1/gcc-ar~1/bin/../lib/gcc/arm-none-eabi/10.3.1/../../../../arm-none-eabi/lib/thumb/v6-m/nofp/crt0.o

.flash_begin    0x10000000        0x0
                0x10000000                __flash_binary_start = .

.boot2          0x10000000      0x100
                0x10000000                __boot2_start__ = .
 *(.boot2)
 .boot2         0x10000000      0x100 C:\Users\johnh\AppData\Local\Temp\ccMKcFa4.o
                0x10000100                __boot2_end__ = .
                0x00000001                ASSERT (((__boot2_end__ - __boot2_start__) == 0x100), ERROR: Pico second stage bootloader must be 256 bytes in size)

.text           0x10000100     0x7fd8
                0x10000100                __logical_binary_start = .
 *(.vectors)
 .vectors       0x10000100       0xd4 CMakeFiles/PixelController.dir/C_/Program_Files/Raspberry_Pi/Pico_SDK_v1.5.1/pico-sdk/src/rp2_common/pico_standard_link/crt0.S.obj
                0x10000100                __VECTOR_TABLE
                0x10000100                __vectors
                0x100001c0                isr_invalid
                0x100001c0                __default_isrs_start
                0x100001c2                isr_nmi
                0x100001c4                isr_hardfault
                0x100001c6                isr_svcall
                0x100001c8                isr_pendsv
                0x100001ca                isr_systick
                0x100001cc                isr_irq23
                0x100001cc                isr_irq18
                0x100001cc                isr_irq11
                0x100001cc                isr_irq28
                0x100001cc                isr_irq19
                0x100001cc                isr_irq0
                0x100001cc                isr_irq6
                0x100001cc                isr_irq5
                0x100001cc                isr_irq12
                0x100001cc                isr_irq22
                0x100001cc                isr_irq31
                0x100001cc                isr_irq17
                0x100001cc                isr_irq27
                0x100001cc                isr_irq30
                0x100001cc                isr_irq2
                0x100001cc                isr_irq10
                0x100001cc                isr_irq8
                0x100001cc                isr_irq24
                0x100001cc                isr_irq1
                0x100001cc                isr_irq7
                0x100001cc                isr_irq21
                0x100001cc                isr_irq20
                0x100001cc                isr_irq15
                0x100001cc                isr_irq25
                0x100001cc                isr_irq13
                0x100001cc                __unhandled_user_irq
                0x100001cc                isr_irq4
                0x100001cc                isr_irq16
                0x100001cc                isr_irq29
                0x100001cc                isr_irq26
                0x100001cc                __default_isrs_end
                0x100001cc                isr_irq3
                0x100001cc                isr_irq14
                0x100001cc                isr_irq9
                0x100001d2                unhandled_user_irq_num_in_r0
 *(.binary_info_header)
 .binary_info_header
                0x100001d4       0x14 CMakeFiles/PixelController.dir/C_/Program_Files/Raspberry_Pi/Pico_SDK_v1.5.1/pico-sdk/src/rp2_common/pico_standard_link/crt0.S.obj
                0x100001e8                __binary_info_header_end = .
 *(.reset)
 .reset         0x100001e8       0xa0 CMakeFiles/PixelController.dir/C_/Program_Files/Raspberry_Pi/Pico_SDK_v1.5.1/pico-sdk/src/rp2_common/pico_standard_link/crt0.S.obj
                0x100001e8                _entry_point
 .reset         0x10000288       0x30 CMakeFiles/PixelController.dir/C_/Program_Files/Raspberry_Pi/Pico_SDK_v1.5.1/pico-sdk/src/rp2_common/pico_standard_link/binary_info.c.obj
 *(.init)
 .init          0x100002b8        0x4 c:/progra~1/raspbe~1/picosd~1.1/gcc-ar~1/bin/../lib/gcc/arm-none-eabi/10.3.1/thumb/v6-m/nofp/crti.o
                0x100002b8                _init
 *(EXCLUDE_FILE(*libm.a: *libc.a:*lib_a-mem*.o *libgcc.a:) .text*)
 .text          0x100002bc       0x48 c:/progra~1/raspbe~1/picosd~1.1/gcc-ar~1/bin/../lib/gcc/arm-none-eabi/10.3.1/thumb/v6-m/nofp/crtbegin.o
 .text.readInput
                0x10000304       0x3c CMakeFiles/PixelController.dir/main.c.obj
                0x10000304                readInput
 .text.bus_sender
                0x10000340      0x180 CMakeFiles/PixelController.dir/main.c.obj
                0x10000340                bus_sender
 .text.initIO   0x100004c0       0x80 CMakeFiles/PixelController.dir/main.c.obj
                0x100004c0                initIO
 .text.main     0x10000540      0x134 CMakeFiles/PixelController.dir/main.c.obj
                0x10000540                main
 .text.set_sys_clock_pll
                0x10000674       0x78 CMakeFiles/PixelController.dir/C_/Program_Files/Raspberry_Pi/Pico_SDK_v1.5.1/pico-sdk/src/rp2_common/pico_stdlib/stdlib.c.obj
                0x10000674                set_sys_clock_pll
 .text.check_sys_clock_khz
                0x100006ec       0xa4 CMakeFiles/PixelController.dir/C_/Program_Files/Raspberry_Pi/Pico_SDK_v1.5.1/pico-sdk/src/rp2_common/pico_stdlib/stdlib.c.obj
                0x100006ec                check_sys_clock_khz
 .text.gpio_set_function
                0x10000790       0x30 CMakeFiles/PixelController.dir/C_/Program_Files/Raspberry_Pi/Pico_SDK_v1.5.1/pico-sdk/src/rp2_common/hardware_gpio/gpio.c.obj
                0x10000790                gpio_set_function
 .text.gpio_init
                0x100007c0       0x16 CMakeFiles/PixelController.dir/C_/Program_Files/Raspberry_Pi/Pico_SDK_v1.5.1/pico-sdk/src/rp2_common/hardware_gpio/gpio.c.obj
                0x100007c0                gpio_init
 *fill*         0x100007d6        0x2 
 .text.running_on_fpga
                0x100007d8       0x14 CMakeFiles/PixelController.dir/C_/Program_Files/Raspberry_Pi/Pico_SDK_v1.5.1/pico-sdk/src/rp2_common/pico_platform/platform.c.obj
                0x100007d8                running_on_fpga
 .text.hw_claim_lock
                0x100007ec       0x18 CMakeFiles/PixelController.dir/C_/Program_Files/Raspberry_Pi/Pico_SDK_v1.5.1/pico-sdk/src/rp2_common/hardware_claim/claim.c.obj
                0x100007ec                hw_claim_lock
 .text.hw_claim_unlock
                0x10000804       0x14 CMakeFiles/PixelController.dir/C_/Program_Files/Raspberry_Pi/Pico_SDK_v1.5.1/pico-sdk/src/rp2_common/hardware_claim/claim.c.obj
                0x10000804                hw_claim_unlock
 .text.hw_claim_or_assert
                0x10000818       0x32 CMakeFiles/PixelController.dir/C_/Program_Files/Raspberry_Pi/Pico_SDK_v1.5.1/pico-sdk/src/rp2_common/hardware_claim/claim.c.obj
                0x10000818                hw_claim_or_assert
 .text.hw_claim_unused_from_range
                0x1000084a       0x50 CMakeFiles/PixelController.dir/C_/Program_Files/Raspberry_Pi/Pico_SDK_v1.5.1/pico-sdk/src/rp2_common/hardware_claim/claim.c.obj
                0x1000084a                hw_claim_unused_from_range
 *fill*         0x1000089a        0x2 
 .text.spin_locks_reset
                0x1000089c       0x20 CMakeFiles/PixelController.dir/C_/Program_Files/Raspberry_Pi/Pico_SDK_v1.5.1/pico-sdk/src/rp2_common/hardware_sync/sync.c.obj
                0x1000089c                spin_locks_reset
 .text.next_striped_spin_lock_num
                0x100008bc       0x1c CMakeFiles/PixelController.dir/C_/Program_Files/Raspberry_Pi/Pico_SDK_v1.5.1/pico-sdk/src/rp2_common/hardware_sync/sync.c.obj
                0x100008bc                next_striped_spin_lock_num
 .text.spin_lock_claim_unused
                0x100008d8       0x20 CMakeFiles/PixelController.dir/C_/Program_Files/Raspberry_Pi/Pico_SDK_v1.5.1/pico-sdk/src/rp2_common/hardware_sync/sync.c.obj
                0x100008d8                spin_lock_claim_unused
 .text.set_raw_irq_handler_and_unlock
                0x100008f8       0x28 CMakeFiles/PixelController.dir/C_/Program_Files/Raspberry_Pi/Pico_SDK_v1.5.1/pico-sdk/src/rp2_common/hardware_irq/irq.c.obj
 .text.make_branch
                0x10000920       0x48 CMakeFiles/PixelController.dir/C_/Program_Files/Raspberry_Pi/Pico_SDK_v1.5.1/pico-sdk/src/rp2_common/hardware_irq/irq.c.obj
 .text.insert_branch_and_link
                0x10000968       0x40 CMakeFiles/PixelController.dir/C_/Program_Files/Raspberry_Pi/Pico_SDK_v1.5.1/pico-sdk/src/rp2_common/hardware_irq/irq.c.obj
 .text.irq_is_enabled
                0x100009a8       0x18 CMakeFiles/PixelController.dir/C_/Program_Files/Raspberry_Pi/Pico_SDK_v1.5.1/pico-sdk/src/rp2_common/hardware_irq/irq.c.obj
                0x100009a8                irq_is_enabled
 .text.irq_set_mask_enabled
                0x100009c0       0x20 CMakeFiles/PixelController.dir/C_/Program_Files/Raspberry_Pi/Pico_SDK_v1.5.1/pico-sdk/src/rp2_common/hardware_irq/irq.c.obj
                0x100009c0                irq_set_mask_enabled
 .text.irq_set_enabled
                0x100009e0        0xe CMakeFiles/PixelController.dir/C_/Program_Files/Raspberry_Pi/Pico_SDK_v1.5.1/pico-sdk/src/rp2_common/hardware_irq/irq.c.obj
                0x100009e0                irq_set_enabled
 *fill*         0x100009ee        0x2 
 .text.irq_set_pending
                0x100009f0       0x10 CMakeFiles/PixelController.dir/C_/Program_Files/Raspberry_Pi/Pico_SDK_v1.5.1/pico-sdk/src/rp2_common/hardware_irq/irq.c.obj
                0x100009f0                irq_set_pending
 .text.irq_get_vtable_handler
                0x10000a00       0x10 CMakeFiles/PixelController.dir/C_/Program_Files/Raspberry_Pi/Pico_SDK_v1.5.1/pico-sdk/src/rp2_common/hardware_irq/irq.c.obj
                0x10000a00                irq_get_vtable_handler
 .text.irq_has_shared_handler
                0x10000a10       0x24 CMakeFiles/PixelController.dir/C_/Program_Files/Raspberry_Pi/Pico_SDK_v1.5.1/pico-sdk/src/rp2_common/hardware_irq/irq.c.obj
                0x10000a10                irq_has_shared_handler
 .text.irq_set_exclusive_handler
                0x10000a34       0x54 CMakeFiles/PixelController.dir/C_/Program_Files/Raspberry_Pi/Pico_SDK_v1.5.1/pico-sdk/src/rp2_common/hardware_irq/irq.c.obj
                0x10000a34                irq_set_exclusive_handler
 .text.irq_add_shared_handler
                0x10000a88      0x234 CMakeFiles/PixelController.dir/C_/Program_Files/Raspberry_Pi/Pico_SDK_v1.5.1/pico-sdk/src/rp2_common/hardware_irq/irq.c.obj
                0x10000a88                irq_add_shared_handler
 .text.irq_remove_handler
                0x10000cbc      0x1ac CMakeFiles/PixelController.dir/C_/Program_Files/Raspberry_Pi/Pico_SDK_v1.5.1/pico-sdk/src/rp2_common/hardware_irq/irq.c.obj
                0x10000cbc                irq_remove_handler
 .text.irq_add_tail_to_free_list
                0x10000e68       0xf0 CMakeFiles/PixelController.dir/C_/Program_Files/Raspberry_Pi/Pico_SDK_v1.5.1/pico-sdk/src/rp2_common/hardware_irq/irq.c.obj
                0x10000e68                irq_add_tail_to_free_list
 .text.irq_init_priorities
                0x10000f58       0x1c CMakeFiles/PixelController.dir/C_/Program_Files/Raspberry_Pi/Pico_SDK_v1.5.1/pico-sdk/src/rp2_common/hardware_irq/irq.c.obj
                0x10000f58                irq_init_priorities
 .text.user_irq_claim_unused
                0x10000f74       0x28 CMakeFiles/PixelController.dir/C_/Program_Files/Raspberry_Pi/Pico_SDK_v1.5.1/pico-sdk/src/rp2_common/hardware_irq/irq.c.obj
                0x10000f74                user_irq_claim_unused
 .text.lock_init
                0x10000f9c       0x10 CMakeFiles/PixelController.dir/C_/Program_Files/Raspberry_Pi/Pico_SDK_v1.5.1/pico-sdk/src/common/pico_sync/lock_core.c.obj
                0x10000f9c                lock_init
 .text.mutex_init
                0x10000fac       0x1a CMakeFiles/PixelController.dir/C_/Program_Files/Raspberry_Pi/Pico_SDK_v1.5.1/pico-sdk/src/common/pico_sync/mutex.c.obj
                0x10000fac                mutex_init
 .text.recursive_mutex_init
                0x10000fc6       0x1e CMakeFiles/PixelController.dir/C_/Program_Files/Raspberry_Pi/Pico_SDK_v1.5.1/pico-sdk/src/common/pico_sync/mutex.c.obj
                0x10000fc6                recursive_mutex_init
 .text.critical_section_init_with_lock_num
                0x10000fe4       0x14 CMakeFiles/PixelController.dir/C_/Program_Files/Raspberry_Pi/Pico_SDK_v1.5.1/pico-sdk/src/common/pico_sync/critical_section.c.obj
                0x10000fe4                critical_section_init_with_lock_num
 .text.critical_section_init
                0x10000ff8       0x14 CMakeFiles/PixelController.dir/C_/Program_Files/Raspberry_Pi/Pico_SDK_v1.5.1/pico-sdk/src/common/pico_sync/critical_section.c.obj
                0x10000ff8                critical_section_init
 .text.alarm_pool_post_alloc_init
                0x1000100c       0x40 CMakeFiles/PixelController.dir/C_/Program_Files/Raspberry_Pi/Pico_SDK_v1.5.1/pico-sdk/src/common/pico_time/time.c.obj
 .text.sleep_until_callback
                0x1000104c       0x30 CMakeFiles/PixelController.dir/C_/Program_Files/Raspberry_Pi/Pico_SDK_v1.5.1/pico-sdk/src/common/pico_time/time.c.obj
 .text.timer_pool_entry_comparator
                0x1000107c       0x7c CMakeFiles/PixelController.dir/C_/Program_Files/Raspberry_Pi/Pico_SDK_v1.5.1/pico-sdk/src/common/pico_time/time.c.obj
                0x1000107c                timer_pool_entry_comparator
 .text.ph_add_child_node
                0x100010f8       0xa4 CMakeFiles/PixelController.dir/C_/Program_Files/Raspberry_Pi/Pico_SDK_v1.5.1/pico-sdk/src/common/pico_time/time.c.obj
 .text.ph_merge_nodes
                0x1000119c       0x3e CMakeFiles/PixelController.dir/C_/Program_Files/Raspberry_Pi/Pico_SDK_v1.5.1/pico-sdk/src/common/pico_time/time.c.obj
 *fill*         0x100011da        0x2 
 .text.add_alarm_under_lock
                0x100011dc      0x174 CMakeFiles/PixelController.dir/C_/Program_Files/Raspberry_Pi/Pico_SDK_v1.5.1/pico-sdk/src/common/pico_time/time.c.obj
 .text.alarm_pool_alarm_callback
                0x10001350      0x33c CMakeFiles/PixelController.dir/C_/Program_Files/Raspberry_Pi/Pico_SDK_v1.5.1/pico-sdk/src/common/pico_time/time.c.obj
 .text.alarm_pool_init_default
                0x1000168c       0x40 CMakeFiles/PixelController.dir/C_/Program_Files/Raspberry_Pi/Pico_SDK_v1.5.1/pico-sdk/src/common/pico_time/time.c.obj
                0x1000168c                alarm_pool_init_default
 .text.alarm_pool_get_default
                0x100016cc       0x2c CMakeFiles/PixelController.dir/C_/Program_Files/Raspberry_Pi/Pico_SDK_v1.5.1/pico-sdk/src/common/pico_time/time.c.obj
                0x100016cc                alarm_pool_get_default
 .text.alarm_pool_add_alarm_at
                0x100016f8      0x168 CMakeFiles/PixelController.dir/C_/Program_Files/Raspberry_Pi/Pico_SDK_v1.5.1/pico-sdk/src/common/pico_time/time.c.obj
                0x100016f8                alarm_pool_add_alarm_at
 .text.alarm_pool_cancel_alarm
                0x10001860       0xf8 CMakeFiles/PixelController.dir/C_/Program_Files/Raspberry_Pi/Pico_SDK_v1.5.1/pico-sdk/src/common/pico_time/time.c.obj
                0x10001860                alarm_pool_cancel_alarm
 .text.alarm_pool_core_num
                0x10001958        0x4 CMakeFiles/PixelController.dir/C_/Program_Files/Raspberry_Pi/Pico_SDK_v1.5.1/pico-sdk/src/common/pico_time/time.c.obj
                0x10001958                alarm_pool_core_num
 .text.sleep_until
                0x1000195c       0xfc CMakeFiles/PixelController.dir/C_/Program_Files/Raspberry_Pi/Pico_SDK_v1.5.1/pico-sdk/src/common/pico_time/time.c.obj
                0x1000195c                sleep_until
 .text.sleep_us
                0x10001a58       0x58 CMakeFiles/PixelController.dir/C_/Program_Files/Raspberry_Pi/Pico_SDK_v1.5.1/pico-sdk/src/common/pico_time/time.c.obj
                0x10001a58                sleep_us
 .text.sleep_ms
                0x10001ab0       0x14 CMakeFiles/PixelController.dir/C_/Program_Files/Raspberry_Pi/Pico_SDK_v1.5.1/pico-sdk/src/common/pico_time/time.c.obj
                0x10001ab0                sleep_ms
 .text.best_effort_wfe_or_timeout
                0x10001ac4       0xac CMakeFiles/PixelController.dir/C_/Program_Files/Raspberry_Pi/Pico_SDK_v1.5.1/pico-sdk/src/common/pico_time/time.c.obj
                0x10001ac4                best_effort_wfe_or_timeout
 .text.hardware_alarm_irq_handler
                0x10001b70       0x90 CMakeFiles/PixelController.dir/C_/Program_Files/Raspberry_Pi/Pico_SDK_v1.5.1/pico-sdk/src/rp2_common/hardware_timer/timer.c.obj
 .text.hardware_alarm_claim
                0x10001c00       0x18 CMakeFiles/PixelController.dir/C_/Program_Files/Raspberry_Pi/Pico_SDK_v1.5.1/pico-sdk/src/rp2_common/hardware_timer/timer.c.obj
                0x10001c00                hardware_alarm_claim
 .text.time_us_64
                0x10001c18       0x18 CMakeFiles/PixelController.dir/C_/Program_Files/Raspberry_Pi/Pico_SDK_v1.5.1/pico-sdk/src/rp2_common/hardware_timer/timer.c.obj
                0x10001c18                time_us_64
 .text.busy_wait_until
                0x10001c30       0x28 CMakeFiles/PixelController.dir/C_/Program_Files/Raspberry_Pi/Pico_SDK_v1.5.1/pico-sdk/src/rp2_common/hardware_timer/timer.c.obj
                0x10001c30                busy_wait_until
 .text.busy_wait_us
                0x10001c58       0x48 CMakeFiles/PixelController.dir/C_/Program_Files/Raspberry_Pi/Pico_SDK_v1.5.1/pico-sdk/src/rp2_common/hardware_timer/timer.c.obj
                0x10001c58                busy_wait_us
 .text.hardware_alarm_set_callback
                0x10001ca0       0x90 CMakeFiles/PixelController.dir/C_/Program_Files/Raspberry_Pi/Pico_SDK_v1.5.1/pico-sdk/src/rp2_common/hardware_timer/timer.c.obj
                0x10001ca0                hardware_alarm_set_callback
 .text.hardware_alarm_set_target
                0x10001d30       0xe8 CMakeFiles/PixelController.dir/C_/Program_Files/Raspberry_Pi/Pico_SDK_v1.5.1/pico-sdk/src/rp2_common/hardware_timer/timer.c.obj
                0x10001d30                hardware_alarm_set_target
 .text.hardware_alarm_cancel
                0x10001e18       0x40 CMakeFiles/PixelController.dir/C_/Program_Files/Raspberry_Pi/Pico_SDK_v1.5.1/pico-sdk/src/rp2_common/hardware_timer/timer.c.obj
                0x10001e18                hardware_alarm_cancel
 .text.ph_add_child_node
                0x10001e58       0xa4 CMakeFiles/PixelController.dir/C_/Program_Files/Raspberry_Pi/Pico_SDK_v1.5.1/pico-sdk/src/common/pico_util/pheap.c.obj
 .text.ph_merge_nodes
                0x10001efc       0x3e CMakeFiles/PixelController.dir/C_/Program_Files/Raspberry_Pi/Pico_SDK_v1.5.1/pico-sdk/src/common/pico_util/pheap.c.obj
 *fill*         0x10001f3a        0x2 
 .text.ph_clear
                0x10001f3c       0x70 CMakeFiles/PixelController.dir/C_/Program_Files/Raspberry_Pi/Pico_SDK_v1.5.1/pico-sdk/src/common/pico_util/pheap.c.obj
                0x10001f3c                ph_clear
 .text.ph_post_alloc_init
                0x10001fac        0xe CMakeFiles/PixelController.dir/C_/Program_Files/Raspberry_Pi/Pico_SDK_v1.5.1/pico-sdk/src/common/pico_util/pheap.c.obj
                0x10001fac                ph_post_alloc_init
 *fill*         0x10001fba        0x2 
 .text.ph_merge_two_pass
                0x10001fbc       0xa8 CMakeFiles/PixelController.dir/C_/Program_Files/Raspberry_Pi/Pico_SDK_v1.5.1/pico-sdk/src/common/pico_util/pheap.c.obj
                0x10001fbc                ph_merge_two_pass
 .text.ph_remove_any_head
                0x10002064      0x128 CMakeFiles/PixelController.dir/C_/Program_Files/Raspberry_Pi/Pico_SDK_v1.5.1/pico-sdk/src/common/pico_util/pheap.c.obj
 .text.ph_remove_head
                0x1000218c       0x14 CMakeFiles/PixelController.dir/C_/Program_Files/Raspberry_Pi/Pico_SDK_v1.5.1/pico-sdk/src/common/pico_util/pheap.c.obj
                0x1000218c                ph_remove_head
 .text.ph_remove_and_free_node
                0x100021a0       0xf8 CMakeFiles/PixelController.dir/C_/Program_Files/Raspberry_Pi/Pico_SDK_v1.5.1/pico-sdk/src/common/pico_util/pheap.c.obj
                0x100021a0                ph_remove_and_free_node
 .text.clock_configure
                0x10002298      0x108 CMakeFiles/PixelController.dir/C_/Program_Files/Raspberry_Pi/Pico_SDK_v1.5.1/pico-sdk/src/rp2_common/hardware_clocks/clocks.c.obj
                0x10002298                clock_configure
 .text.clocks_init
                0x100023a0      0x100 CMakeFiles/PixelController.dir/C_/Program_Files/Raspberry_Pi/Pico_SDK_v1.5.1/pico-sdk/src/rp2_common/hardware_clocks/clocks.c.obj
                0x100023a0                clocks_init
 .text.clock_get_hz
                0x100024a0        0xc CMakeFiles/PixelController.dir/C_/Program_Files/Raspberry_Pi/Pico_SDK_v1.5.1/pico-sdk/src/rp2_common/hardware_clocks/clocks.c.obj
                0x100024a0                clock_get_hz
 .text.pll_init
                0x100024ac      0x120 CMakeFiles/PixelController.dir/C_/Program_Files/Raspberry_Pi/Pico_SDK_v1.5.1/pico-sdk/src/rp2_common/hardware_pll/pll.c.obj
                0x100024ac                pll_init
 .text.watchdog_start_tick
                0x100025cc       0x10 CMakeFiles/PixelController.dir/C_/Program_Files/Raspberry_Pi/Pico_SDK_v1.5.1/pico-sdk/src/rp2_common/hardware_watchdog/watchdog.c.obj
                0x100025cc                watchdog_start_tick
 .text.watchdog_update
                0x100025dc       0x14 CMakeFiles/PixelController.dir/C_/Program_Files/Raspberry_Pi/Pico_SDK_v1.5.1/pico-sdk/src/rp2_common/hardware_watchdog/watchdog.c.obj
                0x100025dc                watchdog_update
 .text._watchdog_enable
                0x100025f0       0x78 CMakeFiles/PixelController.dir/C_/Program_Files/Raspberry_Pi/Pico_SDK_v1.5.1/pico-sdk/src/rp2_common/hardware_watchdog/watchdog.c.obj
                0x100025f0                _watchdog_enable
 .text.watchdog_reboot
                0x10002668       0x48 CMakeFiles/PixelController.dir/C_/Program_Files/Raspberry_Pi/Pico_SDK_v1.5.1/pico-sdk/src/rp2_common/hardware_watchdog/watchdog.c.obj
                0x10002668                watchdog_reboot
 .text.xosc_init
                0x100026b0       0x28 CMakeFiles/PixelController.dir/C_/Program_Files/Raspberry_Pi/Pico_SDK_v1.5.1/pico-sdk/src/rp2_common/hardware_xosc/xosc.c.obj
                0x100026b0                xosc_init
 .text._exit    0x100026d8        0x4 CMakeFiles/PixelController.dir/C_/Program_Files/Raspberry_Pi/Pico_SDK_v1.5.1/pico-sdk/src/rp2_common/pico_runtime/runtime.c.obj
                0x100026d8                _exit
 .text._sbrk    0x100026dc       0x38 CMakeFiles/PixelController.dir/C_/Program_Files/Raspberry_Pi/Pico_SDK_v1.5.1/pico-sdk/src/rp2_common/pico_runtime/runtime.c.obj
                0x100026dc                _sbrk
 .text.exit     0x10002714        0x6 CMakeFiles/PixelController.dir/C_/Program_Files/Raspberry_Pi/Pico_SDK_v1.5.1/pico-sdk/src/rp2_common/pico_runtime/runtime.c.obj
                0x10002714                exit
 *fill*         0x1000271a        0x2 
 .text.__assert_func
                0x1000271c       0x3c CMakeFiles/PixelController.dir/C_/Program_Files/Raspberry_Pi/Pico_SDK_v1.5.1/pico-sdk/src/rp2_common/pico_runtime/runtime.c.obj
                0x1000271c                __assert_func
 .text.runtime_init
                0x10002758       0xf8 CMakeFiles/PixelController.dir/C_/Program_Files/Raspberry_Pi/Pico_SDK_v1.5.1/pico-sdk/src/rp2_common/pico_runtime/runtime.c.obj
                0x10002758                runtime_init
 .text.panic    0x10002850       0x30 CMakeFiles/PixelController.dir/C_/Program_Files/Raspberry_Pi/Pico_SDK_v1.5.1/pico-sdk/src/rp2_common/pico_runtime/runtime.c.obj
                0x10002850                panic
 .text._out_null
                0x10002880        0x2 CMakeFiles/PixelController.dir/C_/Program_Files/Raspberry_Pi/Pico_SDK_v1.5.1/pico-sdk/src/rp2_common/pico_printf/printf.c.obj
 .text._out_fct
                0x10002882        0xe CMakeFiles/PixelController.dir/C_/Program_Files/Raspberry_Pi/Pico_SDK_v1.5.1/pico-sdk/src/rp2_common/pico_printf/printf.c.obj
 .text._atoi    0x10002890       0x24 CMakeFiles/PixelController.dir/C_/Program_Files/Raspberry_Pi/Pico_SDK_v1.5.1/pico-sdk/src/rp2_common/pico_printf/printf.c.obj
 .text._out_rev
                0x100028b4       0xae CMakeFiles/PixelController.dir/C_/Program_Files/Raspberry_Pi/Pico_SDK_v1.5.1/pico-sdk/src/rp2_common/pico_printf/printf.c.obj
 .text._ntoa_format
                0x10002962      0x112 CMakeFiles/PixelController.dir/C_/Program_Files/Raspberry_Pi/Pico_SDK_v1.5.1/pico-sdk/src/rp2_common/pico_printf/printf.c.obj
 .text._ntoa_long
                0x10002a74       0xbc CMakeFiles/PixelController.dir/C_/Program_Files/Raspberry_Pi/Pico_SDK_v1.5.1/pico-sdk/src/rp2_common/pico_printf/printf.c.obj
 .text._ntoa_long_long
                0x10002b30       0xe2 CMakeFiles/PixelController.dir/C_/Program_Files/Raspberry_Pi/Pico_SDK_v1.5.1/pico-sdk/src/rp2_common/pico_printf/printf.c.obj
 *fill*         0x10002c12        0x2 
 .text._etoa    0x10002c14      0x414 CMakeFiles/PixelController.dir/C_/Program_Files/Raspberry_Pi/Pico_SDK_v1.5.1/pico-sdk/src/rp2_common/pico_printf/printf.c.obj
 .text._ftoa    0x10003028      0x354 CMakeFiles/PixelController.dir/C_/Program_Files/Raspberry_Pi/Pico_SDK_v1.5.1/pico-sdk/src/rp2_common/pico_printf/printf.c.obj
 .text._vsnprintf
                0x1000337c      0x624 CMakeFiles/PixelController.dir/C_/Program_Files/Raspberry_Pi/Pico_SDK_v1.5.1/pico-sdk/src/rp2_common/pico_printf/printf.c.obj
 .text.vfctprintf
                0x100039a0       0x20 CMakeFiles/PixelController.dir/C_/Program_Files/Raspberry_Pi/Pico_SDK_v1.5.1/pico-sdk/src/rp2_common/pico_printf/printf.c.obj
                0x100039a0                vfctprintf
 .text          0x100039c0       0x10 CMakeFiles/PixelController.dir/C_/Program_Files/Raspberry_Pi/Pico_SDK_v1.5.1/pico-sdk/src/rp2_common/pico_bit_ops/bit_ops_aeabi.S.obj
 .text.rom_func_lookup
                0x100039d0       0x10 CMakeFiles/PixelController.dir/C_/Program_Files/Raspberry_Pi/Pico_SDK_v1.5.1/pico-sdk/src/rp2_common/pico_bootrom/bootrom.c.obj
                0x100039d0                rom_func_lookup
 .text.rom_data_lookup
                0x100039e0       0x10 CMakeFiles/PixelController.dir/C_/Program_Files/Raspberry_Pi/Pico_SDK_v1.5.1/pico-sdk/src/rp2_common/pico_bootrom/bootrom.c.obj
                0x100039e0                rom_data_lookup
 .text.rom_funcs_lookup
                0x100039f0       0x36 CMakeFiles/PixelController.dir/C_/Program_Files/Raspberry_Pi/Pico_SDK_v1.5.1/pico-sdk/src/rp2_common/pico_bootrom/bootrom.c.obj
                0x100039f0                rom_funcs_lookup
 *fill*         0x10003a26        0x2 
 .text.__wrap___aeabi_idiv
                0x10003a28       0x50 CMakeFiles/PixelController.dir/C_/Program_Files/Raspberry_Pi/Pico_SDK_v1.5.1/pico-sdk/src/rp2_common/pico_divider/divider.S.obj
                0x10003a28                __wrap___aeabi_idivmod
                0x10003a28                divmod_s32s32
                0x10003a28                div_s32s32
                0x10003a28                __wrap___aeabi_idiv
                0x10003a30                divmod_s32s32_unsafe
                0x10003a5c                divmod_s32s32_savestate
 .text.__wrap___aeabi_uidiv
                0x10003a78       0x4c CMakeFiles/PixelController.dir/C_/Program_Files/Raspberry_Pi/Pico_SDK_v1.5.1/pico-sdk/src/rp2_common/pico_divider/divider.S.obj
                0x10003a78                __wrap___aeabi_uidiv
                0x10003a78                __wrap___aeabi_uidivmod
                0x10003a78                div_u32u32
                0x10003a78                divmod_u32u32
                0x10003a80                divmod_u32u32_unsafe
                0x10003aa8                divmod_u32u32_savestate
 .text.__wrap___aeabi_ldiv
                0x10003ac4      0x424 CMakeFiles/PixelController.dir/C_/Program_Files/Raspberry_Pi/Pico_SDK_v1.5.1/pico-sdk/src/rp2_common/pico_divider/divider.S.obj
                0x10003ac4                div_s64s64
                0x10003ac4                divmod_s64s64
                0x10003ac4                __wrap___aeabi_ldivmod
                0x10003af4                divmod_u64u64
                0x10003af4                div_u64u64
                0x10003af4                __wrap___aeabi_uldivmod
                0x10003b04                divmod_u64u64_savestate
                0x10003b24                divmod_s64s64_unsafe
                0x10003bac                divmod_u64u64_unsafe
 .text.__wrap___aeabi_darithmetic
                0x10003ee8       0x80 CMakeFiles/PixelController.dir/C_/Program_Files/Raspberry_Pi/Pico_SDK_v1.5.1/pico-sdk/src/rp2_common/pico_double/double_aeabi.S.obj
                0x10003ee8                __wrap___aeabi_drsub
                0x10003eee                __wrap___aeabi_dsub
                0x10003f00                __wrap___aeabi_dadd
                0x10003f12                __wrap___aeabi_ddiv
                0x10003f4e                __wrap___aeabi_dmul
 .text.__wrap___aeabi_cdcmple
                0x10003f68       0x6c CMakeFiles/PixelController.dir/C_/Program_Files/Raspberry_Pi/Pico_SDK_v1.5.1/pico-sdk/src/rp2_common/pico_double/double_aeabi.S.obj
                0x10003f68                __wrap___aeabi_cdrcmple
                0x10003f78                __wrap___aeabi_cdcmpeq
                0x10003f78                __wrap___aeabi_cdcmple
 .text.__wrap___aeabi_dcmplt
                0x10003fd4        0xc CMakeFiles/PixelController.dir/C_/Program_Files/Raspberry_Pi/Pico_SDK_v1.5.1/pico-sdk/src/rp2_common/pico_double/double_aeabi.S.obj
                0x10003fd4                __wrap___aeabi_dcmplt
 .text.__wrap___aeabi_dcmple
                0x10003fe0       0x10 CMakeFiles/PixelController.dir/C_/Program_Files/Raspberry_Pi/Pico_SDK_v1.5.1/pico-sdk/src/rp2_common/pico_double/double_aeabi.S.obj
                0x10003fe0                __wrap___aeabi_dcmple
 .text.__wrap___aeabi_dcmpge
                0x10003ff0       0x10 CMakeFiles/PixelController.dir/C_/Program_Files/Raspberry_Pi/Pico_SDK_v1.5.1/pico-sdk/src/rp2_common/pico_double/double_aeabi.S.obj
                0x10003ff0                __wrap___aeabi_dcmpge
 .text.__wrap___aeabi_dcmpgt
                0x10004000        0xa CMakeFiles/PixelController.dir/C_/Program_Files/Raspberry_Pi/Pico_SDK_v1.5.1/pico-sdk/src/rp2_common/pico_double/double_aeabi.S.obj
                0x10004000                __wrap___aeabi_dcmpgt
 .text.__wrap___aeabi_dcmpun
                0x1000400a       0x1c CMakeFiles/PixelController.dir/C_/Program_Files/Raspberry_Pi/Pico_SDK_v1.5.1/pico-sdk/src/rp2_common/pico_double/double_aeabi.S.obj
                0x1000400a                __wrap___aeabi_dcmpun
 *fill*         0x10004026        0x2 
 .text.__wrap___aeabi_i2d
                0x10004028       0x38 CMakeFiles/PixelController.dir/C_/Program_Files/Raspberry_Pi/Pico_SDK_v1.5.1/pico-sdk/src/rp2_common/pico_double/double_aeabi.S.obj
                0x10004028                __wrap___aeabi_ui2d
                0x10004030                __wrap___aeabi_i2d
 .text.__wrap___aeabi_d2iz
                0x10004060       0x48 CMakeFiles/PixelController.dir/C_/Program_Files/Raspberry_Pi/Pico_SDK_v1.5.1/pico-sdk/src/rp2_common/pico_double/double_aeabi.S.obj
                0x10004060                double2int_z
                0x10004060                __wrap___aeabi_d2iz
 .text.__wrap___aeabi_d2uiz
                0x100040a8       0x18 CMakeFiles/PixelController.dir/C_/Program_Files/Raspberry_Pi/Pico_SDK_v1.5.1/pico-sdk/src/rp2_common/pico_double/double_aeabi.S.obj
                0x100040a8                __wrap___aeabi_d2uiz
                0x100040a8                double2uint
 .text.__aeabi_double_init
                0x100040c0       0xc8 CMakeFiles/PixelController.dir/C_/Program_Files/Raspberry_Pi/Pico_SDK_v1.5.1/pico-sdk/src/rp2_common/pico_double/double_init_rom.c.obj
                0x100040c0                __aeabi_double_init
 .text.double_table_shim_on_use_helper
                0x10004188       0x34 CMakeFiles/PixelController.dir/C_/Program_Files/Raspberry_Pi/Pico_SDK_v1.5.1/pico-sdk/src/rp2_common/pico_double/double_v1_rom_shim.S.obj
                0x10004188                double_table_shim_on_use_helper
 .text.__wrap___aeabi_dsub
                0x100041bc       0x10 CMakeFiles/PixelController.dir/C_/Program_Files/Raspberry_Pi/Pico_SDK_v1.5.1/pico-sdk/src/rp2_common/pico_double/double_v1_rom_shim.S.obj
                0x100041bc                drsub_shim
                0x100041c2                dsub_shim
 .text.dadd_shim
                0x100041cc      0x15c CMakeFiles/PixelController.dir/C_/Program_Files/Raspberry_Pi/Pico_SDK_v1.5.1/pico-sdk/src/rp2_common/pico_double/double_v1_rom_shim.S.obj
                0x100041cc                dadd_shim
 .text.dmul_shim
                0x10004328      0x15c CMakeFiles/PixelController.dir/C_/Program_Files/Raspberry_Pi/Pico_SDK_v1.5.1/pico-sdk/src/rp2_common/pico_double/double_v1_rom_shim.S.obj
                0x10004328                dmul_shim
 .text.ddiv_shim
                0x10004484      0x1b0 CMakeFiles/PixelController.dir/C_/Program_Files/Raspberry_Pi/Pico_SDK_v1.5.1/pico-sdk/src/rp2_common/pico_double/double_v1_rom_shim.S.obj
                0x10004484                ddiv_shim
 .text.double2uint_shim
                0x10004634        0xe CMakeFiles/PixelController.dir/C_/Program_Files/Raspberry_Pi/Pico_SDK_v1.5.1/pico-sdk/src/rp2_common/pico_double/double_v1_rom_shim.S.obj
                0x10004634                double2uint_shim
                0x10004636                double2ufix_shim
 *fill*         0x10004642        0x2 
 .text.double2uint64_shim
                0x10004644       0x70 CMakeFiles/PixelController.dir/C_/Program_Files/Raspberry_Pi/Pico_SDK_v1.5.1/pico-sdk/src/rp2_common/pico_double/double_v1_rom_shim.S.obj
                0x10004644                double2uint64_shim
                0x10004646                double2ufix64_shim
                0x10004666                d2fix_a
 .text.dunpacks
                0x100046b4       0x3c CMakeFiles/PixelController.dir/C_/Program_Files/Raspberry_Pi/Pico_SDK_v1.5.1/pico-sdk/src/rp2_common/pico_double/double_v1_rom_shim.S.obj
                0x100046b4                dunpacks
 .text.__aeabi_lmul
                0x100046f0       0x32 CMakeFiles/PixelController.dir/C_/Program_Files/Raspberry_Pi/Pico_SDK_v1.5.1/pico-sdk/src/rp2_common/pico_int64_ops/pico_int64_ops_aeabi.S.obj
                0x100046f0                __wrap___aeabi_lmul
 *fill*         0x10004722        0x2 
 .text.__aeabi_float_init
                0x10004724       0xfc CMakeFiles/PixelController.dir/C_/Program_Files/Raspberry_Pi/Pico_SDK_v1.5.1/pico-sdk/src/rp2_common/pico_float/float_init_rom.c.obj
                0x10004724                __aeabi_float_init
 .text.float_table_shim_on_use_helper
                0x10004820       0x34 CMakeFiles/PixelController.dir/C_/Program_Files/Raspberry_Pi/Pico_SDK_v1.5.1/pico-sdk/src/rp2_common/pico_float/float_v1_rom_shim.S.obj
                0x10004820                float_table_shim_on_use_helper
 .text          0x10004854       0x10 CMakeFiles/PixelController.dir/C_/Program_Files/Raspberry_Pi/Pico_SDK_v1.5.1/pico-sdk/src/rp2_common/pico_mem_ops/mem_ops_aeabi.S.obj
                0x10004854                __aeabi_mem_init
 .text.memset   0x10004864        0xc CMakeFiles/PixelController.dir/C_/Program_Files/Raspberry_Pi/Pico_SDK_v1.5.1/pico-sdk/src/rp2_common/pico_mem_ops/mem_ops_aeabi.S.obj
                0x10004864                __wrap_memset
 .text.memcpy   0x10004870        0xc CMakeFiles/PixelController.dir/C_/Program_Files/Raspberry_Pi/Pico_SDK_v1.5.1/pico-sdk/src/rp2_common/pico_mem_ops/mem_ops_aeabi.S.obj
                0x10004870                __wrap_memcpy
                0x10004870                __wrap___aeabi_memcpy
 .text.stdio_out_chars_no_crlf
                0x1000487c        0xe CMakeFiles/PixelController.dir/C_/Program_Files/Raspberry_Pi/Pico_SDK_v1.5.1/pico-sdk/src/rp2_common/pico_stdio/stdio.c.obj
 *fill*         0x1000488a        0x2 
 .text.stdio_out_chars_crlf
                0x1000488c       0x80 CMakeFiles/PixelController.dir/C_/Program_Files/Raspberry_Pi/Pico_SDK_v1.5.1/pico-sdk/src/rp2_common/pico_stdio/stdio.c.obj
 .text.stdio_stack_buffer_flush
                0x1000490c       0x44 CMakeFiles/PixelController.dir/C_/Program_Files/Raspberry_Pi/Pico_SDK_v1.5.1/pico-sdk/src/rp2_common/pico_stdio/stdio.c.obj
 .text.stdio_buffered_printer
                0x10004950       0x20 CMakeFiles/PixelController.dir/C_/Program_Files/Raspberry_Pi/Pico_SDK_v1.5.1/pico-sdk/src/rp2_common/pico_stdio/stdio.c.obj
 .text.stdio_get_until
                0x10004970       0x80 CMakeFiles/PixelController.dir/C_/Program_Files/Raspberry_Pi/Pico_SDK_v1.5.1/pico-sdk/src/rp2_common/pico_stdio/stdio.c.obj
 .text.stdout_serialize_begin
                0x100049f0       0x5c CMakeFiles/PixelController.dir/C_/Program_Files/Raspberry_Pi/Pico_SDK_v1.5.1/pico-sdk/src/rp2_common/pico_stdio/stdio.c.obj
                0x100049f0                stdout_serialize_begin
 .text.stdout_serialize_end
                0x10004a4c       0x10 CMakeFiles/PixelController.dir/C_/Program_Files/Raspberry_Pi/Pico_SDK_v1.5.1/pico-sdk/src/rp2_common/pico_stdio/stdio.c.obj
                0x10004a4c                stdout_serialize_end
 .text.stdio_put_string
                0x10004a5c       0x98 CMakeFiles/PixelController.dir/C_/Program_Files/Raspberry_Pi/Pico_SDK_v1.5.1/pico-sdk/src/rp2_common/pico_stdio/stdio.c.obj
 .text.__wrap_putchar
                0x10004af4       0x1c CMakeFiles/PixelController.dir/C_/Program_Files/Raspberry_Pi/Pico_SDK_v1.5.1/pico-sdk/src/rp2_common/pico_stdio/stdio.c.obj
                0x10004af4                __wrap_putchar
 .text._read    0x10004b10       0x24 CMakeFiles/PixelController.dir/C_/Program_Files/Raspberry_Pi/Pico_SDK_v1.5.1/pico-sdk/src/rp2_common/pico_stdio/stdio.c.obj
                0x10004b10                _read
 .text._write   0x10004b34       0x22 CMakeFiles/PixelController.dir/C_/Program_Files/Raspberry_Pi/Pico_SDK_v1.5.1/pico-sdk/src/rp2_common/pico_stdio/stdio.c.obj
                0x10004b34                _write
 .text._close   0x10004b56        0x6 CMakeFiles/PixelController.dir/C_/Program_Files/Raspberry_Pi/Pico_SDK_v1.5.1/pico-sdk/src/rp2_common/pico_stdio/stdio.c.obj
                0x10004b56                _close
 .text._lseek   0x10004b5c        0x6 CMakeFiles/PixelController.dir/C_/Program_Files/Raspberry_Pi/Pico_SDK_v1.5.1/pico-sdk/src/rp2_common/pico_stdio/stdio.c.obj
                0x10004b5c                _lseek
 *fill*         0x10004b62        0x2 
 .text.stdio_set_driver_enabled
                0x10004b64       0x2c CMakeFiles/PixelController.dir/C_/Program_Files/Raspberry_Pi/Pico_SDK_v1.5.1/pico-sdk/src/rp2_common/pico_stdio/stdio.c.obj
                0x10004b64                stdio_set_driver_enabled
 .text.stdio_flush
                0x10004b90       0x20 CMakeFiles/PixelController.dir/C_/Program_Files/Raspberry_Pi/Pico_SDK_v1.5.1/pico-sdk/src/rp2_common/pico_stdio/stdio.c.obj
                0x10004b90                stdio_flush
 .text.__wrap_puts
                0x10004bb0       0x1e CMakeFiles/PixelController.dir/C_/Program_Files/Raspberry_Pi/Pico_SDK_v1.5.1/pico-sdk/src/rp2_common/pico_stdio/stdio.c.obj
                0x10004bb0                __wrap_puts
 *fill*         0x10004bce        0x2 
 .text.__wrap_vprintf
                0x10004bd0       0x40 CMakeFiles/PixelController.dir/C_/Program_Files/Raspberry_Pi/Pico_SDK_v1.5.1/pico-sdk/src/rp2_common/pico_stdio/stdio.c.obj
                0x10004bd0                __wrap_vprintf
 .text.__wrap_printf
                0x10004c10       0x18 CMakeFiles/PixelController.dir/C_/Program_Files/Raspberry_Pi/Pico_SDK_v1.5.1/pico-sdk/src/rp2_common/pico_stdio/stdio.c.obj
                0x10004c10                __wrap_printf
 .text.stdio_init_all
                0x10004c28        0x8 CMakeFiles/PixelController.dir/C_/Program_Files/Raspberry_Pi/Pico_SDK_v1.5.1/pico-sdk/src/rp2_common/pico_stdio/stdio.c.obj
                0x10004c28                stdio_init_all
 .text.__wrap_getchar
                0x10004c30       0x40 CMakeFiles/PixelController.dir/C_/Program_Files/Raspberry_Pi/Pico_SDK_v1.5.1/pico-sdk/src/rp2_common/pico_stdio/stdio.c.obj
                0x10004c30                __wrap_getchar
 .text.resetd_init
                0x10004c70        0x2 CMakeFiles/PixelController.dir/C_/Program_Files/Raspberry_Pi/Pico_SDK_v1.5.1/pico-sdk/src/rp2_common/pico_stdio_usb/reset_interface.c.obj
 *fill*         0x10004c72        0x2 
 .text.resetd_reset
                0x10004c74        0xc CMakeFiles/PixelController.dir/C_/Program_Files/Raspberry_Pi/Pico_SDK_v1.5.1/pico-sdk/src/rp2_common/pico_stdio_usb/reset_interface.c.obj
 .text.resetd_open
                0x10004c80       0x34 CMakeFiles/PixelController.dir/C_/Program_Files/Raspberry_Pi/Pico_SDK_v1.5.1/pico-sdk/src/rp2_common/pico_stdio_usb/reset_interface.c.obj
 .text.resetd_xfer_cb
                0x10004cb4        0x4 CMakeFiles/PixelController.dir/C_/Program_Files/Raspberry_Pi/Pico_SDK_v1.5.1/pico-sdk/src/rp2_common/pico_stdio_usb/reset_interface.c.obj
 .text.reset_usb_boot
                0x10004cb8       0x18 CMakeFiles/PixelController.dir/C_/Program_Files/Raspberry_Pi/Pico_SDK_v1.5.1/pico-sdk/src/rp2_common/pico_stdio_usb/reset_interface.c.obj
 .text.resetd_control_xfer_cb
                0x10004cd0       0x5c CMakeFiles/PixelController.dir/C_/Program_Files/Raspberry_Pi/Pico_SDK_v1.5.1/pico-sdk/src/rp2_common/pico_stdio_usb/reset_interface.c.obj
 .text.usbd_app_driver_get_cb
                0x10004d2c        0xc CMakeFiles/PixelController.dir/C_/Program_Files/Raspberry_Pi/Pico_SDK_v1.5.1/pico-sdk/src/rp2_common/pico_stdio_usb/reset_interface.c.obj
                0x10004d2c                usbd_app_driver_get_cb
 .text.tud_cdc_line_coding_cb
                0x10004d38       0x28 CMakeFiles/PixelController.dir/C_/Program_Files/Raspberry_Pi/Pico_SDK_v1.5.1/pico-sdk/src/rp2_common/pico_stdio_usb/reset_interface.c.obj
                0x10004d38                tud_cdc_line_coding_cb
 .text.stdio_usb_set_chars_available_callback
                0x10004d60       0x14 CMakeFiles/PixelController.dir/C_/Program_Files/Raspberry_Pi/Pico_SDK_v1.5.1/pico-sdk/src/rp2_common/pico_stdio_usb/stdio_usb.c.obj
                0x10004d60                stdio_usb_set_chars_available_callback
 .text.usb_irq  0x10004d74       0x10 CMakeFiles/PixelController.dir/C_/Program_Files/Raspberry_Pi/Pico_SDK_v1.5.1/pico-sdk/src/rp2_common/pico_stdio_usb/stdio_usb.c.obj
 .text.timer_task
                0x10004d84       0x5c CMakeFiles/PixelController.dir/C_/Program_Files/Raspberry_Pi/Pico_SDK_v1.5.1/pico-sdk/src/rp2_common/pico_stdio_usb/stdio_usb.c.obj
 .text.low_priority_worker_irq
                0x10004de0       0xdc CMakeFiles/PixelController.dir/C_/Program_Files/Raspberry_Pi/Pico_SDK_v1.5.1/pico-sdk/src/rp2_common/pico_stdio_usb/stdio_usb.c.obj
 .text.tud_cdc_rx_cb
                0x10004ebc       0x20 CMakeFiles/PixelController.dir/C_/Program_Files/Raspberry_Pi/Pico_SDK_v1.5.1/pico-sdk/src/rp2_common/pico_stdio_usb/stdio_usb.c.obj
                0x10004ebc                tud_cdc_rx_cb
 .text.stdio_usb_init
                0x10004edc      0x11c CMakeFiles/PixelController.dir/C_/Program_Files/Raspberry_Pi/Pico_SDK_v1.5.1/pico-sdk/src/rp2_common/pico_stdio_usb/stdio_usb.c.obj
                0x10004edc                stdio_usb_init
 .text.stdio_usb_connected
                0x10004ff8        0xa CMakeFiles/PixelController.dir/C_/Program_Files/Raspberry_Pi/Pico_SDK_v1.5.1/pico-sdk/src/rp2_common/pico_stdio_usb/stdio_usb.c.obj
                0x10004ff8                stdio_usb_connected
 *fill*         0x10005002        0x2 
 .text.stdio_usb_in_chars
                0x10005004       0xc4 CMakeFiles/PixelController.dir/C_/Program_Files/Raspberry_Pi/Pico_SDK_v1.5.1/pico-sdk/src/rp2_common/pico_stdio_usb/stdio_usb.c.obj
                0x10005004                stdio_usb_in_chars
 .text.stdio_usb_out_chars
                0x100050c8      0x114 CMakeFiles/PixelController.dir/C_/Program_Files/Raspberry_Pi/Pico_SDK_v1.5.1/pico-sdk/src/rp2_common/pico_stdio_usb/stdio_usb.c.obj
 .text.tud_descriptor_device_cb
                0x100051dc        0x8 CMakeFiles/PixelController.dir/C_/Program_Files/Raspberry_Pi/Pico_SDK_v1.5.1/pico-sdk/src/rp2_common/pico_stdio_usb/stdio_usb_descriptors.c.obj
                0x100051dc                tud_descriptor_device_cb
 .text.tud_descriptor_configuration_cb
                0x100051e4        0x8 CMakeFiles/PixelController.dir/C_/Program_Files/Raspberry_Pi/Pico_SDK_v1.5.1/pico-sdk/src/rp2_common/pico_stdio_usb/stdio_usb_descriptors.c.obj
                0x100051e4                tud_descriptor_configuration_cb
 .text.tud_descriptor_string_cb
                0x100051ec       0x6c CMakeFiles/PixelController.dir/C_/Program_Files/Raspberry_Pi/Pico_SDK_v1.5.1/pico-sdk/src/rp2_common/pico_stdio_usb/stdio_usb_descriptors.c.obj
                0x100051ec                tud_descriptor_string_cb
 .text._retrieve_unique_id_on_boot
                0x10005258       0x10 CMakeFiles/PixelController.dir/C_/Program_Files/Raspberry_Pi/Pico_SDK_v1.5.1/pico-sdk/src/rp2_common/pico_unique_id/unique_id.c.obj
 .text.pico_get_unique_board_id_string
                0x10005268       0x60 CMakeFiles/PixelController.dir/C_/Program_Files/Raspberry_Pi/Pico_SDK_v1.5.1/pico-sdk/src/rp2_common/pico_unique_id/unique_id.c.obj
                0x10005268                pico_get_unique_board_id_string
 .text.flash_get_unique_id
                0x100052c8       0x46 CMakeFiles/PixelController.dir/C_/Program_Files/Raspberry_Pi/Pico_SDK_v1.5.1/pico-sdk/src/rp2_common/hardware_flash/flash.c.obj
                0x100052c8                flash_get_unique_id
 *fill*         0x1000530e        0x2 
 .text.hw_endpoint_get_by_addr
                0x10005310       0x18 CMakeFiles/PixelController.dir/C_/Program_Files/Raspberry_Pi/Pico_SDK_v1.5.1/pico-sdk/lib/tinyusb/src/portable/raspberrypi/rp2040/dcd_rp2040.c.obj
 .text._hw_endpoint_alloc
                0x10005328       0x70 CMakeFiles/PixelController.dir/C_/Program_Files/Raspberry_Pi/Pico_SDK_v1.5.1/pico-sdk/lib/tinyusb/src/portable/raspberrypi/rp2040/dcd_rp2040.c.obj
 .text.hw_endpoint_init
                0x10005398       0x88 CMakeFiles/PixelController.dir/C_/Program_Files/Raspberry_Pi/Pico_SDK_v1.5.1/pico-sdk/lib/tinyusb/src/portable/raspberrypi/rp2040/dcd_rp2040.c.obj
 .text.hw_endpoint_xfer
                0x10005420       0x14 CMakeFiles/PixelController.dir/C_/Program_Files/Raspberry_Pi/Pico_SDK_v1.5.1/pico-sdk/lib/tinyusb/src/portable/raspberrypi/rp2040/dcd_rp2040.c.obj
 .text.dcd_int_enable
                0x10005434       0x2c CMakeFiles/PixelController.dir/C_/Program_Files/Raspberry_Pi/Pico_SDK_v1.5.1/pico-sdk/lib/tinyusb/src/portable/raspberrypi/rp2040/dcd_rp2040.c.obj
                0x10005434                dcd_int_enable
 .text.dcd_set_address
                0x10005460       0x2c CMakeFiles/PixelController.dir/C_/Program_Files/Raspberry_Pi/Pico_SDK_v1.5.1/pico-sdk/lib/tinyusb/src/portable/raspberrypi/rp2040/dcd_rp2040.c.obj
                0x10005460                dcd_set_address
 .text.dcd_connect
                0x1000548c       0x10 CMakeFiles/PixelController.dir/C_/Program_Files/Raspberry_Pi/Pico_SDK_v1.5.1/pico-sdk/lib/tinyusb/src/portable/raspberrypi/rp2040/dcd_rp2040.c.obj
                0x1000548c                dcd_connect
 .text.dcd_init
                0x1000549c       0x80 CMakeFiles/PixelController.dir/C_/Program_Files/Raspberry_Pi/Pico_SDK_v1.5.1/pico-sdk/lib/tinyusb/src/portable/raspberrypi/rp2040/dcd_rp2040.c.obj
                0x1000549c                dcd_init
 .text.dcd_edpt0_status_complete
                0x1000551c       0x1c CMakeFiles/PixelController.dir/C_/Program_Files/Raspberry_Pi/Pico_SDK_v1.5.1/pico-sdk/lib/tinyusb/src/portable/raspberrypi/rp2040/dcd_rp2040.c.obj
                0x1000551c                dcd_edpt0_status_complete
 .text.dcd_edpt_open
                0x10005538       0x40 CMakeFiles/PixelController.dir/C_/Program_Files/Raspberry_Pi/Pico_SDK_v1.5.1/pico-sdk/lib/tinyusb/src/portable/raspberrypi/rp2040/dcd_rp2040.c.obj
                0x10005538                dcd_edpt_open
 .text.dcd_edpt_close_all
                0x10005578        0x8 CMakeFiles/PixelController.dir/C_/Program_Files/Raspberry_Pi/Pico_SDK_v1.5.1/pico-sdk/lib/tinyusb/src/portable/raspberrypi/rp2040/dcd_rp2040.c.obj
                0x10005578                dcd_edpt_close_all
 .text.dcd_edpt_xfer
                0x10005580       0x34 CMakeFiles/PixelController.dir/C_/Program_Files/Raspberry_Pi/Pico_SDK_v1.5.1/pico-sdk/lib/tinyusb/src/portable/raspberrypi/rp2040/dcd_rp2040.c.obj
                0x10005580                dcd_edpt_xfer
 .text.dcd_edpt_stall
                0x100055b4       0x2c CMakeFiles/PixelController.dir/C_/Program_Files/Raspberry_Pi/Pico_SDK_v1.5.1/pico-sdk/lib/tinyusb/src/portable/raspberrypi/rp2040/dcd_rp2040.c.obj
                0x100055b4                dcd_edpt_stall
 .text.dcd_edpt_clear_stall
                0x100055e0       0x20 CMakeFiles/PixelController.dir/C_/Program_Files/Raspberry_Pi/Pico_SDK_v1.5.1/pico-sdk/lib/tinyusb/src/portable/raspberrypi/rp2040/dcd_rp2040.c.obj
                0x100055e0                dcd_edpt_clear_stall
 .text.rp2040_usb_init
                0x10005600       0x4c CMakeFiles/PixelController.dir/C_/Program_Files/Raspberry_Pi/Pico_SDK_v1.5.1/pico-sdk/lib/tinyusb/src/portable/raspberrypi/rp2040/rp2040_usb.c.obj
                0x10005600                rp2040_usb_init
 .text.hw_endpoint_xfer_start
                0x1000564c       0x50 CMakeFiles/PixelController.dir/C_/Program_Files/Raspberry_Pi/Pico_SDK_v1.5.1/pico-sdk/lib/tinyusb/src/portable/raspberrypi/rp2040/rp2040_usb.c.obj
                0x1000564c                hw_endpoint_xfer_start
 .text.configuration_reset
                0x1000569c       0x84 CMakeFiles/PixelController.dir/C_/Program_Files/Raspberry_Pi/Pico_SDK_v1.5.1/pico-sdk/lib/tinyusb/src/device/usbd.c.obj
 .text.usbd_reset
                0x10005720        0xc CMakeFiles/PixelController.dir/C_/Program_Files/Raspberry_Pi/Pico_SDK_v1.5.1/pico-sdk/lib/tinyusb/src/device/usbd.c.obj
 .text.invoke_class_control
                0x1000572c       0x1a CMakeFiles/PixelController.dir/C_/Program_Files/Raspberry_Pi/Pico_SDK_v1.5.1/pico-sdk/lib/tinyusb/src/device/usbd.c.obj
 *fill*         0x10005746        0x2 
 .text.process_set_config
                0x10005748      0x178 CMakeFiles/PixelController.dir/C_/Program_Files/Raspberry_Pi/Pico_SDK_v1.5.1/pico-sdk/lib/tinyusb/src/device/usbd.c.obj
 .text.process_get_descriptor
                0x100058c0       0xdc CMakeFiles/PixelController.dir/C_/Program_Files/Raspberry_Pi/Pico_SDK_v1.5.1/pico-sdk/lib/tinyusb/src/device/usbd.c.obj
 .text.tud_mounted
                0x1000599c       0x10 CMakeFiles/PixelController.dir/C_/Program_Files/Raspberry_Pi/Pico_SDK_v1.5.1/pico-sdk/lib/tinyusb/src/device/usbd.c.obj
                0x1000599c                tud_mounted
 .text.tud_suspended
                0x100059ac       0x10 CMakeFiles/PixelController.dir/C_/Program_Files/Raspberry_Pi/Pico_SDK_v1.5.1/pico-sdk/lib/tinyusb/src/device/usbd.c.obj
                0x100059ac                tud_suspended
 .text.tud_inited
                0x100059bc       0x14 CMakeFiles/PixelController.dir/C_/Program_Files/Raspberry_Pi/Pico_SDK_v1.5.1/pico-sdk/lib/tinyusb/src/device/usbd.c.obj
                0x100059bc                tud_inited
 .text.tud_init
                0x100059d0       0xcc CMakeFiles/PixelController.dir/C_/Program_Files/Raspberry_Pi/Pico_SDK_v1.5.1/pico-sdk/lib/tinyusb/src/device/usbd.c.obj
                0x100059d0                tud_init
 .text.usbd_defer_func
                0x10005a9c       0x2a CMakeFiles/PixelController.dir/C_/Program_Files/Raspberry_Pi/Pico_SDK_v1.5.1/pico-sdk/lib/tinyusb/src/device/usbd.c.obj
                0x10005a9c                usbd_defer_func
 *fill*         0x10005ac6        0x2 
 .text.usbd_edpt_open
                0x10005ac8       0x34 CMakeFiles/PixelController.dir/C_/Program_Files/Raspberry_Pi/Pico_SDK_v1.5.1/pico-sdk/lib/tinyusb/src/device/usbd.c.obj
                0x10005ac8                usbd_edpt_open
 .text.usbd_open_edpt_pair
                0x10005afc       0x62 CMakeFiles/PixelController.dir/C_/Program_Files/Raspberry_Pi/Pico_SDK_v1.5.1/pico-sdk/lib/tinyusb/src/device/usbd.c.obj
                0x10005afc                usbd_open_edpt_pair
 *fill*         0x10005b5e        0x2 
 .text.usbd_edpt_claim
                0x10005b60       0x28 CMakeFiles/PixelController.dir/C_/Program_Files/Raspberry_Pi/Pico_SDK_v1.5.1/pico-sdk/lib/tinyusb/src/device/usbd.c.obj
                0x10005b60                usbd_edpt_claim
 .text.usbd_edpt_release
                0x10005b88       0x28 CMakeFiles/PixelController.dir/C_/Program_Files/Raspberry_Pi/Pico_SDK_v1.5.1/pico-sdk/lib/tinyusb/src/device/usbd.c.obj
                0x10005b88                usbd_edpt_release
 .text.usbd_edpt_xfer
                0x10005bb0       0x78 CMakeFiles/PixelController.dir/C_/Program_Files/Raspberry_Pi/Pico_SDK_v1.5.1/pico-sdk/lib/tinyusb/src/device/usbd.c.obj
                0x10005bb0                usbd_edpt_xfer
 .text.usbd_edpt_stall
                0x10005c28       0x48 CMakeFiles/PixelController.dir/C_/Program_Files/Raspberry_Pi/Pico_SDK_v1.5.1/pico-sdk/lib/tinyusb/src/device/usbd.c.obj
                0x10005c28                usbd_edpt_stall
 .text.usbd_edpt_clear_stall
                0x10005c70       0x48 CMakeFiles/PixelController.dir/C_/Program_Files/Raspberry_Pi/Pico_SDK_v1.5.1/pico-sdk/lib/tinyusb/src/device/usbd.c.obj
                0x10005c70                usbd_edpt_clear_stall
 .text.usbd_edpt_stalled
                0x10005cb8       0x1c CMakeFiles/PixelController.dir/C_/Program_Files/Raspberry_Pi/Pico_SDK_v1.5.1/pico-sdk/lib/tinyusb/src/device/usbd.c.obj
                0x10005cb8                usbd_edpt_stalled
 .text.process_control_request
                0x10005cd4      0x37c CMakeFiles/PixelController.dir/C_/Program_Files/Raspberry_Pi/Pico_SDK_v1.5.1/pico-sdk/lib/tinyusb/src/device/usbd.c.obj
 .text.tud_task_ext
                0x10006050      0x1b8 CMakeFiles/PixelController.dir/C_/Program_Files/Raspberry_Pi/Pico_SDK_v1.5.1/pico-sdk/lib/tinyusb/src/device/usbd.c.obj
                0x10006050                tud_task_ext
 .text._data_stage_xact
                0x10006208       0x58 CMakeFiles/PixelController.dir/C_/Program_Files/Raspberry_Pi/Pico_SDK_v1.5.1/pico-sdk/lib/tinyusb/src/device/usbd_control.c.obj
 .text.tud_control_status
                0x10006260       0x38 CMakeFiles/PixelController.dir/C_/Program_Files/Raspberry_Pi/Pico_SDK_v1.5.1/pico-sdk/lib/tinyusb/src/device/usbd_control.c.obj
                0x10006260                tud_control_status
 .text.tud_control_xfer
                0x10006298       0x74 CMakeFiles/PixelController.dir/C_/Program_Files/Raspberry_Pi/Pico_SDK_v1.5.1/pico-sdk/lib/tinyusb/src/device/usbd_control.c.obj
                0x10006298                tud_control_xfer
 .text.usbd_control_reset
                0x1000630c       0x14 CMakeFiles/PixelController.dir/C_/Program_Files/Raspberry_Pi/Pico_SDK_v1.5.1/pico-sdk/lib/tinyusb/src/device/usbd_control.c.obj
                0x1000630c                usbd_control_reset
 .text.usbd_control_set_complete_callback
                0x10006320        0xc CMakeFiles/PixelController.dir/C_/Program_Files/Raspberry_Pi/Pico_SDK_v1.5.1/pico-sdk/lib/tinyusb/src/device/usbd_control.c.obj
                0x10006320                usbd_control_set_complete_callback
 .text.usbd_control_set_request
                0x1000632c       0x1c CMakeFiles/PixelController.dir/C_/Program_Files/Raspberry_Pi/Pico_SDK_v1.5.1/pico-sdk/lib/tinyusb/src/device/usbd_control.c.obj
                0x1000632c                usbd_control_set_request
 .text.usbd_control_xfer_cb
                0x10006348       0xcc CMakeFiles/PixelController.dir/C_/Program_Files/Raspberry_Pi/Pico_SDK_v1.5.1/pico-sdk/lib/tinyusb/src/device/usbd_control.c.obj
                0x10006348                usbd_control_xfer_cb
 .text._prep_out_transaction
                0x10006414       0x4a CMakeFiles/PixelController.dir/C_/Program_Files/Raspberry_Pi/Pico_SDK_v1.5.1/pico-sdk/lib/tinyusb/src/class/cdc/cdc_device.c.obj
 *fill*         0x1000645e        0x2 
 .text.tud_cdc_n_connected
                0x10006460       0x44 CMakeFiles/PixelController.dir/C_/Program_Files/Raspberry_Pi/Pico_SDK_v1.5.1/pico-sdk/lib/tinyusb/src/class/cdc/cdc_device.c.obj
                0x10006460                tud_cdc_n_connected
 .text.tud_cdc_n_available
                0x100064a4       0x18 CMakeFiles/PixelController.dir/C_/Program_Files/Raspberry_Pi/Pico_SDK_v1.5.1/pico-sdk/lib/tinyusb/src/class/cdc/cdc_device.c.obj
                0x100064a4                tud_cdc_n_available
 .text.tud_cdc_n_read
                0x100064bc       0x28 CMakeFiles/PixelController.dir/C_/Program_Files/Raspberry_Pi/Pico_SDK_v1.5.1/pico-sdk/lib/tinyusb/src/class/cdc/cdc_device.c.obj
                0x100064bc                tud_cdc_n_read
 .text.tud_cdc_n_write_flush
                0x100064e4       0xb8 CMakeFiles/PixelController.dir/C_/Program_Files/Raspberry_Pi/Pico_SDK_v1.5.1/pico-sdk/lib/tinyusb/src/class/cdc/cdc_device.c.obj
                0x100064e4                tud_cdc_n_write_flush
 .text.tud_cdc_n_write
                0x1000659c       0x38 CMakeFiles/PixelController.dir/C_/Program_Files/Raspberry_Pi/Pico_SDK_v1.5.1/pico-sdk/lib/tinyusb/src/class/cdc/cdc_device.c.obj
                0x1000659c                tud_cdc_n_write
 .text.tud_cdc_n_write_available
                0x100065d4       0x1c CMakeFiles/PixelController.dir/C_/Program_Files/Raspberry_Pi/Pico_SDK_v1.5.1/pico-sdk/lib/tinyusb/src/class/cdc/cdc_device.c.obj
                0x100065d4                tud_cdc_n_write_available
 .text.cdcd_init
                0x100065f0       0xbc CMakeFiles/PixelController.dir/C_/Program_Files/Raspberry_Pi/Pico_SDK_v1.5.1/pico-sdk/lib/tinyusb/src/class/cdc/cdc_device.c.obj
                0x100065f0                cdcd_init
 .text.cdcd_reset
                0x100066ac       0x44 CMakeFiles/PixelController.dir/C_/Program_Files/Raspberry_Pi/Pico_SDK_v1.5.1/pico-sdk/lib/tinyusb/src/class/cdc/cdc_device.c.obj
                0x100066ac                cdcd_reset
 .text.cdcd_open
                0x100066f0       0xcc CMakeFiles/PixelController.dir/C_/Program_Files/Raspberry_Pi/Pico_SDK_v1.5.1/pico-sdk/lib/tinyusb/src/class/cdc/cdc_device.c.obj
                0x100066f0                cdcd_open
 .text.cdcd_control_xfer_cb
                0x100067bc      0x134 CMakeFiles/PixelController.dir/C_/Program_Files/Raspberry_Pi/Pico_SDK_v1.5.1/pico-sdk/lib/tinyusb/src/class/cdc/cdc_device.c.obj
                0x100067bc                cdcd_control_xfer_cb
 .text.cdcd_xfer_cb
                0x100068f0      0x130 CMakeFiles/PixelController.dir/C_/Program_Files/Raspberry_Pi/Pico_SDK_v1.5.1/pico-sdk/lib/tinyusb/src/class/cdc/cdc_device.c.obj
                0x100068f0                cdcd_xfer_cb
 .text.tusb_init
                0x10006a20        0xa CMakeFiles/PixelController.dir/C_/Program_Files/Raspberry_Pi/Pico_SDK_v1.5.1/pico-sdk/lib/tinyusb/src/tusb.c.obj
                0x10006a20                tusb_init
 .text.tusb_inited
                0x10006a2a        0xe CMakeFiles/PixelController.dir/C_/Program_Files/Raspberry_Pi/Pico_SDK_v1.5.1/pico-sdk/lib/tinyusb/src/tusb.c.obj
                0x10006a2a                tusb_inited
 .text.tu_edpt_claim
                0x10006a38       0x50 CMakeFiles/PixelController.dir/C_/Program_Files/Raspberry_Pi/Pico_SDK_v1.5.1/pico-sdk/lib/tinyusb/src/tusb.c.obj
                0x10006a38                tu_edpt_claim
 .text.tu_edpt_release
                0x10006a88       0x3c CMakeFiles/PixelController.dir/C_/Program_Files/Raspberry_Pi/Pico_SDK_v1.5.1/pico-sdk/lib/tinyusb/src/tusb.c.obj
                0x10006a88                tu_edpt_release
 .text.tu_edpt_validate
                0x10006ac4       0x78 CMakeFiles/PixelController.dir/C_/Program_Files/Raspberry_Pi/Pico_SDK_v1.5.1/pico-sdk/lib/tinyusb/src/tusb.c.obj
                0x10006ac4                tu_edpt_validate
 .text.tu_edpt_bind_driver
                0x10006b3c       0x26 CMakeFiles/PixelController.dir/C_/Program_Files/Raspberry_Pi/Pico_SDK_v1.5.1/pico-sdk/lib/tinyusb/src/tusb.c.obj
                0x10006b3c                tu_edpt_bind_driver
 .text.advance_index
                0x10006b62       0x1a CMakeFiles/PixelController.dir/C_/Program_Files/Raspberry_Pi/Pico_SDK_v1.5.1/pico-sdk/lib/tinyusb/src/common/tusb_fifo.c.obj
 .text._tu_fifo_peek
                0x10006b7c       0x56 CMakeFiles/PixelController.dir/C_/Program_Files/Raspberry_Pi/Pico_SDK_v1.5.1/pico-sdk/lib/tinyusb/src/common/tusb_fifo.c.obj
 .text._ff_pull_const_addr
                0x10006bd2       0x4c CMakeFiles/PixelController.dir/C_/Program_Files/Raspberry_Pi/Pico_SDK_v1.5.1/pico-sdk/lib/tinyusb/src/common/tusb_fifo.c.obj
 .text._ff_pull_n
                0x10006c1e      0x110 CMakeFiles/PixelController.dir/C_/Program_Files/Raspberry_Pi/Pico_SDK_v1.5.1/pico-sdk/lib/tinyusb/src/common/tusb_fifo.c.obj
 .text._tu_fifo_peek_n
                0x10006d2e       0x6a CMakeFiles/PixelController.dir/C_/Program_Files/Raspberry_Pi/Pico_SDK_v1.5.1/pico-sdk/lib/tinyusb/src/common/tusb_fifo.c.obj
 .text._tu_fifo_read_n
                0x10006d98       0x4e CMakeFiles/PixelController.dir/C_/Program_Files/Raspberry_Pi/Pico_SDK_v1.5.1/pico-sdk/lib/tinyusb/src/common/tusb_fifo.c.obj
 .text._ff_push_const_addr
                0x10006de6       0x40 CMakeFiles/PixelController.dir/C_/Program_Files/Raspberry_Pi/Pico_SDK_v1.5.1/pico-sdk/lib/tinyusb/src/common/tusb_fifo.c.obj
 .text._ff_push_n
                0x10006e26      0x10c CMakeFiles/PixelController.dir/C_/Program_Files/Raspberry_Pi/Pico_SDK_v1.5.1/pico-sdk/lib/tinyusb/src/common/tusb_fifo.c.obj
 .text._tu_fifo_write_n
                0x10006f32       0xf0 CMakeFiles/PixelController.dir/C_/Program_Files/Raspberry_Pi/Pico_SDK_v1.5.1/pico-sdk/lib/tinyusb/src/common/tusb_fifo.c.obj
 .text.tu_fifo_config
                0x10007022       0x7c CMakeFiles/PixelController.dir/C_/Program_Files/Raspberry_Pi/Pico_SDK_v1.5.1/pico-sdk/lib/tinyusb/src/common/tusb_fifo.c.obj
                0x10007022                tu_fifo_config
 .text.tu_fifo_count
                0x1000709e       0x2a CMakeFiles/PixelController.dir/C_/Program_Files/Raspberry_Pi/Pico_SDK_v1.5.1/pico-sdk/lib/tinyusb/src/common/tusb_fifo.c.obj
                0x1000709e                tu_fifo_count
 .text.tu_fifo_empty
                0x100070c8       0x10 CMakeFiles/PixelController.dir/C_/Program_Files/Raspberry_Pi/Pico_SDK_v1.5.1/pico-sdk/lib/tinyusb/src/common/tusb_fifo.c.obj
                0x100070c8                tu_fifo_empty
 .text.tu_fifo_full
                0x100070d8       0x28 CMakeFiles/PixelController.dir/C_/Program_Files/Raspberry_Pi/Pico_SDK_v1.5.1/pico-sdk/lib/tinyusb/src/common/tusb_fifo.c.obj
                0x100070d8                tu_fifo_full
 .text.tu_fifo_remaining
                0x10007100       0x2c CMakeFiles/PixelController.dir/C_/Program_Files/Raspberry_Pi/Pico_SDK_v1.5.1/pico-sdk/lib/tinyusb/src/common/tusb_fifo.c.obj
                0x10007100                tu_fifo_remaining
 .text.tu_fifo_read
                0x1000712c       0x42 CMakeFiles/PixelController.dir/C_/Program_Files/Raspberry_Pi/Pico_SDK_v1.5.1/pico-sdk/lib/tinyusb/src/common/tusb_fifo.c.obj
                0x1000712c                tu_fifo_read
 .text.tu_fifo_read_n
                0x1000716e        0xa CMakeFiles/PixelController.dir/C_/Program_Files/Raspberry_Pi/Pico_SDK_v1.5.1/pico-sdk/lib/tinyusb/src/common/tusb_fifo.c.obj
                0x1000716e                tu_fifo_read_n
 .text.tu_fifo_write
                0x10007178       0x64 CMakeFiles/PixelController.dir/C_/Program_Files/Raspberry_Pi/Pico_SDK_v1.5.1/pico-sdk/lib/tinyusb/src/common/tusb_fifo.c.obj
                0x10007178                tu_fifo_write
 .text.tu_fifo_write_n
                0x100071dc        0xa CMakeFiles/PixelController.dir/C_/Program_Files/Raspberry_Pi/Pico_SDK_v1.5.1/pico-sdk/lib/tinyusb/src/common/tusb_fifo.c.obj
                0x100071dc                tu_fifo_write_n
 .text.tu_fifo_clear
                0x100071e6       0x3e CMakeFiles/PixelController.dir/C_/Program_Files/Raspberry_Pi/Pico_SDK_v1.5.1/pico-sdk/lib/tinyusb/src/common/tusb_fifo.c.obj
                0x100071e6                tu_fifo_clear
 .text.tu_fifo_set_overwritable
                0x10007224       0x46 CMakeFiles/PixelController.dir/C_/Program_Files/Raspberry_Pi/Pico_SDK_v1.5.1/pico-sdk/lib/tinyusb/src/common/tusb_fifo.c.obj
                0x10007224                tu_fifo_set_overwritable
 .text.spi_set_baudrate
                0x1000726a       0xcc CMakeFiles/PixelController.dir/C_/Program_Files/Raspberry_Pi/Pico_SDK_v1.5.1/pico-sdk/src/rp2_common/hardware_spi/spi.c.obj
                0x1000726a                spi_set_baudrate
 *fill*         0x10007336        0x2 
 .text.spi_init
                0x10007338       0x74 CMakeFiles/PixelController.dir/C_/Program_Files/Raspberry_Pi/Pico_SDK_v1.5.1/pico-sdk/src/rp2_common/hardware_spi/spi.c.obj
                0x10007338                spi_init
 .text.atoi     0x100073ac        0xc c:/progra~1/raspbe~1/picosd~1.1/gcc-ar~1/bin/../lib/gcc/arm-none-eabi/10.3.1/../../../../arm-none-eabi/lib/thumb/v6-m/nofp\libg.a(lib_a-atoi.o)
                0x100073ac                atoi
 .text.__errno  0x100073b8        0xc c:/progra~1/raspbe~1/picosd~1.1/gcc-ar~1/bin/../lib/gcc/arm-none-eabi/10.3.1/../../../../arm-none-eabi/lib/thumb/v6-m/nofp\libg.a(lib_a-errno.o)
                0x100073b8                __errno
 .text.__sflush_r
                0x100073c4      0x140 c:/progra~1/raspbe~1/picosd~1.1/gcc-ar~1/bin/../lib/gcc/arm-none-eabi/10.3.1/../../../../arm-none-eabi/lib/thumb/v6-m/nofp\libg.a(lib_a-fflush.o)
                0x100073c4                __sflush_r
 .text._fflush_r
                0x10007504       0x6c c:/progra~1/raspbe~1/picosd~1.1/gcc-ar~1/bin/../lib/gcc/arm-none-eabi/10.3.1/../../../../arm-none-eabi/lib/thumb/v6-m/nofp\libg.a(lib_a-fflush.o)
                0x10007504                _fflush_r
 .text.fflush   0x10007570       0x78 c:/progra~1/raspbe~1/picosd~1.1/gcc-ar~1/bin/../lib/gcc/arm-none-eabi/10.3.1/../../../../arm-none-eabi/lib/thumb/v6-m/nofp\libg.a(lib_a-fflush.o)
                0x10007570                fflush
 .text._cleanup_r
                0x100075e8       0x10 c:/progra~1/raspbe~1/picosd~1.1/gcc-ar~1/bin/../lib/gcc/arm-none-eabi/10.3.1/../../../../arm-none-eabi/lib/thumb/v6-m/nofp\libg.a(lib_a-findfp.o)
                0x100075e8                _cleanup_r
 .text.__sinit  0x100075f8      0x120 c:/progra~1/raspbe~1/picosd~1.1/gcc-ar~1/bin/../lib/gcc/arm-none-eabi/10.3.1/../../../../arm-none-eabi/lib/thumb/v6-m/nofp\libg.a(lib_a-findfp.o)
                0x100075f8                __sinit
 .text.__sfp_lock_acquire
                0x10007718       0x10 c:/progra~1/raspbe~1/picosd~1.1/gcc-ar~1/bin/../lib/gcc/arm-none-eabi/10.3.1/../../../../arm-none-eabi/lib/thumb/v6-m/nofp\libg.a(lib_a-findfp.o)
                0x10007718                __sfp_lock_acquire
 .text.__sfp_lock_release
                0x10007728       0x10 c:/progra~1/raspbe~1/picosd~1.1/gcc-ar~1/bin/../lib/gcc/arm-none-eabi/10.3.1/../../../../arm-none-eabi/lib/thumb/v6-m/nofp\libg.a(lib_a-findfp.o)
                0x10007728                __sfp_lock_release
 .text._malloc_trim_r
                0x10007738       0x9c c:/progra~1/raspbe~1/picosd~1.1/gcc-ar~1/bin/../lib/gcc/arm-none-eabi/10.3.1/../../../../arm-none-eabi/lib/thumb/v6-m/nofp\libg.a(lib_a-freer.o)
                0x10007738                _malloc_trim_r
 .text._free_r  0x100077d4      0x1c4 c:/progra~1/raspbe~1/picosd~1.1/gcc-ar~1/bin/../lib/gcc/arm-none-eabi/10.3.1/../../../../arm-none-eabi/lib/thumb/v6-m/nofp\libg.a(lib_a-freer.o)
                0x100077d4                _free_r
 .text._fwalk_reent
                0x10007998       0x48 c:/progra~1/raspbe~1/picosd~1.1/gcc-ar~1/bin/../lib/gcc/arm-none-eabi/10.3.1/../../../../arm-none-eabi/lib/thumb/v6-m/nofp\libg.a(lib_a-fwalk.o)
                0x10007998                _fwalk_reent
 .text.__retarget_lock_init_recursive
                0x100079e0        0x4 c:/progra~1/raspbe~1/picosd~1.1/gcc-ar~1/bin/../lib/gcc/arm-none-eabi/10.3.1/../../../../arm-none-eabi/lib/thumb/v6-m/nofp\libg.a(lib_a-lock.o)
                0x100079e0                __retarget_lock_init_recursive
 .text.__retarget_lock_close_recursive
                0x100079e4        0x4 c:/progra~1/raspbe~1/picosd~1.1/gcc-ar~1/bin/../lib/gcc/arm-none-eabi/10.3.1/../../../../arm-none-eabi/lib/thumb/v6-m/nofp\libg.a(lib_a-lock.o)
                0x100079e4                __retarget_lock_close_recursive
 .text.__retarget_lock_acquire_recursive
                0x100079e8        0x4 c:/progra~1/raspbe~1/picosd~1.1/gcc-ar~1/bin/../lib/gcc/arm-none-eabi/10.3.1/../../../../arm-none-eabi/lib/thumb/v6-m/nofp\libg.a(lib_a-lock.o)
                0x100079e8                __retarget_lock_acquire_recursive
 .text.__retarget_lock_release_recursive
                0x100079ec        0x4 c:/progra~1/raspbe~1/picosd~1.1/gcc-ar~1/bin/../lib/gcc/arm-none-eabi/10.3.1/../../../../arm-none-eabi/lib/thumb/v6-m/nofp\libg.a(lib_a-lock.o)
                0x100079ec                __retarget_lock_release_recursive
 .text.__malloc_lock
                0x100079f0       0x10 c:/progra~1/raspbe~1/picosd~1.1/gcc-ar~1/bin/../lib/gcc/arm-none-eabi/10.3.1/../../../../arm-none-eabi/lib/thumb/v6-m/nofp\libg.a(lib_a-mlock.o)
                0x100079f0                __malloc_lock
 .text.__malloc_unlock
                0x10007a00       0x10 c:/progra~1/raspbe~1/picosd~1.1/gcc-ar~1/bin/../lib/gcc/arm-none-eabi/10.3.1/../../../../arm-none-eabi/lib/thumb/v6-m/nofp\libg.a(lib_a-mlock.o)
                0x10007a00                __malloc_unlock
 .text._sbrk_r  0x10007a10       0x24 c:/progra~1/raspbe~1/picosd~1.1/gcc-ar~1/bin/../lib/gcc/arm-none-eabi/10.3.1/../../../../arm-none-eabi/lib/thumb/v6-m/nofp\libg.a(lib_a-sbrkr.o)
                0x10007a10                _sbrk_r
 .text.__sread  0x10007a34       0x28 c:/progra~1/raspbe~1/picosd~1.1/gcc-ar~1/bin/../lib/gcc/arm-none-eabi/10.3.1/../../../../arm-none-eabi/lib/thumb/v6-m/nofp\libg.a(lib_a-stdio.o)
                0x10007a34                __sread
 .text.__swrite
                0x10007a5c       0x40 c:/progra~1/raspbe~1/picosd~1.1/gcc-ar~1/bin/../lib/gcc/arm-none-eabi/10.3.1/../../../../arm-none-eabi/lib/thumb/v6-m/nofp\libg.a(lib_a-stdio.o)
                0x10007a5c                __swrite
 .text.__sseek  0x10007a9c       0x2c c:/progra~1/raspbe~1/picosd~1.1/gcc-ar~1/bin/../lib/gcc/arm-none-eabi/10.3.1/../../../../arm-none-eabi/lib/thumb/v6-m/nofp\libg.a(lib_a-stdio.o)
                0x10007a9c                __sseek
 .text.__sclose
                0x10007ac8        0xc c:/progra~1/raspbe~1/picosd~1.1/gcc-ar~1/bin/../lib/gcc/arm-none-eabi/10.3.1/../../../../arm-none-eabi/lib/thumb/v6-m/nofp\libg.a(lib_a-stdio.o)
                0x10007ac8                __sclose
 .text.strchr   0x10007ad4       0xc0 c:/progra~1/raspbe~1/picosd~1.1/gcc-ar~1/bin/../lib/gcc/arm-none-eabi/10.3.1/../../../../arm-none-eabi/lib/thumb/v6-m/nofp\libg.a(lib_a-strchr.o)
                0x10007ad4                strchr
 .text          0x10007b94       0x88 c:/progra~1/raspbe~1/picosd~1.1/gcc-ar~1/bin/../lib/gcc/arm-none-eabi/10.3.1/../../../../arm-none-eabi/lib/thumb/v6-m/nofp\libg.a(lib_a-strcmp.o)
                0x10007b94                strcmp
 .text.strlen   0x10007c1c       0x5c c:/progra~1/raspbe~1/picosd~1.1/gcc-ar~1/bin/../lib/gcc/arm-none-eabi/10.3.1/../../../../arm-none-eabi/lib/thumb/v6-m/nofp\libg.a(lib_a-strlen-stub.o)
                0x10007c1c                strlen
 .text.strtok   0x10007c78       0x14 c:/progra~1/raspbe~1/picosd~1.1/gcc-ar~1/bin/../lib/gcc/arm-none-eabi/10.3.1/../../../../arm-none-eabi/lib/thumb/v6-m/nofp\libg.a(lib_a-strtok.o)
                0x10007c78                strtok
 .text.__strtok_r
                0x10007c8c       0x6c c:/progra~1/raspbe~1/picosd~1.1/gcc-ar~1/bin/../lib/gcc/arm-none-eabi/10.3.1/../../../../arm-none-eabi/lib/thumb/v6-m/nofp\libg.a(lib_a-strtok_r.o)
                0x10007c8c                __strtok_r
 .text._strtol_l.part.0
                0x10007cf8      0x144 c:/progra~1/raspbe~1/picosd~1.1/gcc-ar~1/bin/../lib/gcc/arm-none-eabi/10.3.1/../../../../arm-none-eabi/lib/thumb/v6-m/nofp\libg.a(lib_a-strtol.o)
 .text.strtol   0x10007e3c       0x2c c:/progra~1/raspbe~1/picosd~1.1/gcc-ar~1/bin/../lib/gcc/arm-none-eabi/10.3.1/../../../../arm-none-eabi/lib/thumb/v6-m/nofp\libg.a(lib_a-strtol.o)
                0x10007e3c                strtol
 .text._write_r
                0x10007e68       0x28 c:/progra~1/raspbe~1/picosd~1.1/gcc-ar~1/bin/../lib/gcc/arm-none-eabi/10.3.1/../../../../arm-none-eabi/lib/thumb/v6-m/nofp\libg.a(lib_a-writer.o)
                0x10007e68                _write_r
 .text._close_r
                0x10007e90       0x24 c:/progra~1/raspbe~1/picosd~1.1/gcc-ar~1/bin/../lib/gcc/arm-none-eabi/10.3.1/../../../../arm-none-eabi/lib/thumb/v6-m/nofp\libg.a(lib_a-closer.o)
                0x10007e90                _close_r
 .text._fclose_r
                0x10007eb4       0xdc c:/progra~1/raspbe~1/picosd~1.1/gcc-ar~1/bin/../lib/gcc/arm-none-eabi/10.3.1/../../../../arm-none-eabi/lib/thumb/v6-m/nofp\libg.a(lib_a-fclose.o)
                0x10007eb4                _fclose_r
 .text._lseek_r
                0x10007f90       0x28 c:/progra~1/raspbe~1/picosd~1.1/gcc-ar~1/bin/../lib/gcc/arm-none-eabi/10.3.1/../../../../arm-none-eabi/lib/thumb/v6-m/nofp\libg.a(lib_a-lseekr.o)
                0x10007f90                _lseek_r
 .text._read_r  0x10007fb8       0x28 c:/progra~1/raspbe~1/picosd~1.1/gcc-ar~1/bin/../lib/gcc/arm-none-eabi/10.3.1/../../../../arm-none-eabi/lib/thumb/v6-m/nofp\libg.a(lib_a-readr.o)
                0x10007fb8                _read_r
 *(.fini)
 .fini          0x10007fe0        0x4 c:/progra~1/raspbe~1/picosd~1.1/gcc-ar~1/bin/../lib/gcc/arm-none-eabi/10.3.1/thumb/v6-m/nofp/crti.o
                0x10007fe0                _fini
 *fill*         0x10007fe4        0x4 
 .fini.__stub   0x10007fe8       0xf0 linker stubs
 *crtbegin.o(.ctors)
 *crtbegin?.o(.ctors)
 *(EXCLUDE_FILE(*crtend.o *crtend?.o) .ctors)
 *(SORT_BY_NAME(.ctors.*))
 *(.ctors)
 *crtbegin.o(.dtors)
 *crtbegin?.o(.dtors)
 *(EXCLUDE_FILE(*crtend.o *crtend?.o) .dtors)
 *(SORT_BY_NAME(.dtors.*))
 *(.dtors)
 *(.eh_frame*)
 .eh_frame      0x100080d8        0x0 c:/progra~1/raspbe~1/picosd~1.1/gcc-ar~1/bin/../lib/gcc/arm-none-eabi/10.3.1/thumb/v6-m/nofp/crtbegin.o
                0x100080d8                . = ALIGN (0x4)

.glue_7         0x100080d8        0x0
 .glue_7        0x100080d8        0x0 linker stubs

.glue_7t        0x100080d8        0x0
 .glue_7t       0x100080d8        0x0 linker stubs

.vfp11_veneer   0x100080d8        0x0
 .vfp11_veneer  0x100080d8        0x0 linker stubs

.v4_bx          0x100080d8        0x0
 .v4_bx         0x100080d8        0x0 linker stubs

.iplt           0x100080d8        0x0
 .iplt          0x100080d8        0x0 c:/progra~1/raspbe~1/picosd~1.1/gcc-ar~1/bin/../lib/gcc/arm-none-eabi/10.3.1/thumb/v6-m/nofp/crtbegin.o

.rodata         0x100080d8     0x1aec
 *(EXCLUDE_FILE(*libm.a: *libc.a:*lib_a-mem*.o *libgcc.a:) .rodata*)
 .rodata.bus_sender.str1.4
                0x100080d8       0x58 CMakeFiles/PixelController.dir/main.c.obj
 .rodata.initIO.str1.4
                0x10008130       0x3b CMakeFiles/PixelController.dir/main.c.obj
 *fill*         0x1000816b        0x1 
 .rodata.main.str1.4
                0x1000816c      0x186 CMakeFiles/PixelController.dir/main.c.obj
 *fill*         0x100082f2        0x2 
 .rodata.spin_lock_claim_unused.str1.4
                0x100082f4       0x1b CMakeFiles/PixelController.dir/C_/Program_Files/Raspberry_Pi/Pico_SDK_v1.5.1/pico-sdk/src/rp2_common/hardware_sync/sync.c.obj
 *fill*         0x1000830f        0x1 
 .rodata.make_branch.str1.4
                0x10008310       0x89 CMakeFiles/PixelController.dir/C_/Program_Files/Raspberry_Pi/Pico_SDK_v1.5.1/pico-sdk/src/rp2_common/hardware_irq/irq.c.obj
 *fill*         0x10008399        0x3 
 .rodata.insert_branch_and_link.str1.4
                0x1000839c       0x10 CMakeFiles/PixelController.dir/C_/Program_Files/Raspberry_Pi/Pico_SDK_v1.5.1/pico-sdk/src/rp2_common/hardware_irq/irq.c.obj
 .rodata.irq_set_exclusive_handler.str1.4
                0x100083ac       0x36 CMakeFiles/PixelController.dir/C_/Program_Files/Raspberry_Pi/Pico_SDK_v1.5.1/pico-sdk/src/rp2_common/hardware_irq/irq.c.obj
 *fill*         0x100083e2        0x2 
 .rodata.irq_add_shared_handler.str1.4
                0x100083e4       0xd9 CMakeFiles/PixelController.dir/C_/Program_Files/Raspberry_Pi/Pico_SDK_v1.5.1/pico-sdk/src/rp2_common/hardware_irq/irq.c.obj
 *fill*         0x100084bd        0x3 
 .rodata.irq_remove_handler.str1.4
                0x100084c0       0x3a CMakeFiles/PixelController.dir/C_/Program_Files/Raspberry_Pi/Pico_SDK_v1.5.1/pico-sdk/src/rp2_common/hardware_irq/irq.c.obj
 *fill*         0x100084fa        0x2 
 .rodata.irq_add_tail_to_free_list.str1.4
                0x100084fc       0x3a CMakeFiles/PixelController.dir/C_/Program_Files/Raspberry_Pi/Pico_SDK_v1.5.1/pico-sdk/src/rp2_common/hardware_irq/irq.c.obj
 *fill*         0x10008536        0x2 
 .rodata.user_irq_claim_unused.str1.4
                0x10008538       0x1b CMakeFiles/PixelController.dir/C_/Program_Files/Raspberry_Pi/Pico_SDK_v1.5.1/pico-sdk/src/rp2_common/hardware_irq/irq.c.obj
 *fill*         0x10008553        0x1 
 .rodata.__func__.0
                0x10008554       0x1a CMakeFiles/PixelController.dir/C_/Program_Files/Raspberry_Pi/Pico_SDK_v1.5.1/pico-sdk/src/rp2_common/hardware_irq/irq.c.obj
 *fill*         0x1000856e        0x2 
 .rodata.__func__.1
                0x10008570       0x17 CMakeFiles/PixelController.dir/C_/Program_Files/Raspberry_Pi/Pico_SDK_v1.5.1/pico-sdk/src/rp2_common/hardware_irq/irq.c.obj
 *fill*         0x10008587        0x1 
 .rodata.__func__.2
                0x10008588       0x13 CMakeFiles/PixelController.dir/C_/Program_Files/Raspberry_Pi/Pico_SDK_v1.5.1/pico-sdk/src/rp2_common/hardware_irq/irq.c.obj
 *fill*         0x1000859b        0x1 
 .rodata.__func__.3
                0x1000859c        0xc CMakeFiles/PixelController.dir/C_/Program_Files/Raspberry_Pi/Pico_SDK_v1.5.1/pico-sdk/src/rp2_common/hardware_irq/irq.c.obj
 .rodata.__func__.4
                0x100085a8        0xf CMakeFiles/PixelController.dir/C_/Program_Files/Raspberry_Pi/Pico_SDK_v1.5.1/pico-sdk/src/rp2_common/hardware_irq/irq.c.obj
 *fill*         0x100085b7        0x1 
 .rodata.__func__.5
                0x100085b8       0x17 CMakeFiles/PixelController.dir/C_/Program_Files/Raspberry_Pi/Pico_SDK_v1.5.1/pico-sdk/src/rp2_common/hardware_irq/irq.c.obj
 *fill*         0x100085cf        0x1 
 .rodata.__func__.6
                0x100085d0       0x1a CMakeFiles/PixelController.dir/C_/Program_Files/Raspberry_Pi/Pico_SDK_v1.5.1/pico-sdk/src/rp2_common/hardware_irq/irq.c.obj
 *fill*         0x100085ea        0x2 
 .rodata.str1.4
                0x100085ec      0x125 CMakeFiles/PixelController.dir/C_/Program_Files/Raspberry_Pi/Pico_SDK_v1.5.1/pico-sdk/src/common/pico_sync/mutex.c.obj
 *fill*         0x10008711        0x3 
 .rodata.__func__.1
                0x10008714        0xb CMakeFiles/PixelController.dir/C_/Program_Files/Raspberry_Pi/Pico_SDK_v1.5.1/pico-sdk/src/common/pico_sync/mutex.c.obj
 *fill*         0x1000871f        0x1 
 .rodata.__func__.3
                0x10008720       0x18 CMakeFiles/PixelController.dir/C_/Program_Files/Raspberry_Pi/Pico_SDK_v1.5.1/pico-sdk/src/common/pico_sync/mutex.c.obj
 .rodata.__func__.4
                0x10008738       0x15 CMakeFiles/PixelController.dir/C_/Program_Files/Raspberry_Pi/Pico_SDK_v1.5.1/pico-sdk/src/common/pico_sync/mutex.c.obj
 *fill*         0x1000874d        0x3 
 .rodata.repeating_timer_callback.str1.4
                0x10008750       0x67 CMakeFiles/PixelController.dir/C_/Program_Files/Raspberry_Pi/Pico_SDK_v1.5.1/pico-sdk/src/common/pico_time/time.c.obj
 *fill*         0x100087b7        0x1 
 .rodata.timer_pool_entry_comparator.str1.4
                0x100087b8       0x22 CMakeFiles/PixelController.dir/C_/Program_Files/Raspberry_Pi/Pico_SDK_v1.5.1/pico-sdk/src/common/pico_time/time.c.obj
 *fill*         0x100087da        0x2 
 .rodata.ph_add_child_node.str1.4
                0x100087dc       0xb2 CMakeFiles/PixelController.dir/C_/Program_Files/Raspberry_Pi/Pico_SDK_v1.5.1/pico-sdk/src/common/pico_time/time.c.obj
 *fill*         0x1000888e        0x2 
 .rodata.add_alarm_under_lock.str1.4
                0x10008890       0x28 CMakeFiles/PixelController.dir/C_/Program_Files/Raspberry_Pi/Pico_SDK_v1.5.1/pico-sdk/src/common/pico_time/time.c.obj
                                 0x2b (size before relaxing)
 .rodata.alarm_pool_alarm_callback.str1.4
                0x100088b8       0x98 CMakeFiles/PixelController.dir/C_/Program_Files/Raspberry_Pi/Pico_SDK_v1.5.1/pico-sdk/src/common/pico_time/time.c.obj
                                0x118 (size before relaxing)
 .rodata.alarm_pool_get_default.str1.4
                0x10008950       0x21 CMakeFiles/PixelController.dir/C_/Program_Files/Raspberry_Pi/Pico_SDK_v1.5.1/pico-sdk/src/common/pico_time/time.c.obj
 *fill*         0x10008971        0x3 
 .rodata.alarm_pool_cancel_alarm.str1.4
                0x10008974       0x27 CMakeFiles/PixelController.dir/C_/Program_Files/Raspberry_Pi/Pico_SDK_v1.5.1/pico-sdk/src/common/pico_time/time.c.obj
 *fill*         0x1000899b        0x1 
 .rodata.sleep_until.str1.4
                0x1000899c       0x4d CMakeFiles/PixelController.dir/C_/Program_Files/Raspberry_Pi/Pico_SDK_v1.5.1/pico-sdk/src/common/pico_time/time.c.obj
 *fill*         0x100089e9        0x3 
 .rodata.__func__.1
                0x100089ec       0x18 CMakeFiles/PixelController.dir/C_/Program_Files/Raspberry_Pi/Pico_SDK_v1.5.1/pico-sdk/src/common/pico_time/time.c.obj
 .rodata.__func__.10
                0x10008a04       0x15 CMakeFiles/PixelController.dir/C_/Program_Files/Raspberry_Pi/Pico_SDK_v1.5.1/pico-sdk/src/common/pico_time/time.c.obj
 *fill*         0x10008a19        0x3 
 .rodata.__func__.11
                0x10008a1c       0x1a CMakeFiles/PixelController.dir/C_/Program_Files/Raspberry_Pi/Pico_SDK_v1.5.1/pico-sdk/src/common/pico_time/time.c.obj
 *fill*         0x10008a36        0x2 
 .rodata.__func__.12
                0x10008a38        0xa CMakeFiles/PixelController.dir/C_/Program_Files/Raspberry_Pi/Pico_SDK_v1.5.1/pico-sdk/src/common/pico_time/time.c.obj
 *fill*         0x10008a42        0x2 
 .rodata.__func__.3
                0x10008a44       0x17 CMakeFiles/PixelController.dir/C_/Program_Files/Raspberry_Pi/Pico_SDK_v1.5.1/pico-sdk/src/common/pico_time/time.c.obj
 *fill*         0x10008a5b        0x1 
 .rodata.__func__.4
                0x10008a5c       0x12 CMakeFiles/PixelController.dir/C_/Program_Files/Raspberry_Pi/Pico_SDK_v1.5.1/pico-sdk/src/common/pico_time/time.c.obj
 *fill*         0x10008a6e        0x2 
 .rodata.__func__.5
                0x10008a70        0xd CMakeFiles/PixelController.dir/C_/Program_Files/Raspberry_Pi/Pico_SDK_v1.5.1/pico-sdk/src/common/pico_time/time.c.obj
 *fill*         0x10008a7d        0x3 
 .rodata.__func__.6
                0x10008a80       0x12 CMakeFiles/PixelController.dir/C_/Program_Files/Raspberry_Pi/Pico_SDK_v1.5.1/pico-sdk/src/common/pico_time/time.c.obj
 *fill*         0x10008a92        0x2 
 .rodata.__func__.7
                0x10008a94        0xf CMakeFiles/PixelController.dir/C_/Program_Files/Raspberry_Pi/Pico_SDK_v1.5.1/pico-sdk/src/common/pico_time/time.c.obj
 *fill*         0x10008aa3        0x1 
 .rodata.__func__.8
                0x10008aa4        0xc CMakeFiles/PixelController.dir/C_/Program_Files/Raspberry_Pi/Pico_SDK_v1.5.1/pico-sdk/src/common/pico_time/time.c.obj
 .rodata.__func__.9
                0x10008ab0       0x15 CMakeFiles/PixelController.dir/C_/Program_Files/Raspberry_Pi/Pico_SDK_v1.5.1/pico-sdk/src/common/pico_time/time.c.obj
 *fill*         0x10008ac5        0x3 
 .rodata.at_the_end_of_time
                0x10008ac8        0x8 CMakeFiles/PixelController.dir/C_/Program_Files/Raspberry_Pi/Pico_SDK_v1.5.1/pico-sdk/src/common/pico_time/time.c.obj
                0x10008ac8                at_the_end_of_time
 .rodata.hardware_alarm_claim.str1.4
                0x10008ad0       0x22 CMakeFiles/PixelController.dir/C_/Program_Files/Raspberry_Pi/Pico_SDK_v1.5.1/pico-sdk/src/rp2_common/hardware_timer/timer.c.obj
 .rodata.busy_wait_us.str1.4
                0x10008af2       0x7d CMakeFiles/PixelController.dir/C_/Program_Files/Raspberry_Pi/Pico_SDK_v1.5.1/pico-sdk/src/rp2_common/hardware_timer/timer.c.obj
 *fill*         0x10008af2        0x2 
 .rodata.hardware_alarm_set_target.str1.4
                0x10008af4       0x81 CMakeFiles/PixelController.dir/C_/Program_Files/Raspberry_Pi/Pico_SDK_v1.5.1/pico-sdk/src/rp2_common/hardware_timer/timer.c.obj
 *fill*         0x10008b75        0x3 
 .rodata.__func__.0
                0x10008b78       0x1a CMakeFiles/PixelController.dir/C_/Program_Files/Raspberry_Pi/Pico_SDK_v1.5.1/pico-sdk/src/rp2_common/hardware_timer/timer.c.obj
 *fill*         0x10008b92        0x2 
 .rodata.__func__.1
                0x10008b94       0x15 CMakeFiles/PixelController.dir/C_/Program_Files/Raspberry_Pi/Pico_SDK_v1.5.1/pico-sdk/src/rp2_common/hardware_timer/timer.c.obj
 .rodata.ph_add_child_node.str1.4
                0x10008ba9       0xb2 CMakeFiles/PixelController.dir/C_/Program_Files/Raspberry_Pi/Pico_SDK_v1.5.1/pico-sdk/src/common/pico_util/pheap.c.obj
 *fill*         0x10008ba9        0x3 
 .rodata.ph_remove_any_head.str1.4
                0x10008bac       0xa8 CMakeFiles/PixelController.dir/C_/Program_Files/Raspberry_Pi/Pico_SDK_v1.5.1/pico-sdk/src/common/pico_util/pheap.c.obj
                                 0xbc (size before relaxing)
 .rodata.ph_remove_and_free_node.str1.4
                0x10008c54       0x1e CMakeFiles/PixelController.dir/C_/Program_Files/Raspberry_Pi/Pico_SDK_v1.5.1/pico-sdk/src/common/pico_util/pheap.c.obj
                                 0x26 (size before relaxing)
 *fill*         0x10008c72        0x2 
 .rodata.__func__.0
                0x10008c74       0x18 CMakeFiles/PixelController.dir/C_/Program_Files/Raspberry_Pi/Pico_SDK_v1.5.1/pico-sdk/src/common/pico_util/pheap.c.obj
 .rodata.__func__.1
                0x10008c8c       0x13 CMakeFiles/PixelController.dir/C_/Program_Files/Raspberry_Pi/Pico_SDK_v1.5.1/pico-sdk/src/common/pico_util/pheap.c.obj
 *fill*         0x10008c9f        0x1 
 .rodata.__func__.2
                0x10008ca0       0x12 CMakeFiles/PixelController.dir/C_/Program_Files/Raspberry_Pi/Pico_SDK_v1.5.1/pico-sdk/src/common/pico_util/pheap.c.obj
 *fill*         0x10008cb2        0x2 
 .rodata.__func__.3
                0x10008cb4        0xc CMakeFiles/PixelController.dir/C_/Program_Files/Raspberry_Pi/Pico_SDK_v1.5.1/pico-sdk/src/common/pico_util/pheap.c.obj
 .rodata.clock_configure.str1.4
                0x10008cc0       0x73 CMakeFiles/PixelController.dir/C_/Program_Files/Raspberry_Pi/Pico_SDK_v1.5.1/pico-sdk/src/rp2_common/hardware_clocks/clocks.c.obj
 *fill*         0x10008d33        0x1 
 .rodata.__func__.1
                0x10008d34       0x10 CMakeFiles/PixelController.dir/C_/Program_Files/Raspberry_Pi/Pico_SDK_v1.5.1/pico-sdk/src/rp2_common/hardware_clocks/clocks.c.obj
 .rodata.pll_init.str1.4
                0x10008d44      0x140 CMakeFiles/PixelController.dir/C_/Program_Files/Raspberry_Pi/Pico_SDK_v1.5.1/pico-sdk/src/rp2_common/hardware_pll/pll.c.obj
 .rodata.__func__.0
                0x10008e84        0x9 CMakeFiles/PixelController.dir/C_/Program_Files/Raspberry_Pi/Pico_SDK_v1.5.1/pico-sdk/src/rp2_common/hardware_pll/pll.c.obj
 *fill*         0x10008e8d        0x3 
 .rodata.__assert_func.str1.4
                0x10008e90       0x3f CMakeFiles/PixelController.dir/C_/Program_Files/Raspberry_Pi/Pico_SDK_v1.5.1/pico-sdk/src/rp2_common/pico_runtime/runtime.c.obj
                                 0x43 (size before relaxing)
 *fill*         0x10008ecf        0x1 
 .rodata.runtime_init.str1.4
                0x10008ed0       0x7d CMakeFiles/PixelController.dir/C_/Program_Files/Raspberry_Pi/Pico_SDK_v1.5.1/pico-sdk/src/rp2_common/pico_runtime/runtime.c.obj
 *fill*         0x10008f4d        0x3 
 .rodata.panic.str1.4
                0x10008f50       0x10 CMakeFiles/PixelController.dir/C_/Program_Files/Raspberry_Pi/Pico_SDK_v1.5.1/pico-sdk/src/rp2_common/pico_runtime/runtime.c.obj
                                 0x12 (size before relaxing)
 .rodata.__func__.2
                0x10008f60        0xd CMakeFiles/PixelController.dir/C_/Program_Files/Raspberry_Pi/Pico_SDK_v1.5.1/pico-sdk/src/rp2_common/pico_runtime/runtime.c.obj
 *fill*         0x10008f6d        0x3 
 .rodata._ftoa.str1.4
                0x10008f70       0x15 CMakeFiles/PixelController.dir/C_/Program_Files/Raspberry_Pi/Pico_SDK_v1.5.1/pico-sdk/src/rp2_common/pico_printf/printf.c.obj
 *fill*         0x10008f85        0x3 
 .rodata._vsnprintf
                0x10008f88      0x1e0 CMakeFiles/PixelController.dir/C_/Program_Files/Raspberry_Pi/Pico_SDK_v1.5.1/pico-sdk/src/rp2_common/pico_printf/printf.c.obj
 .rodata.pow10.0
                0x10009168       0x50 CMakeFiles/PixelController.dir/C_/Program_Files/Raspberry_Pi/Pico_SDK_v1.5.1/pico-sdk/src/rp2_common/pico_printf/printf.c.obj
 .rodata.__aeabi_double_init.str1.4
                0x100091b8       0xb8 CMakeFiles/PixelController.dir/C_/Program_Files/Raspberry_Pi/Pico_SDK_v1.5.1/pico-sdk/src/rp2_common/pico_double/double_init_rom.c.obj
 .rodata.__func__.0
                0x10009270       0x14 CMakeFiles/PixelController.dir/C_/Program_Files/Raspberry_Pi/Pico_SDK_v1.5.1/pico-sdk/src/rp2_common/pico_double/double_init_rom.c.obj
 .rodata.__aeabi_float_init.str1.4
                0x10009284       0x96 CMakeFiles/PixelController.dir/C_/Program_Files/Raspberry_Pi/Pico_SDK_v1.5.1/pico-sdk/src/rp2_common/pico_float/float_init_rom.c.obj
                                 0x9a (size before relaxing)
 *fill*         0x1000931a        0x2 
 .rodata.__func__.0
                0x1000931c       0x13 CMakeFiles/PixelController.dir/C_/Program_Files/Raspberry_Pi/Pico_SDK_v1.5.1/pico-sdk/src/rp2_common/pico_float/float_init_rom.c.obj
 *fill*         0x1000932f        0x1 
 .rodata.str1.4
                0x10009330       0x44 CMakeFiles/PixelController.dir/C_/Program_Files/Raspberry_Pi/Pico_SDK_v1.5.1/pico-sdk/src/rp2_common/pico_standard_link/binary_info.c.obj
 .rodata.__bi_44
                0x10009374        0xc CMakeFiles/PixelController.dir/C_/Program_Files/Raspberry_Pi/Pico_SDK_v1.5.1/pico-sdk/src/rp2_common/pico_standard_link/binary_info.c.obj
 .rodata.__bi_75
                0x10009380        0xc CMakeFiles/PixelController.dir/C_/Program_Files/Raspberry_Pi/Pico_SDK_v1.5.1/pico-sdk/src/rp2_common/pico_standard_link/binary_info.c.obj
 .rodata.__bi_81
                0x1000938c        0xc CMakeFiles/PixelController.dir/C_/Program_Files/Raspberry_Pi/Pico_SDK_v1.5.1/pico-sdk/src/rp2_common/pico_standard_link/binary_info.c.obj
 .rodata.stdout_serialize_begin.str1.4
                0x10009398       0x7d CMakeFiles/PixelController.dir/C_/Program_Files/Raspberry_Pi/Pico_SDK_v1.5.1/pico-sdk/src/rp2_common/pico_stdio/stdio.c.obj
 .rodata.__wrap_getchar.str1.4
                0x10009398       0x65 CMakeFiles/PixelController.dir/C_/Program_Files/Raspberry_Pi/Pico_SDK_v1.5.1/pico-sdk/src/rp2_common/pico_stdio/stdio.c.obj
 *fill*         0x100093fd        0x3 
 .rodata.__func__.1
                0x10009400        0xf CMakeFiles/PixelController.dir/C_/Program_Files/Raspberry_Pi/Pico_SDK_v1.5.1/pico-sdk/src/rp2_common/pico_stdio/stdio.c.obj
 *fill*         0x1000940f        0x1 
 .rodata.__func__.3
                0x10009410       0x15 CMakeFiles/PixelController.dir/C_/Program_Files/Raspberry_Pi/Pico_SDK_v1.5.1/pico-sdk/src/rp2_common/pico_stdio/stdio.c.obj
 *fill*         0x10009425        0x3 
 .rodata.crlf_str.2
                0x10009428        0x2 CMakeFiles/PixelController.dir/C_/Program_Files/Raspberry_Pi/Pico_SDK_v1.5.1/pico-sdk/src/rp2_common/pico_stdio/stdio.c.obj
 *fill*         0x1000942a        0x2 
 .rodata._resetd_driver
                0x1000942c       0x18 CMakeFiles/PixelController.dir/C_/Program_Files/Raspberry_Pi/Pico_SDK_v1.5.1/pico-sdk/src/rp2_common/pico_stdio_usb/reset_interface.c.obj
 .rodata.low_priority_worker_irq.str1.4
                0x10009444       0x7d CMakeFiles/PixelController.dir/C_/Program_Files/Raspberry_Pi/Pico_SDK_v1.5.1/pico-sdk/src/rp2_common/pico_stdio_usb/stdio_usb.c.obj
 .rodata.stdio_usb_init.str1.4
                0x10009444       0x61 CMakeFiles/PixelController.dir/C_/Program_Files/Raspberry_Pi/Pico_SDK_v1.5.1/pico-sdk/src/rp2_common/pico_stdio_usb/stdio_usb.c.obj
                                 0x69 (size before relaxing)
 *fill*         0x100094a5        0x3 
 .rodata.str1.4
                0x100094a8       0x13 CMakeFiles/PixelController.dir/C_/Program_Files/Raspberry_Pi/Pico_SDK_v1.5.1/pico-sdk/src/rp2_common/pico_stdio_usb/stdio_usb.c.obj
 *fill*         0x100094bb        0x1 
 .rodata.__bi_182.0
                0x100094bc        0xc CMakeFiles/PixelController.dir/C_/Program_Files/Raspberry_Pi/Pico_SDK_v1.5.1/pico-sdk/src/rp2_common/pico_stdio_usb/stdio_usb.c.obj
 .rodata.__func__.1
                0x100094c8        0xf CMakeFiles/PixelController.dir/C_/Program_Files/Raspberry_Pi/Pico_SDK_v1.5.1/pico-sdk/src/rp2_common/pico_stdio_usb/stdio_usb.c.obj
 *fill*         0x100094d7        0x1 
 .rodata.__func__.3